Archive member included to satisfy reference by file (symbol)

c:/program files (x86)/gnu arm embedded toolchain/10 2021.10/bin/../lib/gcc/arm-none-eabi/10.3.1/../../../../arm-none-eabi/lib/thumb/v7e-m+fp/hard\libc_nano.a(lib_a-calloc.o)
                              build/CANopen.o (calloc)
c:/program files (x86)/gnu arm embedded toolchain/10 2021.10/bin/../lib/gcc/arm-none-eabi/10.3.1/../../../../arm-none-eabi/lib/thumb/v7e-m+fp/hard\libc_nano.a(lib_a-exit.o)
                              c:/program files (x86)/gnu arm embedded toolchain/10 2021.10/bin/../lib/gcc/arm-none-eabi/10.3.1/../../../../arm-none-eabi/lib/thumb/v7e-m+fp/hard/crt0.o (exit)
c:/program files (x86)/gnu arm embedded toolchain/10 2021.10/bin/../lib/gcc/arm-none-eabi/10.3.1/../../../../arm-none-eabi/lib/thumb/v7e-m+fp/hard\libc_nano.a(lib_a-fflush.o)
                              build/CO_app_STM32.o (fflush)
c:/program files (x86)/gnu arm embedded toolchain/10 2021.10/bin/../lib/gcc/arm-none-eabi/10.3.1/../../../../arm-none-eabi/lib/thumb/v7e-m+fp/hard\libc_nano.a(lib_a-findfp.o)
                              c:/program files (x86)/gnu arm embedded toolchain/10 2021.10/bin/../lib/gcc/arm-none-eabi/10.3.1/../../../../arm-none-eabi/lib/thumb/v7e-m+fp/hard\libc_nano.a(lib_a-fflush.o) (__sinit)
c:/program files (x86)/gnu arm embedded toolchain/10 2021.10/bin/../lib/gcc/arm-none-eabi/10.3.1/../../../../arm-none-eabi/lib/thumb/v7e-m+fp/hard\libc_nano.a(lib_a-fwalk.o)
                              c:/program files (x86)/gnu arm embedded toolchain/10 2021.10/bin/../lib/gcc/arm-none-eabi/10.3.1/../../../../arm-none-eabi/lib/thumb/v7e-m+fp/hard\libc_nano.a(lib_a-findfp.o) (_fwalk)
c:/program files (x86)/gnu arm embedded toolchain/10 2021.10/bin/../lib/gcc/arm-none-eabi/10.3.1/../../../../arm-none-eabi/lib/thumb/v7e-m+fp/hard\libc_nano.a(lib_a-impure.o)
                              c:/program files (x86)/gnu arm embedded toolchain/10 2021.10/bin/../lib/gcc/arm-none-eabi/10.3.1/../../../../arm-none-eabi/lib/thumb/v7e-m+fp/hard\libc_nano.a(lib_a-exit.o) (_global_impure_ptr)
c:/program files (x86)/gnu arm embedded toolchain/10 2021.10/bin/../lib/gcc/arm-none-eabi/10.3.1/../../../../arm-none-eabi/lib/thumb/v7e-m+fp/hard\libc_nano.a(lib_a-init.o)
                              c:/program files (x86)/gnu arm embedded toolchain/10 2021.10/bin/../lib/gcc/arm-none-eabi/10.3.1/../../../../arm-none-eabi/lib/thumb/v7e-m+fp/hard/crt0.o (__libc_init_array)
c:/program files (x86)/gnu arm embedded toolchain/10 2021.10/bin/../lib/gcc/arm-none-eabi/10.3.1/../../../../arm-none-eabi/lib/thumb/v7e-m+fp/hard\libc_nano.a(lib_a-lock.o)
                              c:/program files (x86)/gnu arm embedded toolchain/10 2021.10/bin/../lib/gcc/arm-none-eabi/10.3.1/../../../../arm-none-eabi/lib/thumb/v7e-m+fp/hard\libc_nano.a(lib_a-findfp.o) (__retarget_lock_init_recursive)
c:/program files (x86)/gnu arm embedded toolchain/10 2021.10/bin/../lib/gcc/arm-none-eabi/10.3.1/../../../../arm-none-eabi/lib/thumb/v7e-m+fp/hard\libc_nano.a(lib_a-malloc.o)
                              build/CANopen.o (free)
c:/program files (x86)/gnu arm embedded toolchain/10 2021.10/bin/../lib/gcc/arm-none-eabi/10.3.1/../../../../arm-none-eabi/lib/thumb/v7e-m+fp/hard\libc_nano.a(lib_a-memcpy-stub.o)
                              build/queue.o (memcpy)
c:/program files (x86)/gnu arm embedded toolchain/10 2021.10/bin/../lib/gcc/arm-none-eabi/10.3.1/../../../../arm-none-eabi/lib/thumb/v7e-m+fp/hard\libc_nano.a(lib_a-memmove.o)
                              build/CO_SDOserver.o (memmove)
c:/program files (x86)/gnu arm embedded toolchain/10 2021.10/bin/../lib/gcc/arm-none-eabi/10.3.1/../../../../arm-none-eabi/lib/thumb/v7e-m+fp/hard\libc_nano.a(lib_a-memset.o)
                              c:/program files (x86)/gnu arm embedded toolchain/10 2021.10/bin/../lib/gcc/arm-none-eabi/10.3.1/../../../../arm-none-eabi/lib/thumb/v7e-m+fp/hard/crt0.o (memset)
c:/program files (x86)/gnu arm embedded toolchain/10 2021.10/bin/../lib/gcc/arm-none-eabi/10.3.1/../../../../arm-none-eabi/lib/thumb/v7e-m+fp/hard\libc_nano.a(lib_a-nano-callocr.o)
                              c:/program files (x86)/gnu arm embedded toolchain/10 2021.10/bin/../lib/gcc/arm-none-eabi/10.3.1/../../../../arm-none-eabi/lib/thumb/v7e-m+fp/hard\libc_nano.a(lib_a-calloc.o) (_calloc_r)
c:/program files (x86)/gnu arm embedded toolchain/10 2021.10/bin/../lib/gcc/arm-none-eabi/10.3.1/../../../../arm-none-eabi/lib/thumb/v7e-m+fp/hard\libc_nano.a(lib_a-nano-freer.o)
                              c:/program files (x86)/gnu arm embedded toolchain/10 2021.10/bin/../lib/gcc/arm-none-eabi/10.3.1/../../../../arm-none-eabi/lib/thumb/v7e-m+fp/hard\libc_nano.a(lib_a-fflush.o) (_free_r)
c:/program files (x86)/gnu arm embedded toolchain/10 2021.10/bin/../lib/gcc/arm-none-eabi/10.3.1/../../../../arm-none-eabi/lib/thumb/v7e-m+fp/hard\libc_nano.a(lib_a-nano-mallocr.o)
[...]
Memory Configuration

Name             Origin             Length             Attributes
RAM              0x20000000         0x00003000         xrw
CCMRAM           0x10000000         0x00001000         xrw
FLASH            0x08000000         0x00010000         xr
*default*        0x00000000         0xffffffff

Linker script and memory map

LOAD c:/program files (x86)/gnu arm embedded toolchain/10 2021.10/bin/../lib/gcc/arm-none-eabi/10.3.1/thumb/v7e-m+fp/hard/crti.o
LOAD c:/program files (x86)/gnu arm embedded toolchain/10 2021.10/bin/../lib/gcc/arm-none-eabi/10.3.1/thumb/v7e-m+fp/hard/crtbegin.o
LOAD c:/program files (x86)/gnu arm embedded toolchain/10 2021.10/bin/../lib/gcc/arm-none-eabi/10.3.1/../../../../arm-none-eabi/lib/thumb/v7e-m+fp/hard/crt0.o
LOAD build/main.o
LOAD build/gpio.o
LOAD build/freertos.o
LOAD build/can.o
LOAD build/tim.o
LOAD build/stm32f3xx_it.o
LOAD build/stm32f3xx_hal_msp.o
LOAD build/stm32f3xx_hal_timebase_tim.o
LOAD build/stm32f3xx_hal_can.o
LOAD build/stm32f3xx_hal.o
LOAD build/stm32f3xx_hal_rcc.o
LOAD build/stm32f3xx_hal_rcc_ex.o
LOAD build/stm32f3xx_hal_gpio.o
LOAD build/stm32f3xx_hal_dma.o
LOAD build/stm32f3xx_hal_cortex.o
LOAD build/stm32f3xx_hal_pwr.o
LOAD build/stm32f3xx_hal_pwr_ex.o
LOAD build/stm32f3xx_hal_flash.o
LOAD build/stm32f3xx_hal_flash_ex.o
LOAD build/stm32f3xx_hal_i2c.o
LOAD build/stm32f3xx_hal_i2c_ex.o
LOAD build/stm32f3xx_hal_exti.o
LOAD build/stm32f3xx_hal_tim.o
LOAD build/stm32f3xx_hal_tim_ex.o
LOAD build/system_stm32f3xx.o
LOAD build/croutine.o
LOAD build/event_groups.o
LOAD build/list.o
LOAD build/queue.o
LOAD build/stream_buffer.o
LOAD build/tasks.o
LOAD build/timers.o
LOAD build/cmsis_os2.o
LOAD build/heap_4.o
LOAD build/port.o
LOAD build/comment.o
LOAD build/CO_ODinterface.o
LOAD build/CO_NMT_Heartbeat.o
LOAD build/CO_HBconsumer.o
LOAD build/CO_Emergency.o
LOAD build/CO_SDOserver.o
LOAD build/CO_SDOclient.o
LOAD build/CO_TIME.o
LOAD build/CO_SYNC.o
LOAD build/CO_PDO.o
LOAD build/crc16-ccitt.o
LOAD build/CO_fifo.o
LOAD build/CO_LEDs.o
LOAD build/CO_GFC.o
LOAD build/CO_SRDO.o
LOAD build/CO_LSSslave.o
LOAD build/CO_LSSmaster.o
LOAD build/CO_gateway_ascii.o
LOAD build/CO_storage.o
LOAD build/CO_trace.o
LOAD build/CANopen.o
LOAD build/CO_app_STM32.o
LOAD build/CO_driver_STM32.o
LOAD build/OD.o
LOAD build/dma.o
LOAD build/startup_stm32f303x8.o
LOAD c:/program files (x86)/gnu arm embedded toolchain/10 2021.10/bin/../lib/gcc/arm-none-eabi/10.3.1/../../../../arm-none-eabi/lib/thumb/v7e-m+fp/hard\libc_nano.a
LOAD c:/program files (x86)/gnu arm embedded toolchain/10 2021.10/bin/../lib/gcc/arm-none-eabi/10.3.1/../../../../arm-none-eabi/lib/thumb/v7e-m+fp/hard\libm.a
LOAD c:/program files (x86)/gnu arm embedded toolchain/10 2021.10/bin/../lib/gcc/arm-none-eabi/10.3.1/../../../../arm-none-eabi/lib/thumb/v7e-m+fp/hard\libnosys.a
START GROUP
LOAD c:/program files (x86)/gnu arm embedded toolchain/10 2021.10/bin/../lib/gcc/arm-none-eabi/10.3.1/thumb/v7e-m+fp/hard\libgcc.a
LOAD c:/program files (x86)/gnu arm embedded toolchain/10 2021.10/bin/../lib/gcc/arm-none-eabi/10.3.1/../../../../arm-none-eabi/lib/thumb/v7e-m+fp/hard\libc_nano.a
END GROUP
START GROUP
LOAD c:/program files (x86)/gnu arm embedded toolchain/10 2021.10/bin/../lib/gcc/arm-none-eabi/10.3.1/thumb/v7e-m+fp/hard\libgcc.a
LOAD c:/program files (x86)/gnu arm embedded toolchain/10 2021.10/bin/../lib/gcc/arm-none-eabi/10.3.1/../../../../arm-none-eabi/lib/thumb/v7e-m+fp/hard\libc_nano.a
END GROUP
LOAD c:/program files (x86)/gnu arm embedded toolchain/10 2021.10/bin/../lib/gcc/arm-none-eabi/10.3.1/thumb/v7e-m+fp/hard/crtend.o
LOAD c:/program files (x86)/gnu arm embedded toolchain/10 2021.10/bin/../lib/gcc/arm-none-eabi/10.3.1/thumb/v7e-m+fp/hard/crtn.o
                0x20003000                _estack = (ORIGIN (RAM) + LENGTH (RAM))
                0x00000200                _Min_Heap_Size = 0x200
                0x00000400                _Min_Stack_Size = 0x400

.isr_vector     0x08000000      0x188
                0x08000000                . = ALIGN (0x4)
 *(.isr_vector)
 .isr_vector    0x08000000      0x188 build/startup_stm32f303x8.o
                0x08000000                g_pfnVectors
                0x08000188                . = ALIGN (0x4)

.text           0x08000190     0x9678
                0x08000190                . = ALIGN (0x4)
 *(.text)
 .text          0x08000190       0x40 c:/program files (x86)/gnu arm embedded toolchain/10 2021.10/bin/../lib/gcc/arm-none-eabi/10.3.1/thumb/v7e-m+fp/hard/crtbegin.o
 .text          0x080001d0       0x10 c:/program files (x86)/gnu arm embedded toolchain/10 2021.10/bin/../lib/gcc/arm-none-eabi/10.3.1/../../../../arm-none-eabi/lib/thumb/v7e-m+fp/hard\libc_nano.a(lib_a-strlen.o)
                0x080001d0                strlen
 .text          0x080001e0       0xa0 c:/program files (x86)/gnu arm embedded toolchain/10 2021.10/bin/../lib/gcc/arm-none-eabi/10.3.1/../../../../arm-none-eabi/lib/thumb/v7e-m+fp/hard\libc_nano.a(lib_a-memchr.o)
                0x080001e0                memchr
 *(.text*)
 .text.HAL_TIM_PeriodElapsedCallback
                0x08000280       0x2c build/main.o
                0x08000280                HAL_TIM_PeriodElapsedCallback
 .text.Error_Handler
                0x080002ac        0x4 build/main.o
                0x080002ac                Error_Handler
 .text.SystemClock_Config
                0x080002b0       0x60 build/main.o
                0x080002b0                SystemClock_Config
 .text.main     0x08000310       0x30 build/main.o
                0x08000310                main
 .text.MX_GPIO_Init
                0x08000340       0x64 build/gpio.o
                0x08000340                MX_GPIO_Init
 .text.StartTranslate_CCR
                0x080003a4       0x34 build/freertos.o
                0x080003a4                StartTranslate_CCR
 .text.canopen_task
                0x080003d8       0x50 build/freertos.o
                0x080003d8                canopen_task
 .text.MX_FREERTOS_Init
                0x08000428       0x38 build/freertos.o
                0x08000428                MX_FREERTOS_Init
 .text.MX_CAN_Init
                0x08000460       0x48 build/can.o
                0x08000460                MX_CAN_Init
 .text.HAL_CAN_MspInit
                0x080004a8       0xb4 build/can.o
                0x080004a8                HAL_CAN_MspInit
 .text.MX_TIM3_Init
                0x0800055c       0x70 build/tim.o
                0x0800055c                MX_TIM3_Init
 .text.MX_TIM17_Init
                0x080005cc       0x34 build/tim.o
                0x080005cc                MX_TIM17_Init
 .text.HAL_TIM_Base_MspInit
                0x08000600       0xd0 build/tim.o
                0x08000600                HAL_TIM_Base_MspInit
 .text.HAL_TIM_MspPostInit
                0x080006d0       0x4a build/tim.o
                0x080006d0                HAL_TIM_MspPostInit
 *fill*         0x0800071a        0x2 
 .text.MX_TIM2_Init
                0x0800071c       0xb0 build/tim.o
                0x0800071c                MX_TIM2_Init
 .text.NMI_Handler
                0x080007cc        0x2 build/stm32f3xx_it.o
                0x080007cc                NMI_Handler
 .text.HardFault_Handler
                0x080007ce        0x2 build/stm32f3xx_it.o
                0x080007ce                HardFault_Handler
 .text.MemManage_Handler
                0x080007d0        0x2 build/stm32f3xx_it.o
                0x080007d0                MemManage_Handler
 .text.BusFault_Handler
                0x080007d2        0x2 build/stm32f3xx_it.o
                0x080007d2                BusFault_Handler
 .text.UsageFault_Handler
                0x080007d4        0x2 build/stm32f3xx_it.o
                0x080007d4                UsageFault_Handler
 .text.DebugMon_Handler
                0x080007d6        0x2 build/stm32f3xx_it.o
                0x080007d6                DebugMon_Handler
 .text.DMA1_Channel7_IRQHandler
                0x080007d8       0x10 build/stm32f3xx_it.o
                0x080007d8                DMA1_Channel7_IRQHandler
 .text.CAN_TX_IRQHandler
                0x080007e8       0x10 build/stm32f3xx_it.o
                0x080007e8                CAN_TX_IRQHandler
 .text.CAN_RX0_IRQHandler
                0x080007f8       0x10 build/stm32f3xx_it.o
                0x080007f8                CAN_RX0_IRQHandler
 .text.CAN_RX1_IRQHandler
                0x08000808       0x10 build/stm32f3xx_it.o
                0x08000808                CAN_RX1_IRQHandler
 .text.TIM1_UP_TIM16_IRQHandler
                0x08000818       0x10 build/stm32f3xx_it.o
                0x08000818                TIM1_UP_TIM16_IRQHandler
 .text.TIM1_TRG_COM_TIM17_IRQHandler
                0x08000828       0x10 build/stm32f3xx_it.o
                0x08000828                TIM1_TRG_COM_TIM17_IRQHandler
 .text.TIM2_IRQHandler
                0x08000838       0x10 build/stm32f3xx_it.o
                0x08000838                TIM2_IRQHandler
 .text.HAL_MspInit
                0x08000848       0x40 build/stm32f3xx_hal_msp.o
                0x08000848                HAL_MspInit
 .text.TimeBase_TIM_PeriodElapsedCallback
                0x08000888        0x8 build/stm32f3xx_hal_timebase_tim.o
                0x08000888                TimeBase_TIM_PeriodElapsedCallback
 .text.HAL_InitTick
                0x08000890       0xa4 build/stm32f3xx_hal_timebase_tim.o
                0x08000890                HAL_InitTick
 .text.HAL_CAN_TxMailbox0AbortCallback
                0x08000934        0x2 build/stm32f3xx_hal_can.o
                0x08000934                HAL_CAN_TxMailbox0AbortCallback
 .text.HAL_CAN_TxMailbox1AbortCallback
                0x08000936        0x2 build/stm32f3xx_hal_can.o
                0x08000936                HAL_CAN_TxMailbox1AbortCallback
 .text.HAL_CAN_TxMailbox2AbortCallback
                0x08000938        0x2 build/stm32f3xx_hal_can.o
                0x08000938                HAL_CAN_TxMailbox2AbortCallback
 .text.HAL_CAN_RxFifo0FullCallback
                0x0800093a        0x2 build/stm32f3xx_hal_can.o
                0x0800093a                HAL_CAN_RxFifo0FullCallback
 .text.HAL_CAN_RxFifo1FullCallback
                0x0800093c        0x2 build/stm32f3xx_hal_can.o
                0x0800093c                HAL_CAN_RxFifo1FullCallback
 .text.HAL_CAN_SleepCallback
                0x0800093e        0x2 build/stm32f3xx_hal_can.o
                0x0800093e                HAL_CAN_SleepCallback
 .text.HAL_CAN_WakeUpFromRxMsgCallback
                0x08000940        0x2 build/stm32f3xx_hal_can.o
                0x08000940                HAL_CAN_WakeUpFromRxMsgCallback
 .text.HAL_CAN_ErrorCallback
                0x08000942        0x2 build/stm32f3xx_hal_can.o
                0x08000942                HAL_CAN_ErrorCallback
 .text.HAL_CAN_Init
                0x08000944      0x1c4 build/stm32f3xx_hal_can.o
                0x08000944                HAL_CAN_Init
 .text.HAL_CAN_ConfigFilter
                0x08000b08      0x106 build/stm32f3xx_hal_can.o
                0x08000b08                HAL_CAN_ConfigFilter
 .text.HAL_CAN_Start
                0x08000c0e       0x5c build/stm32f3xx_hal_can.o
                0x08000c0e                HAL_CAN_Start
 .text.HAL_CAN_Stop
                0x08000c6a       0x62 build/stm32f3xx_hal_can.o
                0x08000c6a                HAL_CAN_Stop
 .text.HAL_CAN_AddTxMessage
                0x08000ccc       0xea build/stm32f3xx_hal_can.o
                0x08000ccc                HAL_CAN_AddTxMessage
 .text.HAL_CAN_GetTxMailboxesFreeLevel
                0x08000db6       0x32 build/stm32f3xx_hal_can.o
                0x08000db6                HAL_CAN_GetTxMailboxesFreeLevel
 .text.HAL_CAN_GetRxMessage
                0x08000de8      0x16a build/stm32f3xx_hal_can.o
                0x08000de8                HAL_CAN_GetRxMessage
 .text.HAL_CAN_ActivateNotification
                0x08000f52       0x24 build/stm32f3xx_hal_can.o
                0x08000f52                HAL_CAN_ActivateNotification
 .text.HAL_CAN_IRQHandler
                0x08000f76      0x23a build/stm32f3xx_hal_can.o
                0x08000f76                HAL_CAN_IRQHandler
 .text.HAL_Init
                0x080011b0       0x24 build/stm32f3xx_hal.o
                0x080011b0                HAL_Init
 .text.HAL_IncTick
                0x080011d4       0x18 build/stm32f3xx_hal.o
                0x080011d4                HAL_IncTick
 .text.HAL_GetTick
                0x080011ec        0xc build/stm32f3xx_hal.o
                0x080011ec                HAL_GetTick
 .text.HAL_RCC_OscConfig
                0x080011f8      0x634 build/stm32f3xx_hal_rcc.o
                0x080011f8                HAL_RCC_OscConfig
 .text.HAL_RCC_GetSysClockFreq
                0x0800182c       0x70 build/stm32f3xx_hal_rcc.o
                0x0800182c                HAL_RCC_GetSysClockFreq
 .text.HAL_RCC_ClockConfig
                0x0800189c      0x1a8 build/stm32f3xx_hal_rcc.o
                0x0800189c                HAL_RCC_ClockConfig
 .text.HAL_RCC_GetHCLKFreq
                0x08001a44        0xc build/stm32f3xx_hal_rcc.o
                0x08001a44                HAL_RCC_GetHCLKFreq
 .text.HAL_RCC_GetPCLK2Freq
                0x08001a50       0x2c build/stm32f3xx_hal_rcc.o
                0x08001a50                HAL_RCC_GetPCLK2Freq
 .text.HAL_RCC_GetClockConfig
                0x08001a7c       0x3c build/stm32f3xx_hal_rcc.o
                0x08001a7c                HAL_RCC_GetClockConfig
 .text.HAL_GPIO_Init
                0x08001ab8      0x1bc build/stm32f3xx_hal_gpio.o
                0x08001ab8                HAL_GPIO_Init
 .text.HAL_GPIO_WritePin
                0x08001c74        0xa build/stm32f3xx_hal_gpio.o
                0x08001c74                HAL_GPIO_WritePin
 *fill*         0x08001c7e        0x2 
 .text.DMA_CalcBaseAndBitshift
                0x08001c80       0x24 build/stm32f3xx_hal_dma.o
 .text.HAL_DMA_Init
                0x08001ca4       0x50 build/stm32f3xx_hal_dma.o
                0x08001ca4                HAL_DMA_Init
 .text.HAL_DMA_IRQHandler
                0x08001cf4       0xb4 build/stm32f3xx_hal_dma.o
                0x08001cf4                HAL_DMA_IRQHandler
 .text.HAL_NVIC_SetPriorityGrouping
                0x08001da8       0x24 build/stm32f3xx_hal_cortex.o
                0x08001da8                HAL_NVIC_SetPriorityGrouping
 .text.HAL_NVIC_SetPriority
                0x08001dcc       0x70 build/stm32f3xx_hal_cortex.o
                0x08001dcc                HAL_NVIC_SetPriority
 .text.HAL_NVIC_EnableIRQ
                0x08001e3c       0x1c build/stm32f3xx_hal_cortex.o
                0x08001e3c                HAL_NVIC_EnableIRQ
 .text.HAL_NVIC_SystemReset
                0x08001e58       0x24 build/stm32f3xx_hal_cortex.o
                0x08001e58                HAL_NVIC_SystemReset
 .text.HAL_TIM_PWM_MspInit
                0x08001e7c        0x2 build/stm32f3xx_hal_tim.o
                0x08001e7c                HAL_TIM_PWM_MspInit
 .text.HAL_TIM_PeriodElapsedHalfCpltCallback
                0x08001e7e        0x2 build/stm32f3xx_hal_tim.o
                0x08001e7e                HAL_TIM_PeriodElapsedHalfCpltCallback
 .text.HAL_TIM_OC_DelayElapsedCallback
                0x08001e80        0x2 build/stm32f3xx_hal_tim.o
                0x08001e80                HAL_TIM_OC_DelayElapsedCallback
 .text.HAL_TIM_IC_CaptureCallback
                0x08001e82        0x2 build/stm32f3xx_hal_tim.o
                0x08001e82                HAL_TIM_IC_CaptureCallback
 .text.HAL_TIM_IC_CaptureHalfCpltCallback
                0x08001e84        0x2 build/stm32f3xx_hal_tim.o
                0x08001e84                HAL_TIM_IC_CaptureHalfCpltCallback
 .text.HAL_TIM_PWM_PulseFinishedCallback
                0x08001e86        0x2 build/stm32f3xx_hal_tim.o
                0x08001e86                HAL_TIM_PWM_PulseFinishedCallback
 .text.HAL_TIM_PWM_PulseFinishedHalfCpltCallback
                0x08001e88        0x2 build/stm32f3xx_hal_tim.o
                0x08001e88                HAL_TIM_PWM_PulseFinishedHalfCpltCallback
 .text.HAL_TIM_TriggerCallback
                0x08001e8a        0x2 build/stm32f3xx_hal_tim.o
                0x08001e8a                HAL_TIM_TriggerCallback
 .text.HAL_TIM_TriggerHalfCpltCallback
                0x08001e8c        0x2 build/stm32f3xx_hal_tim.o
                0x08001e8c                HAL_TIM_TriggerHalfCpltCallback
 .text.HAL_TIM_ErrorCallback
                0x08001e8e        0x2 build/stm32f3xx_hal_tim.o
                0x08001e8e                HAL_TIM_ErrorCallback
 .text.TIM_OC1_SetConfig
                0x08001e90       0x90 build/stm32f3xx_hal_tim.o
 .text.TIM_OC3_SetConfig
                0x08001f20       0x7c build/stm32f3xx_hal_tim.o
 .text.TIM_OC4_SetConfig
                0x08001f9c       0x64 build/stm32f3xx_hal_tim.o
 .text.TIM_OC5_SetConfig
                0x08002000       0x60 build/stm32f3xx_hal_tim.o
 .text.TIM_OC6_SetConfig
                0x08002060       0x64 build/stm32f3xx_hal_tim.o
 .text.TIM_TI1_ConfigInputStage
                0x080020c4       0x26 build/stm32f3xx_hal_tim.o
 .text.TIM_TI2_ConfigInputStage
                0x080020ea       0x28 build/stm32f3xx_hal_tim.o
 .text.TIM_ITRx_SetConfig
                0x08002112       0x10 build/stm32f3xx_hal_tim.o
 *fill*         0x08002122        0x2 
 .text.HAL_TIM_Base_Start_IT
                0x08002124       0x74 build/stm32f3xx_hal_tim.o
                0x08002124                HAL_TIM_Base_Start_IT
 .text.HAL_TIM_IRQHandler
                0x08002198      0x1b8 build/stm32f3xx_hal_tim.o
                0x08002198                HAL_TIM_IRQHandler
 .text.HAL_TIM_RegisterCallback
                0x08002350      0x1a6 build/stm32f3xx_hal_tim.o
                0x08002350                HAL_TIM_RegisterCallback
 *fill*         0x080024f6        0x2 
 .text.TIM_Base_SetConfig
                0x080024f8       0x90 build/stm32f3xx_hal_tim.o
                0x080024f8                TIM_Base_SetConfig
 .text.TIM_OC2_SetConfig
                0x08002588       0x80 build/stm32f3xx_hal_tim.o
                0x08002588                TIM_OC2_SetConfig
 .text.HAL_TIM_PWM_ConfigChannel
                0x08002608      0x13a build/stm32f3xx_hal_tim.o
                0x08002608                HAL_TIM_PWM_ConfigChannel
 .text.TIM_ETR_SetConfig
                0x08002742       0x1a build/stm32f3xx_hal_tim.o
                0x08002742                TIM_ETR_SetConfig
 .text.HAL_TIM_ConfigClockSource
                0x0800275c      0x100 build/stm32f3xx_hal_tim.o
                0x0800275c                HAL_TIM_ConfigClockSource
 .text.TIM_CCxChannelCmd
                0x0800285c       0x1e build/stm32f3xx_hal_tim.o
                0x0800285c                TIM_CCxChannelCmd
 *fill*         0x0800287a        0x2 
 .text.HAL_TIM_PWM_Start
                0x0800287c      0x140 build/stm32f3xx_hal_tim.o
                0x0800287c                HAL_TIM_PWM_Start
 .text.TIM_ResetCallback
                0x080029bc       0x90 build/stm32f3xx_hal_tim.o
                0x080029bc                TIM_ResetCallback
 .text.HAL_TIM_Base_Init
                0x08002a4c       0x74 build/stm32f3xx_hal_tim.o
                0x08002a4c                HAL_TIM_Base_Init
 .text.HAL_TIM_PWM_Init
                0x08002ac0       0x74 build/stm32f3xx_hal_tim.o
                0x08002ac0                HAL_TIM_PWM_Init
 .text.HAL_TIMEx_MasterConfigSynchronization
                0x08002b34       0x78 build/stm32f3xx_hal_tim_ex.o
                0x08002b34                HAL_TIMEx_MasterConfigSynchronization
 .text.HAL_TIMEx_CommutCallback
                0x08002bac        0x2 build/stm32f3xx_hal_tim_ex.o
                0x08002bac                HAL_TIMEx_CommutCallback
 .text.HAL_TIMEx_CommutHalfCpltCallback
                0x08002bae        0x2 build/stm32f3xx_hal_tim_ex.o
                0x08002bae                HAL_TIMEx_CommutHalfCpltCallback
 .text.HAL_TIMEx_BreakCallback
                0x08002bb0        0x2 build/stm32f3xx_hal_tim_ex.o
                0x08002bb0                HAL_TIMEx_BreakCallback
 .text.HAL_TIMEx_Break2Callback
                0x08002bb2        0x2 build/stm32f3xx_hal_tim_ex.o
                0x08002bb2                HAL_TIMEx_Break2Callback
 .text.SystemInit
                0x08002bb4       0x14 build/system_stm32f3xx.o
                0x08002bb4                SystemInit
 .text.vListInitialise
                0x08002bc8       0x16 build/list.o
                0x08002bc8                vListInitialise
 .text.vListInitialiseItem
                0x08002bde        0x6 build/list.o
                0x08002bde                vListInitialiseItem
 .text.vListInsertEnd
                0x08002be4       0x16 build/list.o
                0x08002be4                vListInsertEnd
 .text.vListInsert
                0x08002bfa       0x32 build/list.o
                0x08002bfa                vListInsert
 .text.uxListRemove
                0x08002c2c       0x26 build/list.o
                0x08002c2c                uxListRemove
 .text.prvIsQueueFull
                0x08002c52       0x1e build/queue.o
 .text.prvIsQueueEmpty
                0x08002c70       0x1a build/queue.o
 .text.prvCopyDataToQueue
                0x08002c8a       0x76 build/queue.o
 .text.prvCopyDataFromQueue
                0x08002d00       0x24 build/queue.o
 .text.prvUnlockQueue
                0x08002d24       0x6e build/queue.o
 .text.xQueueGenericReset
                0x08002d92       0x84 build/queue.o
                0x08002d92                xQueueGenericReset
 .text.prvInitialiseNewQueue
                0x08002e16       0x22 build/queue.o
 .text.xQueueGenericCreateStatic
                0x08002e38       0x92 build/queue.o
                0x08002e38                xQueueGenericCreateStatic
 .text.xQueueGenericSend
                0x08002eca      0x188 build/queue.o
                0x08002eca                xQueueGenericSend
 .text.xQueueGenericSendFromISR
                0x08003052       0xcc build/queue.o
                0x08003052                xQueueGenericSendFromISR
 .text.xQueueReceive
                0x0800311e      0x15e build/queue.o
                0x0800311e                xQueueReceive
 .text.vQueueAddToRegistry
                0x0800327c       0x28 build/queue.o
                0x0800327c                vQueueAddToRegistry
 .text.vQueueWaitForMessageRestricted
                0x080032a4       0x52 build/queue.o
                0x080032a4                vQueueWaitForMessageRestricted
 *fill*         0x080032f6        0x2 
 .text.prvResetNextTaskUnblockTime
                0x080032f8       0x2c build/tasks.o
 .text.prvInitialiseNewTask
                0x08003324       0x9c build/tasks.o
 .text.prvInitialiseTaskLists
                0x080033c0       0x68 build/tasks.o
 .text.prvAddNewTaskToReadyList
                0x08003428       0xac build/tasks.o
 .text.prvDeleteTCB
                0x080034d4       0x38 build/tasks.o
 .text.prvCheckTasksWaitingTermination
                0x0800350c       0x4c build/tasks.o
 .text.prvIdleTask
                0x08003558       0x28 build/tasks.o
 .text.prvAddCurrentTaskToDelayedList
                0x08003580       0x7c build/tasks.o
 .text.xTaskCreateStatic
                0x080035fc       0x74 build/tasks.o
                0x080035fc                xTaskCreateStatic
 .text.xTaskCreate
                0x08003670       0x68 build/tasks.o
                0x08003670                xTaskCreate
 .text.vTaskStartScheduler
                0x080036d8       0x9c build/tasks.o
                0x080036d8                vTaskStartScheduler
 .text.vTaskSuspendAll
                0x08003774       0x10 build/tasks.o
                0x08003774                vTaskSuspendAll
 .text.xTaskGetTickCount
                0x08003784        0xc build/tasks.o
                0x08003784                xTaskGetTickCount
 .text.xTaskIncrementTick
                0x08003790      0x118 build/tasks.o
                0x08003790                xTaskIncrementTick
 .text.xTaskResumeAll
                0x080038a8       0xf8 build/tasks.o
                0x080038a8                xTaskResumeAll
 .text.vTaskDelay
                0x080039a0       0x4c build/tasks.o
                0x080039a0                vTaskDelay
 .text.vTaskSwitchContext
                0x080039ec       0x94 build/tasks.o
                0x080039ec                vTaskSwitchContext
 .text.vTaskPlaceOnEventList
                0x08003a80       0x30 build/tasks.o
                0x08003a80                vTaskPlaceOnEventList
 .text.vTaskPlaceOnEventListRestricted
                0x08003ab0       0x38 build/tasks.o
                0x08003ab0                vTaskPlaceOnEventListRestricted
 .text.xTaskRemoveFromEventList
                0x08003ae8       0x8c build/tasks.o
                0x08003ae8                xTaskRemoveFromEventList
 .text.vTaskInternalSetTimeOutState
                0x08003b74       0x18 build/tasks.o
                0x08003b74                vTaskInternalSetTimeOutState
 .text.xTaskCheckForTimeOut
                0x08003b8c       0x84 build/tasks.o
                0x08003b8c                xTaskCheckForTimeOut
 .text.vTaskMissedYield
                0x08003c10        0xc build/tasks.o
                0x08003c10                vTaskMissedYield
 .text.xTaskGetSchedulerState
                0x08003c1c       0x20 build/tasks.o
                0x08003c1c                xTaskGetSchedulerState
 .text.xTaskPriorityDisinherit
                0x08003c3c       0x90 build/tasks.o
                0x08003c3c                xTaskPriorityDisinherit
 .text.prvGetNextExpireTime
                0x08003ccc       0x20 build/timers.o
 .text.prvInsertTimerInActiveList
                0x08003cec       0x48 build/timers.o
 .text.prvCheckForValidListAndQueue
                0x08003d34       0x70 build/timers.o
 .text.xTimerCreateTimerTask
                0x08003da4       0x64 build/timers.o
                0x08003da4                xTimerCreateTimerTask
 .text.xTimerGenericCommand
                0x08003e08       0x6c build/timers.o
                0x08003e08                xTimerGenericCommand
 .text.prvSwitchTimerLists
                0x08003e74       0x78 build/timers.o
 .text.prvSampleTimeNow
                0x08003eec       0x2c build/timers.o
 .text.prvProcessExpiredTimer
                0x08003f18       0x60 build/timers.o
 .text.prvProcessTimerOrBlockTask
                0x08003f78       0x74 build/timers.o
 .text.prvProcessReceivedCommands
                0x08003fec       0xf8 build/timers.o
 .text.prvTimerTask
                0x080040e4       0x16 build/timers.o
 *fill*         0x080040fa        0x2 
 .text.osKernelInitialize
                0x080040fc       0x44 build/cmsis_os2.o
                0x080040fc                osKernelInitialize
 .text.osKernelStart
                0x08004140       0x4c build/cmsis_os2.o
                0x08004140                osKernelStart
 .text.osThreadNew
                0x0800418c       0xec build/cmsis_os2.o
                0x0800418c                osThreadNew
 .text.vApplicationGetIdleTaskMemory
                0x08004278       0x18 build/cmsis_os2.o
                0x08004278                vApplicationGetIdleTaskMemory
 .text.vApplicationGetTimerTaskMemory
                0x08004290       0x18 build/cmsis_os2.o
                0x08004290                vApplicationGetTimerTaskMemory
 .text.prvHeapInit
                0x080042a8       0x64 build/heap_4.o
 .text.prvInsertBlockIntoFreeList
                0x0800430c       0x64 build/heap_4.o
 .text.pvPortMalloc
                0x08004370       0xf0 build/heap_4.o
                0x08004370                pvPortMalloc
 .text.vPortFree
                0x08004460       0x70 build/heap_4.o
                0x08004460                vPortFree
 .text.prvTaskExitError
                0x080044d0       0x40 build/port.o
 .text.prvPortStartFirstTask
                0x08004510       0x28 build/port.o
 .text.vPortEnableVFP
                0x08004538       0x14 build/port.o
 .text.pxPortInitialiseStack
                0x0800454c       0x2c build/port.o
                0x0800454c                pxPortInitialiseStack
 *fill*         0x08004578        0x8 
 .text.SVC_Handler
                0x08004580       0x24 build/port.o
                0x08004580                SVC_Handler
 .text.vPortEnterCritical
                0x080045a4       0x44 build/port.o
                0x080045a4                vPortEnterCritical
 .text.vPortExitCritical
                0x080045e8       0x2c build/port.o
                0x080045e8                vPortExitCritical
 *fill*         0x08004614        0xc 
 .text.PendSV_Handler
                0x08004620       0x64 build/port.o
                0x08004620                PendSV_Handler
 .text.SysTick_Handler
                0x08004684       0x2c build/port.o
                0x08004684                SysTick_Handler
 .text.vPortSetupTimerInterrupt
                0x080046b0       0x28 build/port.o
                0x080046b0                vPortSetupTimerInterrupt
 .text.xPortStartScheduler
                0x080046d8      0x118 build/port.o
                0x080046d8                xPortStartScheduler
 .text.vPortValidateInterruptPriority
                0x080047f0       0x5c build/port.o
                0x080047f0                vPortValidateInterruptPriority
 .text.OD_readDisabled
                0x0800484c        0x4 build/CO_ODinterface.o
 .text.OD_writeDisabled
                0x08004850        0x4 build/CO_ODinterface.o
 .text.OD_readOriginal
                0x08004854       0x5e build/CO_ODinterface.o
                0x08004854                OD_readOriginal
 .text.OD_writeOriginal
                0x080048b2       0x62 build/CO_ODinterface.o
                0x080048b2                OD_writeOriginal
 .text.OD_find  0x08004914       0x66 build/CO_ODinterface.o
                0x08004914                OD_find
 *fill*         0x0800497a        0x2 
 .text.OD_getSub
                0x0800497c      0x104 build/CO_ODinterface.o
                0x0800497c                OD_getSub
 .text.OD_getSDOabCode
                0x08004a80       0x1c build/CO_ODinterface.o
                0x08004a80                OD_getSDOabCode
 .text.OD_get_value
                0x08004a9c       0x36 build/CO_ODinterface.o
                0x08004a9c                OD_get_value
 .text.OD_set_value
                0x08004ad2       0x30 build/CO_ODinterface.o
                0x08004ad2                OD_set_value
 .text.OD_getPtr
                0x08004b02       0x3c build/CO_ODinterface.o
                0x08004b02                OD_getPtr
 .text.CO_NMT_receive
                0x08004b3e       0x1c build/CO_NMT_Heartbeat.o
 .text.OD_write_1017
                0x08004b5a       0x42 build/CO_NMT_Heartbeat.o
 .text.CO_NMT_init
                0x08004b9c      0x114 build/CO_NMT_Heartbeat.o
                0x08004b9c                CO_NMT_init
 .text.CO_NMT_process
                0x08004cb0      0x11c build/CO_NMT_Heartbeat.o
                0x08004cb0                CO_NMT_process
 .text.CO_HBcons_receive
                0x08004dcc       0x14 build/CO_HBconsumer.o
 .text.CO_HBconsumer_initEntry
                0x08004de0       0xd0 build/CO_HBconsumer.o
 .text.OD_write_1016
                0x08004eb0       0x5c build/CO_HBconsumer.o
 .text.CO_HBconsumer_init
                0x08004f0c       0xf0 build/CO_HBconsumer.o
                0x08004f0c                CO_HBconsumer_init
 .text.CO_HBconsumer_process
                0x08004ffc      0x130 build/CO_HBconsumer.o
                0x08004ffc                CO_HBconsumer_process
 .text.OD_read_1014_default
                0x0800512c       0x4a build/CO_Emergency.o
 .text.OD_read_1003
                0x08005176       0x84 build/CO_Emergency.o
 .text.OD_write_1003
                0x080051fa       0x3a build/CO_Emergency.o
 .text.CO_EM_init
                0x08005234      0x150 build/CO_Emergency.o
                0x08005234                CO_EM_init
 .text.CO_error
                0x08005384       0xc2 build/CO_Emergency.o
                0x08005384                CO_error
 .text.CO_EM_process
                0x08005446      0x186 build/CO_Emergency.o
                0x08005446                CO_EM_process
 .text.CO_SDOserver_init_canRxTx
                0x080055cc       0x90 build/CO_SDOserver.o
 .text.OD_write_1201_additional
                0x0800565c      0x1b0 build/CO_SDOserver.o
 .text.CO_SDO_receive
                0x0800580c       0x2e build/CO_SDOserver.o
 *fill*         0x0800583a        0x2 
 .text.validateAndWriteToOD
                0x0800583c      0x144 build/CO_SDOserver.o
 .text.readFromOd
                0x08005980      0x114 build/CO_SDOserver.o
 .text.CO_SDOserver_init
                0x08005a94      0x19c build/CO_SDOserver.o
                0x08005a94                CO_SDOserver_init
 .text.CO_SDOserver_process
                0x08005c30      0x620 build/CO_SDOserver.o
                0x08005c30                CO_SDOserver_process
 .text.CO_TIME_receive
                0x08006250       0x1a build/CO_TIME.o
 *fill*         0x0800626a        0x2 
 .text.OD_write_1012
                0x0800626c       0xa8 build/CO_TIME.o
 .text.CO_TIME_init
                0x08006314       0xa0 build/CO_TIME.o
                0x08006314                CO_TIME_init
 .text.CO_TIME_process
                0x080063b4       0x6c build/CO_TIME.o
                0x080063b4                CO_TIME_process
 .text.CO_SYNC_receive
                0x08006420       0x30 build/CO_SYNC.o
 .text.OD_write_1019
                0x08006450       0x9e build/CO_SYNC.o
 *fill*         0x080064ee        0x2 
 .text.OD_write_1005
                0x080064f0      0x14c build/CO_SYNC.o
 .text.CO_SYNC_init
                0x0800663c      0x1d0 build/CO_SYNC.o
                0x0800663c                CO_SYNC_init
 .text.CO_SYNC_process
                0x0800680c      0x104 build/CO_SYNC.o
                0x0800680c                CO_SYNC_process
 .text.OD_write_dummy
                0x08006910        0x8 build/CO_PDO.o
 .text.OD_read_dummy
                0x08006918       0x30 build/CO_PDO.o
 .text.OD_read_PDO_commParam
                0x08006948       0x46 build/CO_PDO.o
 *fill*         0x0800698e        0x2 
 .text.PDOconfigMap
                0x08006990      0x128 build/CO_PDO.o
 .text.OD_write_PDO_mapping
                0x08006ab8       0xbc build/CO_PDO.o
 .text.OD_write_14xx
                0x08006b74      0x1b4 build/CO_PDO.o
 .text.CO_PDO_receive
                0x08006d28       0x74 build/CO_PDO.o
 .text.PDO_initMapping
                0x08006d9c      0x118 build/CO_PDO.o
 .text.CO_RPDO_init
                0x08006eb4      0x218 build/CO_PDO.o
                0x08006eb4                CO_RPDO_init
 .text.CO_RPDO_process
                0x080070cc      0x17c build/CO_PDO.o
                0x080070cc                CO_RPDO_process
 .text.CO_LEDs_init
                0x08007248       0x14 build/CO_LEDs.o
                0x08007248                CO_LEDs_init
 .text.CO_LEDs_process
                0x0800725c      0x1b8 build/CO_LEDs.o
                0x0800725c                CO_LEDs_process
 .text.CO_LSSslave_receive
                0x08007414      0x160 build/CO_LSSslave.o
 .text.CO_LSSslave_init
                0x08007574       0xd0 build/CO_LSSslave.o
                0x08007574                CO_LSSslave_init
 .text.CO_LSSslave_process
                0x08007644      0x1c8 build/CO_LSSslave.o
                0x08007644                CO_LSSslave_process
 .text.CO_delete
                0x0800780c       0x72 build/CANopen.o
                0x0800780c                CO_delete
 .text.CO_new   0x0800787e      0x13a build/CANopen.o
                0x0800787e                CO_new
 .text.CO_CANinit
                0x080079b8       0x38 build/CANopen.o
                0x080079b8                CO_CANinit
 .text.CO_LSSinit
                0x080079f0       0x3c build/CANopen.o
                0x080079f0                CO_LSSinit
 .text.CO_CANopenInit
                0x08007a2c      0x1a4 build/CANopen.o
                0x08007a2c                CO_CANopenInit
 .text.CO_CANopenInitPDO
                0x08007bd0       0xac build/CANopen.o
                0x08007bd0                CO_CANopenInitPDO
 .text.CO_process
                0x08007c7c      0x18a build/CANopen.o
                0x08007c7c                CO_process
 .text.CO_process_SYNC
                0x08007e06       0x4c build/CANopen.o
                0x08007e06                CO_process_SYNC
 .text.CO_process_RPDO
                0x08007e52       0x56 build/CANopen.o
                0x08007e52                CO_process_RPDO
 .text.CO_process_TPDO
                0x08007ea8        0x2 build/CANopen.o
                0x08007ea8                CO_process_TPDO
 *fill*         0x08007eaa        0x2 
 .text.canopen_app_resetCommunication
                0x08007eac      0x1a0 build/CO_app_STM32.o
                0x08007eac                canopen_app_resetCommunication
 .text.canopen_app_init
                0x0800804c       0x50 build/CO_app_STM32.o
                0x0800804c                canopen_app_init
 .text.canopen_app_process
                0x0800809c       0x88 build/CO_app_STM32.o
                0x0800809c                canopen_app_process
 .text.canopen_app_interrupt
                0x08008124       0x5c build/CO_app_STM32.o
                0x08008124                canopen_app_interrupt
 .text.prv_send_can_message
                0x08008180       0x50 build/CO_driver_STM32.o
 .text.prv_read_can_received_msg
                0x080081d0       0x78 build/CO_driver_STM32.o
 .text.CO_CANsetConfigurationMode
                0x08008248        0xe build/CO_driver_STM32.o
                0x08008248                CO_CANsetConfigurationMode
 .text.CO_CANsetNormalMode
                0x08008256       0x18 build/CO_driver_STM32.o
                0x08008256                CO_CANsetNormalMode
 *fill*         0x0800826e        0x2 
 .text.CO_CANmodule_init
                0x08008270       0xd8 build/CO_driver_STM32.o
                0x08008270                CO_CANmodule_init
 .text.CO_CANmodule_disable
                0x08008348       0x12 build/CO_driver_STM32.o
                0x08008348                CO_CANmodule_disable
 *fill*         0x0800835a        0x2 
 .text.CO_CANrxBufferInit
                0x0800835c       0x74 build/CO_driver_STM32.o
                0x0800835c                CO_CANrxBufferInit
 .text.CO_CANtxBufferInit
                0x080083d0       0x46 build/CO_driver_STM32.o
                0x080083d0                CO_CANtxBufferInit
 .text.CO_CANsend
                0x08008416       0x54 build/CO_driver_STM32.o
                0x08008416                CO_CANsend
 .text.CO_CANclearPendingSyncPDOs
                0x0800846a       0x62 build/CO_driver_STM32.o
                0x0800846a                CO_CANclearPendingSyncPDOs
 .text.CO_CANmodule_process
                0x080084cc       0x4c build/CO_driver_STM32.o
                0x080084cc                CO_CANmodule_process
 .text.HAL_CAN_RxFifo0MsgPendingCallback
                0x08008518        0xc build/CO_driver_STM32.o
                0x08008518                HAL_CAN_RxFifo0MsgPendingCallback
 .text.HAL_CAN_RxFifo1MsgPendingCallback
                0x08008524        0xc build/CO_driver_STM32.o
                0x08008524                HAL_CAN_RxFifo1MsgPendingCallback
 .text.CO_CANinterrupt_TX
                0x08008530       0x5a build/CO_driver_STM32.o
                0x08008530                CO_CANinterrupt_TX
 *fill*         0x0800858a        0x2 
 .text.HAL_CAN_TxMailbox0CompleteCallback
                0x0800858c       0x14 build/CO_driver_STM32.o
                0x0800858c                HAL_CAN_TxMailbox0CompleteCallback
 .text.HAL_CAN_TxMailbox1CompleteCallback
                0x080085a0       0x14 build/CO_driver_STM32.o
                0x080085a0                HAL_CAN_TxMailbox1CompleteCallback
 .text.HAL_CAN_TxMailbox2CompleteCallback
                0x080085b4       0x14 build/CO_driver_STM32.o
                0x080085b4                HAL_CAN_TxMailbox2CompleteCallback
 .text.MX_DMA_Init
                0x080085c8       0x34 build/dma.o
                0x080085c8                MX_DMA_Init
 .text.Reset_Handler
                0x080085fc       0x50 build/startup_stm32f303x8.o
                0x080085fc                Reset_Handler
 .text.Default_Handler
                0x0800864c        0x2 build/startup_stm32f303x8.o
                0x0800864c                RTC_Alarm_IRQHandler
                0x0800864c                TIM1_CC_IRQHandler
                0x0800864c                PVD_IRQHandler
                0x0800864c                TAMP_STAMP_IRQHandler
                0x0800864c                EXTI3_IRQHandler
                0x0800864c                EXTI0_IRQHandler
                0x0800864c                FPU_IRQHandler
                0x0800864c                ADC1_2_IRQHandler
                0x0800864c                SPI1_IRQHandler
                0x0800864c                CAN_SCE_IRQHandler
                0x0800864c                DMA1_Channel4_IRQHandler
                0x0800864c                USART3_IRQHandler
                0x0800864c                TIM7_DAC2_IRQHandler
                0x0800864c                I2C1_EV_IRQHandler
                0x0800864c                DMA1_Channel6_IRQHandler
                0x0800864c                TIM3_IRQHandler
                0x0800864c                RCC_IRQHandler
                0x0800864c                DMA1_Channel1_IRQHandler
                0x0800864c                Default_Handler
                0x0800864c                EXTI15_10_IRQHandler
                0x0800864c                COMP2_IRQHandler
                0x0800864c                TIM6_DAC1_IRQHandler
                0x0800864c                EXTI9_5_IRQHandler
                0x0800864c                RTC_WKUP_IRQHandler
                0x0800864c                DMA1_Channel5_IRQHandler
                0x0800864c                EXTI4_IRQHandler
                0x0800864c                DMA1_Channel3_IRQHandler
                0x0800864c                WWDG_IRQHandler
                0x0800864c                EXTI1_IRQHandler
                0x0800864c                COMP4_6_IRQHandler
                0x0800864c                USART2_IRQHandler
                0x0800864c                DMA1_Channel2_IRQHandler
                0x0800864c                FLASH_IRQHandler
                0x0800864c                USART1_IRQHandler
                0x0800864c                I2C1_ER_IRQHandler
                0x0800864c                EXTI2_TSC_IRQHandler
                0x0800864c                TIM1_BRK_TIM15_IRQHandler
 *fill*         0x0800864e        0x2 
 .text.calloc   0x08008650       0x10 c:/program files (x86)/gnu arm embedded toolchain/10 2021.10/bin/../lib/gcc/arm-none-eabi/10.3.1/../../../../arm-none-eabi/lib/thumb/v7e-m+fp/hard\libc_nano.a(lib_a-calloc.o)
                0x08008650                calloc
 .text.__sflush_r
                0x08008660      0x10c c:/program files (x86)/gnu arm embedded toolchain/10 2021.10/bin/../lib/gcc/arm-none-eabi/10.3.1/../../../../arm-none-eabi/lib/thumb/v7e-m+fp/hard\libc_nano.a(lib_a-fflush.o)
                0x08008660                __sflush_r
 .text._fflush_r
                0x0800876c       0x78 c:/program files (x86)/gnu arm embedded toolchain/10 2021.10/bin/../lib/gcc/arm-none-eabi/10.3.1/../../../../arm-none-eabi/lib/thumb/v7e-m+fp/hard\libc_nano.a(lib_a-fflush.o)
                0x0800876c                _fflush_r
 .text.fflush   0x080087e4       0x24 c:/program files (x86)/gnu arm embedded toolchain/10 2021.10/bin/../lib/gcc/arm-none-eabi/10.3.1/../../../../arm-none-eabi/lib/thumb/v7e-m+fp/hard\libc_nano.a(lib_a-fflush.o)
                0x080087e4                fflush
 .text.std      0x08008808       0x48 c:/program files (x86)/gnu arm embedded toolchain/10 2021.10/bin/../lib/gcc/arm-none-eabi/10.3.1/../../../../arm-none-eabi/lib/thumb/v7e-m+fp/hard\libc_nano.a(lib_a-findfp.o)
 .text._cleanup_r
                0x08008850        0xc c:/program files (x86)/gnu arm embedded toolchain/10 2021.10/bin/../lib/gcc/arm-none-eabi/10.3.1/../../../../arm-none-eabi/lib/thumb/v7e-m+fp/hard\libc_nano.a(lib_a-findfp.o)
                0x08008850                _cleanup_r
 .text.__sfmoreglue
                0x0800885c       0x2c c:/program files (x86)/gnu arm embedded toolchain/10 2021.10/bin/../lib/gcc/arm-none-eabi/10.3.1/../../../../arm-none-eabi/lib/thumb/v7e-m+fp/hard\libc_nano.a(lib_a-findfp.o)
                0x0800885c                __sfmoreglue
 .text.__sfp_lock_acquire
                0x08008888        0xc c:/program files (x86)/gnu arm embedded toolchain/10 2021.10/bin/../lib/gcc/arm-none-eabi/10.3.1/../../../../arm-none-eabi/lib/thumb/v7e-m+fp/hard\libc_nano.a(lib_a-findfp.o)
                0x08008888                __sfp_lock_acquire
 .text.__sfp_lock_release
                0x08008894        0xc c:/program files (x86)/gnu arm embedded toolchain/10 2021.10/bin/../lib/gcc/arm-none-eabi/10.3.1/../../../../arm-none-eabi/lib/thumb/v7e-m+fp/hard\libc_nano.a(lib_a-findfp.o)
                0x08008894                __sfp_lock_release
 .text.__sinit_lock_acquire
                0x080088a0        0xc c:/program files (x86)/gnu arm embedded toolchain/10 2021.10/bin/../lib/gcc/arm-none-eabi/10.3.1/../../../../arm-none-eabi/lib/thumb/v7e-m+fp/hard\libc_nano.a(lib_a-findfp.o)
                0x080088a0                __sinit_lock_acquire
 .text.__sinit_lock_release
                0x080088ac        0xc c:/program files (x86)/gnu arm embedded toolchain/10 2021.10/bin/../lib/gcc/arm-none-eabi/10.3.1/../../../../arm-none-eabi/lib/thumb/v7e-m+fp/hard\libc_nano.a(lib_a-findfp.o)
                0x080088ac                __sinit_lock_release
 .text.__sinit  0x080088b8       0x70 c:/program files (x86)/gnu arm embedded toolchain/10 2021.10/bin/../lib/gcc/arm-none-eabi/10.3.1/../../../../arm-none-eabi/lib/thumb/v7e-m+fp/hard\libc_nano.a(lib_a-findfp.o)
                0x080088b8                __sinit
 .text.__sfp    0x08008928       0x8c c:/program files (x86)/gnu arm embedded toolchain/10 2021.10/bin/../lib/gcc/arm-none-eabi/10.3.1/../../../../arm-none-eabi/lib/thumb/v7e-m+fp/hard\libc_nano.a(lib_a-findfp.o)
                0x08008928                __sfp
 .text._fwalk_reent
                0x080089b4       0x3e c:/program files (x86)/gnu arm embedded toolchain/10 2021.10/bin/../lib/gcc/arm-none-eabi/10.3.1/../../../../arm-none-eabi/lib/thumb/v7e-m+fp/hard\libc_nano.a(lib_a-fwalk.o)
                0x080089b4                _fwalk_reent
 *fill*         0x080089f2        0x2 
 .text.__libc_init_array
                0x080089f4       0x48 c:/program files (x86)/gnu arm embedded toolchain/10 2021.10/bin/../lib/gcc/arm-none-eabi/10.3.1/../../../../arm-none-eabi/lib/thumb/v7e-m+fp/hard\libc_nano.a(lib_a-init.o)
                0x080089f4                __libc_init_array
 .text.__retarget_lock_init_recursive
                0x08008a3c        0x2 c:/program files (x86)/gnu arm embedded toolchain/10 2021.10/bin/../lib/gcc/arm-none-eabi/10.3.1/../../../../arm-none-eabi/lib/thumb/v7e-m+fp/hard\libc_nano.a(lib_a-lock.o)
                0x08008a3c                __retarget_lock_init_recursive
 .text.__retarget_lock_acquire_recursive
                0x08008a3e        0x2 c:/program files (x86)/gnu arm embedded toolchain/10 2021.10/bin/../lib/gcc/arm-none-eabi/10.3.1/../../../../arm-none-eabi/lib/thumb/v7e-m+fp/hard\libc_nano.a(lib_a-lock.o)
                0x08008a3e                __retarget_lock_acquire_recursive
 .text.__retarget_lock_release_recursive
                0x08008a40        0x2 c:/program files (x86)/gnu arm embedded toolchain/10 2021.10/bin/../lib/gcc/arm-none-eabi/10.3.1/../../../../arm-none-eabi/lib/thumb/v7e-m+fp/hard\libc_nano.a(lib_a-lock.o)
                0x08008a40                __retarget_lock_release_recursive
 *fill*         0x08008a42        0x2 
 .text.free     0x08008a44       0x10 c:/program files (x86)/gnu arm embedded toolchain/10 2021.10/bin/../lib/gcc/arm-none-eabi/10.3.1/../../../../arm-none-eabi/lib/thumb/v7e-m+fp/hard\libc_nano.a(lib_a-malloc.o)
                0x08008a44                free
 .text.memcpy   0x08008a54       0x1c c:/program files (x86)/gnu arm embedded toolchain/10 2021.10/bin/../lib/gcc/arm-none-eabi/10.3.1/../../../../arm-none-eabi/lib/thumb/v7e-m+fp/hard\libc_nano.a(lib_a-memcpy-stub.o)
                0x08008a54                memcpy
 .text.memmove  0x08008a70       0x34 c:/program files (x86)/gnu arm embedded toolchain/10 2021.10/bin/../lib/gcc/arm-none-eabi/10.3.1/../../../../arm-none-eabi/lib/thumb/v7e-m+fp/hard\libc_nano.a(lib_a-memmove.o)
                0x08008a70                memmove
 .text.memset   0x08008aa4       0x10 c:/program files (x86)/gnu arm embedded toolchain/10 2021.10/bin/../lib/gcc/arm-none-eabi/10.3.1/../../../../arm-none-eabi/lib/thumb/v7e-m+fp/hard\libc_nano.a(lib_a-memset.o)
                0x08008aa4                memset
 .text._calloc_r
                0x08008ab4       0x2c c:/program files (x86)/gnu arm embedded toolchain/10 2021.10/bin/../lib/gcc/arm-none-eabi/10.3.1/../../../../arm-none-eabi/lib/thumb/v7e-m+fp/hard\libc_nano.a(lib_a-nano-callocr.o)
                0x08008ab4                _calloc_r
 .text._free_r  0x08008ae0       0x98 c:/program files (x86)/gnu arm embedded toolchain/10 2021.10/bin/../lib/gcc/arm-none-eabi/10.3.1/../../../../arm-none-eabi/lib/thumb/v7e-m+fp/hard\libc_nano.a(lib_a-nano-freer.o)
                0x08008ae0                _free_r
 .text.sbrk_aligned
                0x08008b78       0x40 c:/program files (x86)/gnu arm embedded toolchain/10 2021.10/bin/../lib/gcc/arm-none-eabi/10.3.1/../../../../arm-none-eabi/lib/thumb/v7e-m+fp/hard\libc_nano.a(lib_a-nano-mallocr.o)
 .text._malloc_r
                0x08008bb8       0xe8 c:/program files (x86)/gnu arm embedded toolchain/10 2021.10/bin/../lib/gcc/arm-none-eabi/10.3.1/../../../../arm-none-eabi/lib/thumb/v7e-m+fp/hard\libc_nano.a(lib_a-nano-mallocr.o)
                0x08008bb8                _malloc_r
 .text.printf   0x08008ca0       0x30 c:/program files (x86)/gnu arm embedded toolchain/10 2021.10/bin/../lib/gcc/arm-none-eabi/10.3.1/../../../../arm-none-eabi/lib/thumb/v7e-m+fp/hard\libc_nano.a(lib_a-printf.o)
                0x08008ca0                iprintf
                0x08008ca0                printf
 .text._puts_r  0x08008cd0       0xdc c:/program files (x86)/gnu arm embedded toolchain/10 2021.10/bin/../lib/gcc/arm-none-eabi/10.3.1/../../../../arm-none-eabi/lib/thumb/v7e-m+fp/hard\libc_nano.a(lib_a-puts.o)
                0x08008cd0                _puts_r
 .text.puts     0x08008dac       0x10 c:/program files (x86)/gnu arm embedded toolchain/10 2021.10/bin/../lib/gcc/arm-none-eabi/10.3.1/../../../../arm-none-eabi/lib/thumb/v7e-m+fp/hard\libc_nano.a(lib_a-puts.o)
                0x08008dac                puts
 .text._sbrk_r  0x08008dbc       0x20 c:/program files (x86)/gnu arm embedded toolchain/10 2021.10/bin/../lib/gcc/arm-none-eabi/10.3.1/../../../../arm-none-eabi/lib/thumb/v7e-m+fp/hard\libc_nano.a(lib_a-sbrkr.o)
                0x08008dbc                _sbrk_r
 .text.__sread  0x08008ddc       0x22 c:/program files (x86)/gnu arm embedded toolchain/10 2021.10/bin/../lib/gcc/arm-none-eabi/10.3.1/../../../../arm-none-eabi/lib/thumb/v7e-m+fp/hard\libc_nano.a(lib_a-stdio.o)
                0x08008ddc                __sread
 .text.__swrite
                0x08008dfe       0x38 c:/program files (x86)/gnu arm embedded toolchain/10 2021.10/bin/../lib/gcc/arm-none-eabi/10.3.1/../../../../arm-none-eabi/lib/thumb/v7e-m+fp/hard\libc_nano.a(lib_a-stdio.o)
                0x08008dfe                __swrite
 .text.__sseek  0x08008e36       0x24 c:/program files (x86)/gnu arm embedded toolchain/10 2021.10/bin/../lib/gcc/arm-none-eabi/10.3.1/../../../../arm-none-eabi/lib/thumb/v7e-m+fp/hard\libc_nano.a(lib_a-stdio.o)
                0x08008e36                __sseek
 .text.__sclose
                0x08008e5a        0x8 c:/program files (x86)/gnu arm embedded toolchain/10 2021.10/bin/../lib/gcc/arm-none-eabi/10.3.1/../../../../arm-none-eabi/lib/thumb/v7e-m+fp/hard\libc_nano.a(lib_a-stdio.o)
                0x08008e5a                __sclose
 *fill*         0x08008e62        0x2 
 .text.__swbuf_r
                0x08008e64       0xa4 c:/program files (x86)/gnu arm embedded toolchain/10 2021.10/bin/../lib/gcc/arm-none-eabi/10.3.1/../../../../arm-none-eabi/lib/thumb/v7e-m+fp/hard\libc_nano.a(lib_a-wbuf.o)
                0x08008e64                __swbuf_r
 .text._write_r
                0x08008f08       0x24 c:/program files (x86)/gnu arm embedded toolchain/10 2021.10/bin/../lib/gcc/arm-none-eabi/10.3.1/../../../../arm-none-eabi/lib/thumb/v7e-m+fp/hard\libc_nano.a(lib_a-writer.o)
                0x08008f08                _write_r
 .text.__swsetup_r
                0x08008f2c       0xdc c:/program files (x86)/gnu arm embedded toolchain/10 2021.10/bin/../lib/gcc/arm-none-eabi/10.3.1/../../../../arm-none-eabi/lib/thumb/v7e-m+fp/hard\libc_nano.a(lib_a-wsetup.o)
                0x08008f2c                __swsetup_r
 .text._close_r
                0x08009008       0x20 c:/program files (x86)/gnu arm embedded toolchain/10 2021.10/bin/../lib/gcc/arm-none-eabi/10.3.1/../../../../arm-none-eabi/lib/thumb/v7e-m+fp/hard\libc_nano.a(lib_a-closer.o)
                0x08009008                _close_r
 .text._lseek_r
                0x08009028       0x24 c:/program files (x86)/gnu arm embedded toolchain/10 2021.10/bin/../lib/gcc/arm-none-eabi/10.3.1/../../../../arm-none-eabi/lib/thumb/v7e-m+fp/hard\libc_nano.a(lib_a-lseekr.o)
                0x08009028                _lseek_r
 .text.__swhatbuf_r
                0x0800904c       0x4a c:/program files (x86)/gnu arm embedded toolchain/10 2021.10/bin/../lib/gcc/arm-none-eabi/10.3.1/../../../../arm-none-eabi/lib/thumb/v7e-m+fp/hard\libc_nano.a(lib_a-makebuf.o)
                0x0800904c                __swhatbuf_r
 *fill*         0x08009096        0x2 
 .text.__smakebuf_r
                0x08009098       0x80 c:/program files (x86)/gnu arm embedded toolchain/10 2021.10/bin/../lib/gcc/arm-none-eabi/10.3.1/../../../../arm-none-eabi/lib/thumb/v7e-m+fp/hard\libc_nano.a(lib_a-makebuf.o)
                0x08009098                __smakebuf_r
 .text.__malloc_lock
                0x08009118        0xc c:/program files (x86)/gnu arm embedded toolchain/10 2021.10/bin/../lib/gcc/arm-none-eabi/10.3.1/../../../../arm-none-eabi/lib/thumb/v7e-m+fp/hard\libc_nano.a(lib_a-mlock.o)
                0x08009118                __malloc_lock
 .text.__malloc_unlock
                0x08009124        0xc c:/program files (x86)/gnu arm embedded toolchain/10 2021.10/bin/../lib/gcc/arm-none-eabi/10.3.1/../../../../arm-none-eabi/lib/thumb/v7e-m+fp/hard\libc_nano.a(lib_a-mlock.o)
                0x08009124                __malloc_unlock
 .text.__sfputc_r
                0x08009130       0x2e c:/program files (x86)/gnu arm embedded toolchain/10 2021.10/bin/../lib/gcc/arm-none-eabi/10.3.1/../../../../arm-none-eabi/lib/thumb/v7e-m+fp/hard\libc_nano.a(lib_a-nano-vfprintf.o)
 .text.__sfputs_r
                0x0800915e       0x24 c:/program files (x86)/gnu arm embedded toolchain/10 2021.10/bin/../lib/gcc/arm-none-eabi/10.3.1/../../../../arm-none-eabi/lib/thumb/v7e-m+fp/hard\libc_nano.a(lib_a-nano-vfprintf.o)
                0x0800915e                __sfputs_r
 *fill*         0x08009182        0x2 
 .text._vfprintf_r
                0x08009184      0x260 c:/program files (x86)/gnu arm embedded toolchain/10 2021.10/bin/../lib/gcc/arm-none-eabi/10.3.1/../../../../arm-none-eabi/lib/thumb/v7e-m+fp/hard\libc_nano.a(lib_a-nano-vfprintf.o)
                0x08009184                _vfprintf_r
                0x08009184                _vfiprintf_r
 .text._printf_common
                0x080093e4       0xda c:/program files (x86)/gnu arm embedded toolchain/10 2021.10/bin/../lib/gcc/arm-none-eabi/10.3.1/../../../../arm-none-eabi/lib/thumb/v7e-m+fp/hard\libc_nano.a(lib_a-nano-vfprintf_i.o)
                0x080093e4                _printf_common
 *fill*         0x080094be        0x2 
 .text._printf_i
                0x080094c0      0x24c c:/program files (x86)/gnu arm embedded toolchain/10 2021.10/bin/../lib/gcc/arm-none-eabi/10.3.1/../../../../arm-none-eabi/lib/thumb/v7e-m+fp/hard\libc_nano.a(lib_a-nano-vfprintf_i.o)
                0x080094c0                _printf_i
 .text._read_r  0x0800970c       0x24 c:/program files (x86)/gnu arm embedded toolchain/10 2021.10/bin/../lib/gcc/arm-none-eabi/10.3.1/../../../../arm-none-eabi/lib/thumb/v7e-m+fp/hard\libc_nano.a(lib_a-readr.o)
                0x0800970c                _read_r
 .text._fstat_r
                0x08009730       0x24 c:/program files (x86)/gnu arm embedded toolchain/10 2021.10/bin/../lib/gcc/arm-none-eabi/10.3.1/../../../../arm-none-eabi/lib/thumb/v7e-m+fp/hard\libc_nano.a(lib_a-fstatr.o)
                0x08009730                _fstat_r
 .text._isatty_r
                0x08009754       0x20 c:/program files (x86)/gnu arm embedded toolchain/10 2021.10/bin/../lib/gcc/arm-none-eabi/10.3.1/../../../../arm-none-eabi/lib/thumb/v7e-m+fp/hard\libc_nano.a(lib_a-isattyr.o)
                0x08009754                _isatty_r
 .text._close   0x08009774       0x10 c:/program files (x86)/gnu arm embedded toolchain/10 2021.10/bin/../lib/gcc/arm-none-eabi/10.3.1/../../../../arm-none-eabi/lib/thumb/v7e-m+fp/hard\libnosys.a(close.o)
                0x08009774                _close
 .text._fstat   0x08009784       0x10 c:/program files (x86)/gnu arm embedded toolchain/10 2021.10/bin/../lib/gcc/arm-none-eabi/10.3.1/../../../../arm-none-eabi/lib/thumb/v7e-m+fp/hard\libnosys.a(fstat.o)
                0x08009784                _fstat
 .text._isatty  0x08009794       0x10 c:/program files (x86)/gnu arm embedded toolchain/10 2021.10/bin/../lib/gcc/arm-none-eabi/10.3.1/../../../../arm-none-eabi/lib/thumb/v7e-m+fp/hard\libnosys.a(isatty.o)
                0x08009794                _isatty
 .text._lseek   0x080097a4       0x10 c:/program files (x86)/gnu arm embedded toolchain/10 2021.10/bin/../lib/gcc/arm-none-eabi/10.3.1/../../../../arm-none-eabi/lib/thumb/v7e-m+fp/hard\libnosys.a(lseek.o)
                0x080097a4                _lseek
 .text._read    0x080097b4       0x10 c:/program files (x86)/gnu arm embedded toolchain/10 2021.10/bin/../lib/gcc/arm-none-eabi/10.3.1/../../../../arm-none-eabi/lib/thumb/v7e-m+fp/hard\libnosys.a(read.o)
                0x080097b4                _read
 .text._sbrk    0x080097c4       0x1c c:/program files (x86)/gnu arm embedded toolchain/10 2021.10/bin/../lib/gcc/arm-none-eabi/10.3.1/../../../../arm-none-eabi/lib/thumb/v7e-m+fp/hard\libnosys.a(sbrk.o)
                0x080097c4                _sbrk
 .text._write   0x080097e0       0x10 c:/program files (x86)/gnu arm embedded toolchain/10 2021.10/bin/../lib/gcc/arm-none-eabi/10.3.1/../../../../arm-none-eabi/lib/thumb/v7e-m+fp/hard\libnosys.a(write.o)
                0x080097e0                _write
 *(.glue_7)
 .glue_7        0x080097f0        0x0 linker stubs
 *(.glue_7t)
 .glue_7t       0x080097f0        0x0 linker stubs
 *(.eh_frame)
 .eh_frame      0x080097f0        0x0 c:/program files (x86)/gnu arm embedded toolchain/10 2021.10/bin/../lib/gcc/arm-none-eabi/10.3.1/thumb/v7e-m+fp/hard/crtbegin.o
 *(.init)
 .init          0x080097f0        0x4 c:/program files (x86)/gnu arm embedded toolchain/10 2021.10/bin/../lib/gcc/arm-none-eabi/10.3.1/thumb/v7e-m+fp/hard/crti.o
                0x080097f0                _init
 .init          0x080097f4        0x8 c:/program files (x86)/gnu arm embedded toolchain/10 2021.10/bin/../lib/gcc/arm-none-eabi/10.3.1/thumb/v7e-m+fp/hard/crtn.o
 *(.fini)
 .fini          0x080097fc        0x4 c:/program files (x86)/gnu arm embedded toolchain/10 2021.10/bin/../lib/gcc/arm-none-eabi/10.3.1/thumb/v7e-m+fp/hard/crti.o
                0x080097fc                _fini
 .fini          0x08009800        0x8 c:/program files (x86)/gnu arm embedded toolchain/10 2021.10/bin/../lib/gcc/arm-none-eabi/10.3.1/thumb/v7e-m+fp/hard/crtn.o
                0x08009808                . = ALIGN (0x4)
                0x08009808                _etext = .

.vfp11_veneer   0x08009808        0x0
 .vfp11_veneer  0x08009808        0x0 linker stubs

.v4_bx          0x08009808        0x0
 .v4_bx         0x08009808        0x0 linker stubs

.iplt           0x08009808        0x0
 .iplt          0x08009808        0x0 c:/program files (x86)/gnu arm embedded toolchain/10 2021.10/bin/../lib/gcc/arm-none-eabi/10.3.1/thumb/v7e-m+fp/hard/crtbegin.o

.rodata         0x08009808      0x59c
                0x08009808                . = ALIGN (0x4)
 *(.rodata)
 *(.rodata*)
 .rodata.str1.4
                0x08009808       0x1a build/freertos.o
 *fill*         0x08009822        0x2 
 .rodata.Translate_CCR_attributes
                0x08009824       0x24 build/freertos.o
                0x08009824                Translate_CCR_attributes
 .rodata.canopenTask_attributes
                0x08009848       0x24 build/freertos.o
                0x08009848                canopenTask_attributes
 .rodata.aPLLMULFactorTable
                0x0800986c       0x10 build/stm32f3xx_hal_rcc.o
 .rodata.aPredivFactorTable
                0x0800987c       0x10 build/stm32f3xx_hal_rcc.o
 .rodata.AHBPrescTable
                0x0800988c       0x10 build/system_stm32f3xx.o
                0x0800988c                AHBPrescTable
 .rodata.APBPrescTable
                0x0800989c        0x8 build/system_stm32f3xx.o
                0x0800989c                APBPrescTable
 .rodata.vTaskStartScheduler.str1.4
                0x080098a4        0x5 build/tasks.o
 *fill*         0x080098a9        0x3 
 .rodata.prvCheckForValidListAndQueue.str1.4
                0x080098ac        0x5 build/timers.o
 *fill*         0x080098b1        0x3 
 .rodata.xTimerCreateTimerTask.str1.4
                0x080098b4        0x8 build/timers.o
 .rodata.abortCodes.0
                0x080098bc       0x68 build/CO_ODinterface.o
 .rodata.CO_LSS_bitTimingTableLookup
                0x08009924       0x14 build/CO_LSSslave.o
 .rodata.canopen_app_resetCommunication.str1.4
                0x08009938      0x139 build/CO_app_STM32.o
 *fill*         0x08009a71        0x3 
 .rodata.canopen_app_init.str1.4
                0x08009a74       0x48 build/CO_app_STM32.o
 .rodata.canopen_app_process.str1.4
                0x08009abc       0x41 build/CO_app_STM32.o
 *fill*         0x08009afd        0x3 
 .rodata.ODObjs
                0x08009b00      0x20c build/OD.o
 .rodata.__sf_fake_stderr
                0x08009d0c       0x20 c:/program files (x86)/gnu arm embedded toolchain/10 2021.10/bin/../lib/gcc/arm-none-eabi/10.3.1/../../../../arm-none-eabi/lib/thumb/v7e-m+fp/hard\libc_nano.a(lib_a-findfp.o)
                0x08009d0c                __sf_fake_stderr
 .rodata.__sf_fake_stdin
                0x08009d2c       0x20 c:/program files (x86)/gnu arm embedded toolchain/10 2021.10/bin/../lib/gcc/arm-none-eabi/10.3.1/../../../../arm-none-eabi/lib/thumb/v7e-m+fp/hard\libc_nano.a(lib_a-findfp.o)
                0x08009d2c                __sf_fake_stdin
 .rodata.__sf_fake_stdout
                0x08009d4c       0x20 c:/program files (x86)/gnu arm embedded toolchain/10 2021.10/bin/../lib/gcc/arm-none-eabi/10.3.1/../../../../arm-none-eabi/lib/thumb/v7e-m+fp/hard\libc_nano.a(lib_a-findfp.o)
                0x08009d4c                __sf_fake_stdout
 .rodata._global_impure_ptr
                0x08009d6c        0x4 c:/program files (x86)/gnu arm embedded toolchain/10 2021.10/bin/../lib/gcc/arm-none-eabi/10.3.1/../../../../arm-none-eabi/lib/thumb/v7e-m+fp/hard\libc_nano.a(lib_a-impure.o)
                0x08009d6c                _global_impure_ptr
 .rodata._vfprintf_r.str1.1
                0x08009d70       0x11 c:/program files (x86)/gnu arm embedded toolchain/10 2021.10/bin/../lib/gcc/arm-none-eabi/10.3.1/../../../../arm-none-eabi/lib/thumb/v7e-m+fp/hard\libc_nano.a(lib_a-nano-vfprintf.o)
 .rodata._printf_i.str1.1
                0x08009d81       0x22 c:/program files (x86)/gnu arm embedded toolchain/10 2021.10/bin/../lib/gcc/arm-none-eabi/10.3.1/../../../../arm-none-eabi/lib/thumb/v7e-m+fp/hard\libc_nano.a(lib_a-nano-vfprintf_i.o)
                0x08009da4                . = ALIGN (0x4)
 *fill*         0x08009da3        0x1 

.rel.dyn        0x08009da4        0x0
 .rel.iplt      0x08009da4        0x0 c:/program files (x86)/gnu arm embedded toolchain/10 2021.10/bin/../lib/gcc/arm-none-eabi/10.3.1/thumb/v7e-m+fp/hard/crtbegin.o

.ARM.extab
 *(.ARM.extab* .gnu.linkonce.armextab.*)

.ARM            0x08009da4        0x0
                0x08009da4                __exidx_start = .
 *(.ARM.exidx*)
                0x08009da4                __exidx_end = .

.preinit_array  0x08009da4        0x0
                0x08009da4                PROVIDE (__preinit_array_start = .)
 *(.preinit_array*)
                0x08009da4                PROVIDE (__preinit_array_end = .)

.init_array     0x08009da4        0x4
                0x08009da4                PROVIDE (__init_array_start = .)
 *(SORT_BY_NAME(.init_array.*))
 *(.init_array*)
 .init_array    0x08009da4        0x4 c:/program files (x86)/gnu arm embedded toolchain/10 2021.10/bin/../lib/gcc/arm-none-eabi/10.3.1/thumb/v7e-m+fp/hard/crtbegin.o
                0x08009da8                PROVIDE (__init_array_end = .)

.fini_array     0x08009da8        0x4
                [!provide]                PROVIDE (__fini_array_start = .)
 *(SORT_BY_NAME(.fini_array.*))
 *(.fini_array*)
 .fini_array    0x08009da8        0x4 c:/program files (x86)/gnu arm embedded toolchain/10 2021.10/bin/../lib/gcc/arm-none-eabi/10.3.1/thumb/v7e-m+fp/hard/crtbegin.o
                [!provide]                PROVIDE (__fini_array_end = .)
                0x08009dac                _sidata = LOADADDR (.data)

.data           0x20000000      0x258 load address 0x08009dac
                0x20000000                . = ALIGN (0x4)
                0x20000000                _sdata = .
 *(.data)
 *(.data*)
 .data.uwTickFreq
                0x20000000        0x1 build/stm32f3xx_hal.o
                0x20000000                uwTickFreq
 *fill*         0x20000001        0x3 
 .data.uwTickPrio
                0x20000004        0x4 build/stm32f3xx_hal.o
                0x20000004                uwTickPrio
 .data.SystemCoreClock
                0x20000008        0x4 build/system_stm32f3xx.o
                0x20000008                SystemCoreClock
 .data.uxCriticalNesting
                0x2000000c        0x4 build/port.o
 .data.OD       0x20000010        0x4 build/OD.o
                0x20000010                OD
 .data.ODList   0x20000014      0x108 build/OD.o
 .data.OD_PERSIST_COMM
                0x2000011c       0x9c build/OD.o
                0x2000011c                OD_PERSIST_COMM
 .data.OD_RAM   0x200001b8       0x34 build/OD.o
                0x200001b8                OD_RAM
 .data._OD      0x200001ec        0x8 build/OD.o
 .data._impure_ptr
                0x200001f4        0x4 c:/program files (x86)/gnu arm embedded toolchain/10 2021.10/bin/../lib/gcc/arm-none-eabi/10.3.1/../../../../arm-none-eabi/lib/thumb/v7e-m+fp/hard\libc_nano.a(lib_a-impure.o)
                0x200001f4                _impure_ptr
 .data.impure_data
                0x200001f8       0x60 c:/program files (x86)/gnu arm embedded toolchain/10 2021.10/bin/../lib/gcc/arm-none-eabi/10.3.1/../../../../arm-none-eabi/lib/thumb/v7e-m+fp/hard\libc_nano.a(lib_a-impure.o)
                0x20000258                . = ALIGN (0x4)
                0x20000258                _edata = .
                0x0800a004                _siccmram = LOADADDR (.ccmram)

.igot.plt       0x20000258        0x0 load address 0x0800a004
 .igot.plt      0x20000258        0x0 c:/program files (x86)/gnu arm embedded toolchain/10 2021.10/bin/../lib/gcc/arm-none-eabi/10.3.1/thumb/v7e-m+fp/hard/crtbegin.o

.ccmram         0x10000000        0x0 load address 0x0800a004
                0x10000000                . = ALIGN (0x4)
                0x10000000                _sccmram = .
 *(.ccmram)
 *(.ccmram*)
                0x10000000                . = ALIGN (0x4)
                0x10000000                _eccmram = .
                0x10000000                . = ALIGN (0x4)

.bss            0x20000258     0x1d68
                0x20000258                _sbss = .
                0x20000258                __bss_start__ = _sbss
 *(.bss)
 .bss           0x20000258       0x1c c:/program files (x86)/gnu arm embedded toolchain/10 2021.10/bin/../lib/gcc/arm-none-eabi/10.3.1/thumb/v7e-m+fp/hard/crtbegin.o
 *(.bss*)
 .bss.Translate_CCRHandle
                0x20000274        0x4 build/freertos.o
                0x20000274                Translate_CCRHandle
 .bss.canopenTaskHandle
                0x20000278        0x4 build/freertos.o
                0x20000278                canopenTaskHandle
 .bss.hcan      0x2000027c       0x64 build/can.o
                0x2000027c                hcan
 .bss.hdma_tim2_ch2_ch4
                0x200002e0       0x44 build/tim.o
                0x200002e0                hdma_tim2_ch2_ch4
 .bss.htim17    0x20000324       0xbc build/tim.o
                0x20000324                htim17
 .bss.htim2     0x200003e0       0xbc build/tim.o
                0x200003e0                htim2
 .bss.htim3     0x2000049c       0xbc build/tim.o
                0x2000049c                htim3
 .bss.htim1     0x20000558       0xbc build/stm32f3xx_hal_timebase_tim.o
                0x20000558                htim1
 .bss.uwTick    0x20000614        0x4 build/stm32f3xx_hal.o
                0x20000614                uwTick
 .bss.xQueueRegistry
                0x20000618       0x40 build/queue.o
                0x20000618                xQueueRegistry
 .bss.pxCurrentTCB
                0x20000658        0x4 build/tasks.o
                0x20000658                pxCurrentTCB
 .bss.pxDelayedTaskList
                0x2000065c        0x4 build/tasks.o
 .bss.pxOverflowDelayedTaskList
                0x20000660        0x4 build/tasks.o
 .bss.pxReadyTasksLists
                0x20000664      0x460 build/tasks.o
 .bss.uxCurrentNumberOfTasks
                0x20000ac4        0x4 build/tasks.o
 .bss.uxDeletedTasksWaitingCleanUp
                0x20000ac8        0x4 build/tasks.o
 .bss.uxPendedTicks
                0x20000acc        0x4 build/tasks.o
 .bss.uxSchedulerSuspended
                0x20000ad0        0x4 build/tasks.o
 .bss.uxTaskNumber
                0x20000ad4        0x4 build/tasks.o
 .bss.uxTopReadyPriority
                0x20000ad8        0x4 build/tasks.o
 .bss.xDelayedTaskList1
                0x20000adc       0x14 build/tasks.o
 .bss.xDelayedTaskList2
                0x20000af0       0x14 build/tasks.o
 .bss.xIdleTaskHandle
                0x20000b04        0x4 build/tasks.o
 .bss.xNextTaskUnblockTime
                0x20000b08        0x4 build/tasks.o
 .bss.xNumOfOverflows
                0x20000b0c        0x4 build/tasks.o
 .bss.xPendingReadyList
                0x20000b10       0x14 build/tasks.o
 .bss.xSchedulerRunning
                0x20000b24        0x4 build/tasks.o
 .bss.xSuspendedTaskList
                0x20000b28       0x14 build/tasks.o
 .bss.xTasksWaitingTermination
                0x20000b3c       0x14 build/tasks.o
 .bss.xTickCount
                0x20000b50        0x4 build/tasks.o
 .bss.xYieldPending
                0x20000b54        0x4 build/tasks.o
 .bss.pxCurrentTimerList
                0x20000b58        0x4 build/timers.o
 .bss.pxOverflowTimerList
                0x20000b5c        0x4 build/timers.o
 .bss.ucStaticTimerQueueStorage.1
                0x20000b60       0xa0 build/timers.o
 .bss.xActiveTimerList1
                0x20000c00       0x14 build/timers.o
 .bss.xActiveTimerList2
                0x20000c14       0x14 build/timers.o
 .bss.xLastTime.2
                0x20000c28        0x4 build/timers.o
 .bss.xStaticTimerQueue.0
                0x20000c2c       0x50 build/timers.o
 .bss.xTimerQueue
                0x20000c7c        0x4 build/timers.o
 .bss.xTimerTaskHandle
                0x20000c80        0x4 build/timers.o
 .bss.Idle_Stack
                0x20000c84      0x200 build/cmsis_os2.o
 .bss.Idle_TCB  0x20000e84       0x5c build/cmsis_os2.o
 .bss.KernelState
                0x20000ee0        0x4 build/cmsis_os2.o
 .bss.Timer_Stack
                0x20000ee4      0x400 build/cmsis_os2.o
 .bss.Timer_TCB
                0x200012e4       0x5c build/cmsis_os2.o
 .bss.pxEnd     0x20001340        0x4 build/heap_4.o
 .bss.ucHeap    0x20001344      0xc00 build/heap_4.o
 .bss.xBlockAllocatedBit
                0x20001f44        0x4 build/heap_4.o
 .bss.xFreeBytesRemaining
                0x20001f48        0x4 build/heap_4.o
 .bss.xMinimumEverFreeBytesRemaining
                0x20001f4c        0x4 build/heap_4.o
 .bss.xStart    0x20001f50        0x8 build/heap_4.o
 .bss.ucMaxSysCallPriority
                0x20001f58        0x1 build/port.o
 *fill*         0x20001f59        0x3 
 .bss.ulMaxPRIGROUPValue
                0x20001f5c        0x4 build/port.o
 .bss.CO        0x20001f60        0x4 build/CO_app_STM32.o
                0x20001f60                CO
 .bss.canopenNodeSTM32
                0x20001f64        0x4 build/CO_app_STM32.o
                0x20001f64                canopenNodeSTM32
 .bss.err       0x20001f68        0x1 build/CO_app_STM32.o
                0x20001f68                err
 *fill*         0x20001f69        0x3 
 .bss.time_current
                0x20001f6c        0x4 build/CO_app_STM32.o
                0x20001f6c                time_current
 .bss.time_old  0x20001f70        0x4 build/CO_app_STM32.o
                0x20001f70                time_old
 .bss.CANModule_local
                0x20001f74        0x4 build/CO_driver_STM32.o
 .bss.rx_hdr.0  0x20001f78       0x1c build/CO_driver_STM32.o
 .bss.tx_hdr.1  0x20001f94       0x18 build/CO_driver_STM32.o
 .bss.__lock___malloc_recursive_mutex
                0x20001fac        0x1 c:/program files (x86)/gnu arm embedded toolchain/10 2021.10/bin/../lib/gcc/arm-none-eabi/10.3.1/../../../../arm-none-eabi/lib/thumb/v7e-m+fp/hard\libc_nano.a(lib_a-lock.o)
                0x20001fac                __lock___malloc_recursive_mutex
 .bss.__lock___sfp_recursive_mutex
                0x20001fad        0x1 c:/program files (x86)/gnu arm embedded toolchain/10 2021.10/bin/../lib/gcc/arm-none-eabi/10.3.1/../../../../arm-none-eabi/lib/thumb/v7e-m+fp/hard\libc_nano.a(lib_a-lock.o)
                0x20001fad                __lock___sfp_recursive_mutex
 .bss.__lock___sinit_recursive_mutex
                0x20001fae        0x1 c:/program files (x86)/gnu arm embedded toolchain/10 2021.10/bin/../lib/gcc/arm-none-eabi/10.3.1/../../../../arm-none-eabi/lib/thumb/v7e-m+fp/hard\libc_nano.a(lib_a-lock.o)
                0x20001fae                __lock___sinit_recursive_mutex
 *fill*         0x20001faf        0x1 
 .bss.__malloc_free_list
                0x20001fb0        0x4 c:/program files (x86)/gnu arm embedded toolchain/10 2021.10/bin/../lib/gcc/arm-none-eabi/10.3.1/../../../../arm-none-eabi/lib/thumb/v7e-m+fp/hard\libc_nano.a(lib_a-nano-mallocr.o)
                0x20001fb0                __malloc_free_list
 .bss.__malloc_sbrk_start
                0x20001fb4        0x4 c:/program files (x86)/gnu arm embedded toolchain/10 2021.10/bin/../lib/gcc/arm-none-eabi/10.3.1/../../../../arm-none-eabi/lib/thumb/v7e-m+fp/hard\libc_nano.a(lib_a-nano-mallocr.o)
                0x20001fb4                __malloc_sbrk_start
 .bss.errno     0x20001fb8        0x4 c:/program files (x86)/gnu arm embedded toolchain/10 2021.10/bin/../lib/gcc/arm-none-eabi/10.3.1/../../../../arm-none-eabi/lib/thumb/v7e-m+fp/hard\libc_nano.a(lib_a-reent.o)
                0x20001fb8                errno
 .bss.heap_end.0
                0x20001fbc        0x4 c:/program files (x86)/gnu arm embedded toolchain/10 2021.10/bin/../lib/gcc/arm-none-eabi/10.3.1/../../../../arm-none-eabi/lib/thumb/v7e-m+fp/hard\libnosys.a(sbrk.o)
 *(COMMON)
                0x20001fc0                . = ALIGN (0x4)
                0x20001fc0                _ebss = .
                0x20001fc0                __bss_end__ = _ebss

._user_heap_stack
                0x20001fc0      0x600
                0x20001fc0                . = ALIGN (0x8)
                0x20001fc0                PROVIDE (end = .)
                [!provide]                PROVIDE (_end = .)
                0x200021c0                . = (. + _Min_Heap_Size)
 *fill*         0x20001fc0      0x200 
                0x200025c0                . = (. + _Min_Stack_Size)
 *fill*         0x200021c0      0x400 
                0x200025c0                . = ALIGN (0x8)

/DISCARD/
 libc.a(*)
 libm.a(*)
 libgcc.a(*)

.ARM.attributes
                0x00000000       0x30
 *(.ARM.attributes)
 .ARM.attributes
                0x00000000       0x1e c:/program files (x86)/gnu arm embedded toolchain/10 2021.10/bin/../lib/gcc/arm-none-eabi/10.3.1/thumb/v7e-m+fp/hard/crti.o
 .ARM.attributes
                0x0000001e       0x34 c:/program files (x86)/gnu arm embedded toolchain/10 2021.10/bin/../lib/gcc/arm-none-eabi/10.3.1/thumb/v7e-m+fp/hard/crtbegin.o
 .ARM.attributes
                0x00000052       0x34 build/main.o
 .ARM.attributes
                0x00000086       0x34 build/gpio.o
 .ARM.attributes
                0x000000ba       0x34 build/freertos.o
 .ARM.attributes
                0x000000ee       0x34 build/can.o
 .ARM.attributes
                0x00000122       0x34 build/tim.o
 .ARM.attributes
                0x00000156       0x34 build/stm32f3xx_it.o
 .ARM.attributes
                0x0000018a       0x34 build/stm32f3xx_hal_msp.o
 .ARM.attributes
                0x000001be       0x34 build/stm32f3xx_hal_timebase_tim.o
 .ARM.attributes
                0x000001f2       0x34 build/stm32f3xx_hal_can.o
 .ARM.attributes
                0x00000226       0x34 build/stm32f3xx_hal.o
 .ARM.attributes
                0x0000025a       0x34 build/stm32f3xx_hal_rcc.o
 .ARM.attributes
                0x0000028e       0x34 build/stm32f3xx_hal_gpio.o
 .ARM.attributes
                0x000002c2       0x34 build/stm32f3xx_hal_dma.o
 .ARM.attributes
                0x000002f6       0x34 build/stm32f3xx_hal_cortex.o
 .ARM.attributes
                0x0000032a       0x34 build/stm32f3xx_hal_tim.o
 .ARM.attributes
                0x0000035e       0x34 build/stm32f3xx_hal_tim_ex.o
 .ARM.attributes
                0x00000392       0x34 build/system_stm32f3xx.o
 .ARM.attributes
                0x000003c6       0x34 build/list.o
 .ARM.attributes
                0x000003fa       0x34 build/queue.o
 .ARM.attributes
                0x0000042e       0x34 build/tasks.o
 .ARM.attributes
                0x00000462       0x34 build/timers.o
 .ARM.attributes
                0x00000496       0x34 build/cmsis_os2.o
 .ARM.attributes
                0x000004ca       0x34 build/heap_4.o
 .ARM.attributes
                0x000004fe       0x34 build/port.o
 .ARM.attributes
                0x00000532       0x34 build/CO_ODinterface.o
 .ARM.attributes
                0x00000566       0x34 build/CO_NMT_Heartbeat.o
 .ARM.attributes
                0x0000059a       0x34 build/CO_HBconsumer.o
 .ARM.attributes
                0x000005ce       0x34 build/CO_Emergency.o
 .ARM.attributes
                0x00000602       0x34 build/CO_SDOserver.o
 .ARM.attributes
                0x00000636       0x34 build/CO_TIME.o
 .ARM.attributes
                0x0000066a       0x34 build/CO_SYNC.o
 .ARM.attributes
                0x0000069e       0x34 build/CO_PDO.o
 .ARM.attributes
                0x000006d2       0x34 build/CO_LEDs.o
 .ARM.attributes
                0x00000706       0x34 build/CO_LSSslave.o
 .ARM.attributes
                0x0000073a       0x34 build/CANopen.o
 .ARM.attributes
                0x0000076e       0x34 build/CO_app_STM32.o
 .ARM.attributes
                0x000007a2       0x34 build/CO_driver_STM32.o
 .ARM.attributes
                0x000007d6       0x34 build/OD.o
 .ARM.attributes
                0x0000080a       0x34 build/dma.o
 .ARM.attributes
                0x0000083e       0x21 build/startup_stm32f303x8.o
 .ARM.attributes
                0x0000085f       0x34 c:/program files (x86)/gnu arm embedded toolchain/10 2021.10/bin/../lib/gcc/arm-none-eabi/10.3.1/../../../../arm-none-eabi/lib/thumb/v7e-m+fp/hard\libc_nano.a(lib_a-calloc.o)
 .ARM.attributes
                0x00000893       0x34 c:/program files (x86)/gnu arm embedded toolchain/10 2021.10/bin/../lib/gcc/arm-none-eabi/10.3.1/../../../../arm-none-eabi/lib/thumb/v7e-m+fp/hard\libc_nano.a(lib_a-fflush.o)
 .ARM.attributes
                0x000008c7       0x34 c:/program files (x86)/gnu arm embedded toolchain/10 2021.10/bin/../lib/gcc/arm-none-eabi/10.3.1/../../../../arm-none-eabi/lib/thumb/v7e-m+fp/hard\libc_nano.a(lib_a-findfp.o)
 .ARM.attributes
                0x000008fb       0x34 c:/program files (x86)/gnu arm embedded toolchain/10 2021.10/bin/../lib/gcc/arm-none-eabi/10.3.1/../../../../arm-none-eabi/lib/thumb/v7e-m+fp/hard\libc_nano.a(lib_a-fwalk.o)
 .ARM.attributes
                0x0000092f       0x34 c:/program files (x86)/gnu arm embedded toolchain/10 2021.10/bin/../lib/gcc/arm-none-eabi/10.3.1/../../../../arm-none-eabi/lib/thumb/v7e-m+fp/hard\libc_nano.a(lib_a-impure.o)
 .ARM.attributes
                0x00000963       0x34 c:/program files (x86)/gnu arm embedded toolchain/10 2021.10/bin/../lib/gcc/arm-none-eabi/10.3.1/../../../../arm-none-eabi/lib/thumb/v7e-m+fp/hard\libc_nano.a(lib_a-init.o)
 .ARM.attributes
                0x00000997       0x34 c:/program files (x86)/gnu arm embedded toolchain/10 2021.10/bin/../lib/gcc/arm-none-eabi/10.3.1/../../../../arm-none-eabi/lib/thumb/v7e-m+fp/hard\libc_nano.a(lib_a-lock.o)
 .ARM.attributes
                0x000009cb       0x34 c:/program files (x86)/gnu arm embedded toolchain/10 2021.10/bin/../lib/gcc/arm-none-eabi/10.3.1/../../../../arm-none-eabi/lib/thumb/v7e-m+fp/hard\libc_nano.a(lib_a-malloc.o)
 .ARM.attributes
                0x000009ff       0x34 c:/program files (x86)/gnu arm embedded toolchain/10 2021.10/bin/../lib/gcc/arm-none-eabi/10.3.1/../../../../arm-none-eabi/lib/thumb/v7e-m+fp/hard\libc_nano.a(lib_a-memcpy-stub.o)
 .ARM.attributes
                0x00000a33       0x34 c:/program files (x86)/gnu arm embedded toolchain/10 2021.10/bin/../lib/gcc/arm-none-eabi/10.3.1/../../../../arm-none-eabi/lib/thumb/v7e-m+fp/hard\libc_nano.a(lib_a-memmove.o)
 .ARM.attributes
                0x00000a67       0x34 c:/program files (x86)/gnu arm embedded toolchain/10 2021.10/bin/../lib/gcc/arm-none-eabi/10.3.1/../../../../arm-none-eabi/lib/thumb/v7e-m+fp/hard\libc_nano.a(lib_a-memset.o)
 .ARM.attributes
                0x00000a9b       0x34 c:/program files (x86)/gnu arm embedded toolchain/10 2021.10/bin/../lib/gcc/arm-none-eabi/10.3.1/../../../../arm-none-eabi/lib/thumb/v7e-m+fp/hard\libc_nano.a(lib_a-nano-callocr.o)
 .ARM.attributes
                0x00000acf       0x34 c:/program files (x86)/gnu arm embedded toolchain/10 2021.10/bin/../lib/gcc/arm-none-eabi/10.3.1/../../../../arm-none-eabi/lib/thumb/v7e-m+fp/hard\libc_nano.a(lib_a-nano-freer.o)
 .ARM.attributes
                0x00000b03       0x34 c:/program files (x86)/gnu arm embedded toolchain/10 2021.10/bin/../lib/gcc/arm-none-eabi/10.3.1/../../../../arm-none-eabi/lib/thumb/v7e-m+fp/hard\libc_nano.a(lib_a-nano-mallocr.o)
 .ARM.attributes
                0x00000b37       0x34 c:/program files (x86)/gnu arm embedded toolchain/10 2021.10/bin/../lib/gcc/arm-none-eabi/10.3.1/../../../../arm-none-eabi/lib/thumb/v7e-m+fp/hard\libc_nano.a(lib_a-printf.o)
 .ARM.attributes
                0x00000b6b       0x34 c:/program files (x86)/gnu arm embedded toolchain/10 2021.10/bin/../lib/gcc/arm-none-eabi/10.3.1/../../../../arm-none-eabi/lib/thumb/v7e-m+fp/hard\libc_nano.a(lib_a-puts.o)
 .ARM.attributes
                0x00000b9f       0x34 c:/program files (x86)/gnu arm embedded toolchain/10 2021.10/bin/../lib/gcc/arm-none-eabi/10.3.1/../../../../arm-none-eabi/lib/thumb/v7e-m+fp/hard\libc_nano.a(lib_a-sbrkr.o)
 .ARM.attributes
                0x00000bd3       0x34 c:/program files (x86)/gnu arm embedded toolchain/10 2021.10/bin/../lib/gcc/arm-none-eabi/10.3.1/../../../../arm-none-eabi/lib/thumb/v7e-m+fp/hard\libc_nano.a(lib_a-stdio.o)
 .ARM.attributes
                0x00000c07       0x17 c:/program files (x86)/gnu arm embedded toolchain/10 2021.10/bin/../lib/gcc/arm-none-eabi/10.3.1/../../../../arm-none-eabi/lib/thumb/v7e-m+fp/hard\libc_nano.a(lib_a-strlen.o)
 .ARM.attributes
                0x00000c1e       0x34 c:/program files (x86)/gnu arm embedded toolchain/10 2021.10/bin/../lib/gcc/arm-none-eabi/10.3.1/../../../../arm-none-eabi/lib/thumb/v7e-m+fp/hard\libc_nano.a(lib_a-wbuf.o)
 .ARM.attributes
                0x00000c52       0x34 c:/program files (x86)/gnu arm embedded toolchain/10 2021.10/bin/../lib/gcc/arm-none-eabi/10.3.1/../../../../arm-none-eabi/lib/thumb/v7e-m+fp/hard\libc_nano.a(lib_a-writer.o)
 .ARM.attributes
                0x00000c86       0x34 c:/program files (x86)/gnu arm embedded toolchain/10 2021.10/bin/../lib/gcc/arm-none-eabi/10.3.1/../../../../arm-none-eabi/lib/thumb/v7e-m+fp/hard\libc_nano.a(lib_a-wsetup.o)
 .ARM.attributes
                0x00000cba       0x34 c:/program files (x86)/gnu arm embedded toolchain/10 2021.10/bin/../lib/gcc/arm-none-eabi/10.3.1/../../../../arm-none-eabi/lib/thumb/v7e-m+fp/hard\libc_nano.a(lib_a-closer.o)
 .ARM.attributes
                0x00000cee       0x34 c:/program files (x86)/gnu arm embedded toolchain/10 2021.10/bin/../lib/gcc/arm-none-eabi/10.3.1/../../../../arm-none-eabi/lib/thumb/v7e-m+fp/hard\libc_nano.a(lib_a-lseekr.o)
 .ARM.attributes
                0x00000d22       0x34 c:/program files (x86)/gnu arm embedded toolchain/10 2021.10/bin/../lib/gcc/arm-none-eabi/10.3.1/../../../../arm-none-eabi/lib/thumb/v7e-m+fp/hard\libc_nano.a(lib_a-makebuf.o)
 .ARM.attributes
                0x00000d56       0x34 c:/program files (x86)/gnu arm embedded toolchain/10 2021.10/bin/../lib/gcc/arm-none-eabi/10.3.1/../../../../arm-none-eabi/lib/thumb/v7e-m+fp/hard\libc_nano.a(lib_a-mlock.o)
 .ARM.attributes
                0x00000d8a       0x34 c:/program files (x86)/gnu arm embedded toolchain/10 2021.10/bin/../lib/gcc/arm-none-eabi/10.3.1/../../../../arm-none-eabi/lib/thumb/v7e-m+fp/hard\libc_nano.a(lib_a-nano-vfprintf.o)
 .ARM.attributes
                0x00000dbe       0x34 c:/program files (x86)/gnu arm embedded toolchain/10 2021.10/bin/../lib/gcc/arm-none-eabi/10.3.1/../../../../arm-none-eabi/lib/thumb/v7e-m+fp/hard\libc_nano.a(lib_a-nano-vfprintf_i.o)
 .ARM.attributes
                0x00000df2       0x34 c:/program files (x86)/gnu arm embedded toolchain/10 2021.10/bin/../lib/gcc/arm-none-eabi/10.3.1/../../../../arm-none-eabi/lib/thumb/v7e-m+fp/hard\libc_nano.a(lib_a-readr.o)
 .ARM.attributes
                0x00000e26       0x34 c:/program files (x86)/gnu arm embedded toolchain/10 2021.10/bin/../lib/gcc/arm-none-eabi/10.3.1/../../../../arm-none-eabi/lib/thumb/v7e-m+fp/hard\libc_nano.a(lib_a-reent.o)
 .ARM.attributes
                0x00000e5a       0x34 c:/program files (x86)/gnu arm embedded toolchain/10 2021.10/bin/../lib/gcc/arm-none-eabi/10.3.1/../../../../arm-none-eabi/lib/thumb/v7e-m+fp/hard\libc_nano.a(lib_a-fstatr.o)
 .ARM.attributes
                0x00000e8e       0x34 c:/program files (x86)/gnu arm embedded toolchain/10 2021.10/bin/../lib/gcc/arm-none-eabi/10.3.1/../../../../arm-none-eabi/lib/thumb/v7e-m+fp/hard\libc_nano.a(lib_a-isattyr.o)
 .ARM.attributes
                0x00000ec2       0x1c c:/program files (x86)/gnu arm embedded toolchain/10 2021.10/bin/../lib/gcc/arm-none-eabi/10.3.1/../../../../arm-none-eabi/lib/thumb/v7e-m+fp/hard\libc_nano.a(lib_a-memchr.o)
 .ARM.attributes
                0x00000ede       0x34 c:/program files (x86)/gnu arm embedded toolchain/10 2021.10/bin/../lib/gcc/arm-none-eabi/10.3.1/../../../../arm-none-eabi/lib/thumb/v7e-m+fp/hard\libnosys.a(close.o)
 .ARM.attributes
                0x00000f12       0x34 c:/program files (x86)/gnu arm embedded toolchain/10 2021.10/bin/../lib/gcc/arm-none-eabi/10.3.1/../../../../arm-none-eabi/lib/thumb/v7e-m+fp/hard\libnosys.a(fstat.o)
 .ARM.attributes
                0x00000f46       0x34 c:/program files (x86)/gnu arm embedded toolchain/10 2021.10/bin/../lib/gcc/arm-none-eabi/10.3.1/../../../../arm-none-eabi/lib/thumb/v7e-m+fp/hard\libnosys.a(isatty.o)
 .ARM.attributes
                0x00000f7a       0x34 c:/program files (x86)/gnu arm embedded toolchain/10 2021.10/bin/../lib/gcc/arm-none-eabi/10.3.1/../../../../arm-none-eabi/lib/thumb/v7e-m+fp/hard\libnosys.a(lseek.o)
 .ARM.attributes
                0x00000fae       0x34 c:/program files (x86)/gnu arm embedded toolchain/10 2021.10/bin/../lib/gcc/arm-none-eabi/10.3.1/../../../../arm-none-eabi/lib/thumb/v7e-m+fp/hard\libnosys.a(read.o)
 .ARM.attributes
                0x00000fe2       0x34 c:/program files (x86)/gnu arm embedded toolchain/10 2021.10/bin/../lib/gcc/arm-none-eabi/10.3.1/../../../../arm-none-eabi/lib/thumb/v7e-m+fp/hard\libnosys.a(sbrk.o)
 .ARM.attributes
                0x00001016       0x34 c:/program files (x86)/gnu arm embedded toolchain/10 2021.10/bin/../lib/gcc/arm-none-eabi/10.3.1/../../../../arm-none-eabi/lib/thumb/v7e-m+fp/hard\libnosys.a(write.o)
 .ARM.attributes
                0x0000104a       0x1e c:/program files (x86)/gnu arm embedded toolchain/10 2021.10/bin/../lib/gcc/arm-none-eabi/10.3.1/thumb/v7e-m+fp/hard/crtn.o
OUTPUT(build/cityscope_proximity_controller.elf elf32-littlearm)
LOAD linker stubs
LOAD c:/program files (x86)/gnu arm embedded toolchain/10 2021.10/bin/../lib/gcc/arm-none-eabi/10.3.1/../../../../arm-none-eabi/lib/thumb/v7e-m+fp/hard\libc.a
LOAD c:/program files (x86)/gnu arm embedded toolchain/10 2021.10/bin/../lib/gcc/arm-none-eabi/10.3.1/../../../../arm-none-eabi/lib/thumb/v7e-m+fp/hard\libm.a
LOAD c:/program files (x86)/gnu arm embedded toolchain/10 2021.10/bin/../lib/gcc/arm-none-eabi/10.3.1/thumb/v7e-m+fp/hard\libgcc.a

.debug_info     0x00000000    0x38d09
 .debug_info    0x00000000     0x2834 build/main.o
 .debug_info    0x00002834      0x394 build/gpio.o
 .debug_info    0x00002bc8     0x2a9c build/freertos.o
 .debug_info    0x00005664      0xbed build/can.o
 .debug_info    0x00006251     0x1279 build/tim.o
 .debug_info    0x000074ca      0xfda build/stm32f3xx_it.o
 .debug_info    0x000084a4      0x341 build/stm32f3xx_hal_msp.o
 .debug_info    0x000087e5      0xe93 build/stm32f3xx_hal_timebase_tim.o
 .debug_info    0x00009678     0x15d2 build/stm32f3xx_hal_can.o
 .debug_info    0x0000ac4a      0x8a8 build/stm32f3xx_hal.o
 .debug_info    0x0000b4f2     0x16db build/stm32f3xx_hal_rcc.o
 .debug_info    0x0000cbcd      0x824 build/stm32f3xx_hal_gpio.o
 .debug_info    0x0000d3f1      0x8f7 build/stm32f3xx_hal_dma.o
 .debug_info    0x0000dce8      0xe2e build/stm32f3xx_hal_cortex.o
 .debug_info    0x0000eb16     0x453a build/stm32f3xx_hal_tim.o
 .debug_info    0x00013050     0x1f0f build/stm32f3xx_hal_tim_ex.o
 .debug_info    0x00014f5f      0x47d build/system_stm32f3xx.o
 .debug_info    0x000153dc      0x309 build/list.o
 .debug_info    0x000156e5     0x286e build/queue.o
 .debug_info    0x00017f53     0x31b8 build/tasks.o
 .debug_info    0x0001b10b     0x1a78 build/timers.o
 .debug_info    0x0001cb83     0x4d85 build/cmsis_os2.o
 .debug_info    0x00021908      0x49b build/heap_4.o
 .debug_info    0x00021da3      0x5c8 build/port.o
 .debug_info    0x0002236b      0xce8 build/CO_ODinterface.o
 .debug_info    0x00023053     0x122f build/CO_NMT_Heartbeat.o
 .debug_info    0x00024282     0x1410 build/CO_HBconsumer.o
 .debug_info    0x00025692     0x15ec build/CO_Emergency.o
 .debug_info    0x00026c7e     0x1fcf build/CO_SDOserver.o
 .debug_info    0x00028c4d      0xc2e build/CO_TIME.o
 .debug_info    0x0002987b     0x1566 build/CO_SYNC.o
 .debug_info    0x0002ade1     0x2ceb build/CO_PDO.o
 .debug_info    0x0002dacc      0x437 build/CO_LEDs.o
 .debug_info    0x0002df03      0xda6 build/CO_LSSslave.o
 .debug_info    0x0002eca9     0x29c2 build/CANopen.o
 .debug_info    0x0003166b     0x3754 build/CO_app_STM32.o
 .debug_info    0x00034dbf     0x3131 build/CO_driver_STM32.o
 .debug_info    0x00037ef0      0xab2 build/OD.o
 .debug_info    0x000389a2      0x345 build/dma.o
 .debug_info    0x00038ce7       0x22 build/startup_stm32f303x8.o

.debug_abbrev   0x00000000     0x6a84
 .debug_abbrev  0x00000000      0x2ff build/main.o
 .debug_abbrev  0x000002ff      0x151 build/gpio.o
 .debug_abbrev  0x00000450      0x295 build/freertos.o
 .debug_abbrev  0x000006e5      0x1e8 build/can.o
 .debug_abbrev  0x000008cd      0x217 build/tim.o
 .debug_abbrev  0x00000ae4      0x1ad build/stm32f3xx_it.o
 .debug_abbrev  0x00000c91      0x10a build/stm32f3xx_hal_msp.o
 .debug_abbrev  0x00000d9b      0x22f build/stm32f3xx_hal_timebase_tim.o
 .debug_abbrev  0x00000fca      0x280 build/stm32f3xx_hal_can.o
 .debug_abbrev  0x0000124a      0x20a build/stm32f3xx_hal.o
 .debug_abbrev  0x00001454      0x321 build/stm32f3xx_hal_rcc.o
 .debug_abbrev  0x00001775      0x222 build/stm32f3xx_hal_gpio.o
 .debug_abbrev  0x00001997      0x24d build/stm32f3xx_hal_dma.o
 .debug_abbrev  0x00001be4      0x359 build/stm32f3xx_hal_cortex.o
 .debug_abbrev  0x00001f3d      0x2c8 build/stm32f3xx_hal_tim.o
 .debug_abbrev  0x00002205      0x2b9 build/stm32f3xx_hal_tim_ex.o
 .debug_abbrev  0x000024be      0x11b build/system_stm32f3xx.o
 .debug_abbrev  0x000025d9      0x124 build/list.o
 .debug_abbrev  0x000026fd      0x3e7 build/queue.o
 .debug_abbrev  0x00002ae4      0x387 build/tasks.o
 .debug_abbrev  0x00002e6b      0x35d build/timers.o
 .debug_abbrev  0x000031c8      0x459 build/cmsis_os2.o
 .debug_abbrev  0x00003621      0x255 build/heap_4.o
 .debug_abbrev  0x00003876      0x28a build/port.o
 .debug_abbrev  0x00003b00      0x2c6 build/CO_ODinterface.o
 .debug_abbrev  0x00003dc6      0x31d build/CO_NMT_Heartbeat.o
 .debug_abbrev  0x000040e3      0x358 build/CO_HBconsumer.o
 .debug_abbrev  0x0000443b      0x3a8 build/CO_Emergency.o
 .debug_abbrev  0x000047e3      0x3e7 build/CO_SDOserver.o
 .debug_abbrev  0x00004bca      0x2dd build/CO_TIME.o
 .debug_abbrev  0x00004ea7      0x3ae build/CO_SYNC.o
 .debug_abbrev  0x00005255      0x470 build/CO_PDO.o
 .debug_abbrev  0x000056c5      0x151 build/CO_LEDs.o
 .debug_abbrev  0x00005816      0x2d4 build/CO_LSSslave.o
 .debug_abbrev  0x00005aea      0x3e1 build/CANopen.o
 .debug_abbrev  0x00005ecb      0x483 build/CO_app_STM32.o
 .debug_abbrev  0x0000634e      0x48b build/CO_driver_STM32.o
 .debug_abbrev  0x000067d9      0x182 build/OD.o