Archive member included to satisfy reference by file (symbol)

c:/program files (x86)/gnu arm embedded toolchain/10 2021.10/bin/../lib/gcc/arm-none-eabi/10.3.1/../../../../arm-none-eabi/lib/thumb/v7e-m+fp/hard\libc_nano.a(lib_a-calloc.o)
                              build/CANopen.o (calloc)
c:/program files (x86)/gnu arm embedded toolchain/10 2021.10/bin/../lib/gcc/arm-none-eabi/10.3.1/../../../../arm-none-eabi/lib/thumb/v7e-m+fp/hard\libc_nano.a(lib_a-exit.o)
                              c:/program files (x86)/gnu arm embedded toolchain/10 2021.10/bin/../lib/gcc/arm-none-eabi/10.3.1/../../../../arm-none-eabi/lib/thumb/v7e-m+fp/hard/crt0.o (exit)
c:/program files (x86)/gnu arm embedded toolchain/10 2021.10/bin/../lib/gcc/arm-none-eabi/10.3.1/../../../../arm-none-eabi/lib/thumb/v7e-m+fp/hard\libc_nano.a(lib_a-fflush.o)
                              build/CO_app_STM32.o (fflush)
c:/program files (x86)/gnu arm embedded toolchain/10 2021.10/bin/../lib/gcc/arm-none-eabi/10.3.1/../../../../arm-none-eabi/lib/thumb/v7e-m+fp/hard\libc_nano.a(lib_a-findfp.o)
                              c:/program files (x86)/gnu arm embedded toolchain/10 2021.10/bin/../lib/gcc/arm-none-eabi/10.3.1/../../../../arm-none-eabi/lib/thumb/v7e-m+fp/hard\libc_nano.a(lib_a-fflush.o) (__sinit)
c:/program files (x86)/gnu arm embedded toolchain/10 2021.10/bin/../lib/gcc/arm-none-eabi/10.3.1/../../../../arm-none-eabi/lib/thumb/v7e-m+fp/hard\libc_nano.a(lib_a-fwalk.o)
                              c:/program files (x86)/gnu arm embedded toolchain/10 2021.10/bin/../lib/gcc/arm-none-eabi/10.3.1/../../../../arm-none-eabi/lib/thumb/v7e-m+fp/hard\libc_nano.a(lib_a-findfp.o) (_fwalk)
c:/program files (x86)/gnu arm embedded toolchain/10 2021.10/bin/../lib/gcc/arm-none-eabi/10.3.1/../../../../arm-none-eabi/lib/thumb/v7e-m+fp/hard\libc_nano.a(lib_a-impure.o)
                              c:/program files (x86)/gnu arm embedded toolchain/10 2021.10/bin/../lib/gcc/arm-none-eabi/10.3.1/../../../../arm-none-eabi/lib/thumb/v7e-m+fp/hard\libc_nano.a(lib_a-exit.o) (_global_impure_ptr)
c:/program files (x86)/gnu arm embedded toolchain/10 2021.10/bin/../lib/gcc/arm-none-eabi/10.3.1/../../../../arm-none-eabi/lib/thumb/v7e-m+fp/hard\libc_nano.a(lib_a-init.o)
                              c:/program files (x86)/gnu arm embedded toolchain/10 2021.10/bin/../lib/gcc/arm-none-eabi/10.3.1/../../../../arm-none-eabi/lib/thumb/v7e-m+fp/hard/crt0.o (__libc_init_array)
c:/program files (x86)/gnu arm embedded toolchain/10 2021.10/bin/../lib/gcc/arm-none-eabi/10.3.1/../../../../arm-none-eabi/lib/thumb/v7e-m+fp/hard\libc_nano.a(lib_a-lock.o)
                              c:/program files (x86)/gnu arm embedded toolchain/10 2021.10/bin/../lib/gcc/arm-none-eabi/10.3.1/../../../../arm-none-eabi/lib/thumb/v7e-m+fp/hard\libc_nano.a(lib_a-findfp.o) (__retarget_lock_init_recursive)
c:/program files (x86)/gnu arm embedded toolchain/10 2021.10/bin/../lib/gcc/arm-none-eabi/10.3.1/../../../../arm-none-eabi/lib/thumb/v7e-m+fp/hard\libc_nano.a(lib_a-malloc.o)
                              build/CANopen.o (free)
c:/program files (x86)/gnu arm embedded toolchain/10 2021.10/bin/../lib/gcc/arm-none-eabi/10.3.1/../../../../arm-none-eabi/lib/thumb/v7e-m+fp/hard\libc_nano.a(lib_a-memcpy-stub.o)
                              build/queue.o (memcpy)
c:/program files (x86)/gnu arm embedded toolchain/10 2021.10/bin/../lib/gcc/arm-none-eabi/10.3.1/../../../../arm-none-eabi/lib/thumb/v7e-m+fp/hard\libc_nano.a(lib_a-memmove.o)
                              build/CO_SDOserver.o (memmove)
c:/program files (x86)/gnu arm embedded toolchain/10 2021.10/bin/../lib/gcc/arm-none-eabi/10.3.1/../../../../arm-none-eabi/lib/thumb/v7e-m+fp/hard\libc_nano.a(lib_a-memset.o)
                              c:/program files (x86)/gnu arm embedded toolchain/10 2021.10/bin/../lib/gcc/arm-none-eabi/10.3.1/../../../../arm-none-eabi/lib/thumb/v7e-m+fp/hard/crt0.o (memset)
c:/program files (x86)/gnu arm embedded toolchain/10 2021.10/bin/../lib/gcc/arm-none-eabi/10.3.1/../../../../arm-none-eabi/lib/thumb/v7e-m+fp/hard\libc_nano.a(lib_a-nano-callocr.o)
                              c:/program files (x86)/gnu arm embedded toolchain/10 2021.10/bin/../lib/gcc/arm-none-eabi/10.3.1/../../../../arm-none-eabi/lib/thumb/v7e-m+fp/hard\libc_nano.a(lib_a-calloc.o) (_calloc_r)
c:/program files (x86)/gnu arm embedded toolchain/10 2021.10/bin/../lib/gcc/arm-none-eabi/10.3.1/../../../../arm-none-eabi/lib/thumb/v7e-m+fp/hard\libc_nano.a(lib_a-nano-freer.o)
                              c:/program files (x86)/gnu arm embedded toolchain/10 2021.10/bin/../lib/gcc/arm-none-eabi/10.3.1/../../../../arm-none-eabi/lib/thumb/v7e-m+fp/hard\libc_nano.a(lib_a-fflush.o) (_free_r)
c:/program files (x86)/gnu arm embedded toolchain/10 2021.10/bin/../lib/gcc/arm-none-eabi/10.3.1/../../../../arm-none-eabi/lib/thumb/v7e-m+fp/hard\libc_nano.a(lib_a-nano-mallocr.o)
[...]
Memory Configuration

Name             Origin             Length             Attributes
RAM              0x20000000         0x00003000         xrw
CCMRAM           0x10000000         0x00001000         xrw
FLASH            0x08000000         0x00010000         xr
*default*        0x00000000         0xffffffff

Linker script and memory map

LOAD c:/program files (x86)/gnu arm embedded toolchain/10 2021.10/bin/../lib/gcc/arm-none-eabi/10.3.1/thumb/v7e-m+fp/hard/crti.o
LOAD c:/program files (x86)/gnu arm embedded toolchain/10 2021.10/bin/../lib/gcc/arm-none-eabi/10.3.1/thumb/v7e-m+fp/hard/crtbegin.o
LOAD c:/program files (x86)/gnu arm embedded toolchain/10 2021.10/bin/../lib/gcc/arm-none-eabi/10.3.1/../../../../arm-none-eabi/lib/thumb/v7e-m+fp/hard/crt0.o
LOAD build/main.o
LOAD build/gpio.o
LOAD build/freertos.o
LOAD build/can.o
LOAD build/tim.o
LOAD build/pid.o
LOAD build/stm32f3xx_it.o
LOAD build/stm32f3xx_hal_msp.o
LOAD build/stm32f3xx_hal_timebase_tim.o
LOAD build/stm32f3xx_hal_can.o
LOAD build/stm32f3xx_hal.o
LOAD build/stm32f3xx_hal_rcc.o
LOAD build/stm32f3xx_hal_rcc_ex.o
LOAD build/stm32f3xx_hal_gpio.o
LOAD build/stm32f3xx_hal_dma.o
LOAD build/stm32f3xx_hal_cortex.o
LOAD build/stm32f3xx_hal_pwr.o
LOAD build/stm32f3xx_hal_pwr_ex.o
LOAD build/stm32f3xx_hal_flash.o
LOAD build/stm32f3xx_hal_flash_ex.o
LOAD build/stm32f3xx_hal_i2c.o
LOAD build/stm32f3xx_hal_i2c_ex.o
LOAD build/stm32f3xx_hal_exti.o
LOAD build/stm32f3xx_hal_tim.o
LOAD build/stm32f3xx_hal_tim_ex.o
LOAD build/system_stm32f3xx.o
LOAD build/croutine.o
LOAD build/event_groups.o
LOAD build/list.o
LOAD build/queue.o
LOAD build/stream_buffer.o
LOAD build/tasks.o
LOAD build/timers.o
LOAD build/cmsis_os2.o
LOAD build/heap_4.o
LOAD build/port.o
LOAD build/comment.o
LOAD build/CO_ODinterface.o
LOAD build/CO_NMT_Heartbeat.o
LOAD build/CO_HBconsumer.o
LOAD build/CO_Emergency.o
LOAD build/CO_SDOserver.o
LOAD build/CO_SDOclient.o
LOAD build/CO_TIME.o
LOAD build/CO_SYNC.o
LOAD build/CO_PDO.o
LOAD build/crc16-ccitt.o
LOAD build/CO_fifo.o
LOAD build/CO_LEDs.o
LOAD build/CO_GFC.o
LOAD build/CO_SRDO.o
LOAD build/CO_LSSslave.o
LOAD build/CO_LSSmaster.o
LOAD build/CO_gateway_ascii.o
LOAD build/CO_storage.o
LOAD build/CO_trace.o
LOAD build/CANopen.o
LOAD build/CO_app_STM32.o
LOAD build/CO_driver_STM32.o
LOAD build/OD.o
LOAD build/dma.o
LOAD build/adc.o
LOAD build/stm32f3xx_hal_adc.o
LOAD build/stm32f3xx_hal_adc_ex.o
LOAD build/startup_stm32f303x8.o
LOAD c:/program files (x86)/gnu arm embedded toolchain/10 2021.10/bin/../lib/gcc/arm-none-eabi/10.3.1/../../../../arm-none-eabi/lib/thumb/v7e-m+fp/hard\libc_nano.a
LOAD c:/program files (x86)/gnu arm embedded toolchain/10 2021.10/bin/../lib/gcc/arm-none-eabi/10.3.1/../../../../arm-none-eabi/lib/thumb/v7e-m+fp/hard\libm.a
LOAD c:/program files (x86)/gnu arm embedded toolchain/10 2021.10/bin/../lib/gcc/arm-none-eabi/10.3.1/../../../../arm-none-eabi/lib/thumb/v7e-m+fp/hard\libnosys.a
START GROUP
LOAD c:/program files (x86)/gnu arm embedded toolchain/10 2021.10/bin/../lib/gcc/arm-none-eabi/10.3.1/thumb/v7e-m+fp/hard\libgcc.a
LOAD c:/program files (x86)/gnu arm embedded toolchain/10 2021.10/bin/../lib/gcc/arm-none-eabi/10.3.1/../../../../arm-none-eabi/lib/thumb/v7e-m+fp/hard\libc_nano.a
END GROUP
START GROUP
LOAD c:/program files (x86)/gnu arm embedded toolchain/10 2021.10/bin/../lib/gcc/arm-none-eabi/10.3.1/thumb/v7e-m+fp/hard\libgcc.a
LOAD c:/program files (x86)/gnu arm embedded toolchain/10 2021.10/bin/../lib/gcc/arm-none-eabi/10.3.1/../../../../arm-none-eabi/lib/thumb/v7e-m+fp/hard\libc_nano.a
END GROUP
LOAD c:/program files (x86)/gnu arm embedded toolchain/10 2021.10/bin/../lib/gcc/arm-none-eabi/10.3.1/thumb/v7e-m+fp/hard/crtend.o
LOAD c:/program files (x86)/gnu arm embedded toolchain/10 2021.10/bin/../lib/gcc/arm-none-eabi/10.3.1/thumb/v7e-m+fp/hard/crtn.o
                0x20003000                _estack = (ORIGIN (RAM) + LENGTH (RAM))
                0x00000200                _Min_Heap_Size = 0x200
                0x00000400                _Min_Stack_Size = 0x400

.isr_vector     0x08000000      0x188
                0x08000000                . = ALIGN (0x4)
 *(.isr_vector)
 .isr_vector    0x08000000      0x188 build/startup_stm32f303x8.o
                0x08000000                g_pfnVectors
                0x08000188                . = ALIGN (0x4)

.text           0x08000190     0xbac0
                0x08000190                . = ALIGN (0x4)
 *(.text)
 .text          0x08000190       0x40 c:/program files (x86)/gnu arm embedded toolchain/10 2021.10/bin/../lib/gcc/arm-none-eabi/10.3.1/thumb/v7e-m+fp/hard/crtbegin.o
 .text          0x080001d0       0x10 c:/program files (x86)/gnu arm embedded toolchain/10 2021.10/bin/../lib/gcc/arm-none-eabi/10.3.1/../../../../arm-none-eabi/lib/thumb/v7e-m+fp/hard\libc_nano.a(lib_a-strlen.o)
                0x080001d0                strlen
 .text          0x080001e0       0xa0 c:/program files (x86)/gnu arm embedded toolchain/10 2021.10/bin/../lib/gcc/arm-none-eabi/10.3.1/../../../../arm-none-eabi/lib/thumb/v7e-m+fp/hard\libc_nano.a(lib_a-memchr.o)
                0x080001e0                memchr
 .text          0x08000280      0x378 c:/program files (x86)/gnu arm embedded toolchain/10 2021.10/bin/../lib/gcc/arm-none-eabi/10.3.1/thumb/v7e-m+fp/hard\libgcc.a(_arm_addsubdf3.o)
                0x08000280                __aeabi_drsub
                0x08000288                __aeabi_dsub
                0x08000288                __subdf3
                0x0800028c                __aeabi_dadd
                0x0800028c                __adddf3
                0x08000504                __floatunsidf
                0x08000504                __aeabi_ui2d
                0x08000524                __floatsidf
                0x08000524                __aeabi_i2d
                0x08000548                __aeabi_f2d
                0x08000548                __extendsfdf2
                0x0800058c                __floatundidf
                0x0800058c                __aeabi_ul2d
                0x0800059c                __floatdidf
                0x0800059c                __aeabi_l2d
 .text          0x080005f8      0x424 c:/program files (x86)/gnu arm embedded toolchain/10 2021.10/bin/../lib/gcc/arm-none-eabi/10.3.1/thumb/v7e-m+fp/hard\libgcc.a(_arm_muldivdf3.o)
                0x080005f8                __aeabi_dmul
                0x080005f8                __muldf3
                0x0800084c                __divdf3
                0x0800084c                __aeabi_ddiv
 .text          0x08000a1c      0x110 c:/program files (x86)/gnu arm embedded toolchain/10 2021.10/bin/../lib/gcc/arm-none-eabi/10.3.1/thumb/v7e-m+fp/hard\libgcc.a(_arm_cmpdf2.o)
                0x08000a1c                __gtdf2
                0x08000a1c                __gedf2
                0x08000a24                __ltdf2
                0x08000a24                __ledf2
                0x08000a2c                __nedf2
                0x08000a2c                __eqdf2
                0x08000a2c                __cmpdf2
                0x08000aa8                __aeabi_cdrcmple
                0x08000ab8                __aeabi_cdcmpeq
                0x08000ab8                __aeabi_cdcmple
                0x08000ac8                __aeabi_dcmpeq
                0x08000adc                __aeabi_dcmplt
                0x08000af0                __aeabi_dcmple
                0x08000b04                __aeabi_dcmpge
                0x08000b18                __aeabi_dcmpgt
 .text          0x08000b2c       0x50 c:/program files (x86)/gnu arm embedded toolchain/10 2021.10/bin/../lib/gcc/arm-none-eabi/10.3.1/thumb/v7e-m+fp/hard\libgcc.a(_arm_fixdfsi.o)
                0x08000b2c                __aeabi_d2iz
                0x08000b2c                __fixdfsi
 *(.text*)
 .text.HAL_TIM_PeriodElapsedCallback
                0x08000b7c       0x60 build/main.o
                0x08000b7c                HAL_TIM_PeriodElapsedCallback
 .text.Error_Handler
                0x08000bdc        0x4 build/main.o
                0x08000bdc                Error_Handler
 .text.SystemClock_Config
                0x08000be0       0x82 build/main.o
                0x08000be0                SystemClock_Config
 *fill*         0x08000c62        0x2 
 .text.main     0x08000c64       0x44 build/main.o
                0x08000c64                main
 .text.MX_GPIO_Init
                0x08000ca8       0x84 build/gpio.o
                0x08000ca8                MX_GPIO_Init
 .text.canopen_task
                0x08000d2c       0x74 build/freertos.o
                0x08000d2c                canopen_task
 .text.MX_FREERTOS_Init
                0x08000da0       0x38 build/freertos.o
                0x08000da0                MX_FREERTOS_Init
 .text.analyze_volatge
                0x08000dd8       0xb4 build/freertos.o
                0x08000dd8                analyze_volatge
 *fill*         0x08000e8c        0x4 
 .text.PID_init
                0x08000e90       0xb0 build/freertos.o
                0x08000e90                PID_init
 .text.CW_CCW_deect
                0x08000f40       0x38 build/freertos.o
                0x08000f40                CW_CCW_deect
 .text.StartPIDTask
                0x08000f78       0x4c build/freertos.o
                0x08000f78                StartPIDTask
 .text.MX_CAN_Init
                0x08000fc4       0x48 build/can.o
                0x08000fc4                MX_CAN_Init
 .text.HAL_CAN_MspInit
                0x0800100c       0xb4 build/can.o
                0x0800100c                HAL_CAN_MspInit
 .text.MX_TIM3_Init
                0x080010c0       0x70 build/tim.o
                0x080010c0                MX_TIM3_Init
 .text.MX_TIM6_Init
                0x08001130       0x54 build/tim.o
                0x08001130                MX_TIM6_Init
 .text.MX_TIM17_Init
                0x08001184       0x34 build/tim.o
                0x08001184                MX_TIM17_Init
 .text.HAL_TIM_Base_MspInit
                0x080011b8      0x100 build/tim.o
                0x080011b8                HAL_TIM_Base_MspInit
 .text.HAL_TIM_MspPostInit
                0x080012b8       0x4a build/tim.o
                0x080012b8                HAL_TIM_MspPostInit
 *fill*         0x08001302        0x2 
 .text.MX_TIM2_Init
                0x08001304       0xb0 build/tim.o
                0x08001304                MX_TIM2_Init
 .text.PID_Init
                0x080013b4       0x4e build/pid.o
                0x080013b4                PID_Init
 *fill*         0x08001402        0x6 
 .text.PID_Compute
                0x08001408      0x158 build/pid.o
                0x08001408                PID_Compute
 .text.PID_SetMode
                0x08001560       0x1e build/pid.o
                0x08001560                PID_SetMode
 .text.PID_SetOutputLimits
                0x0800157e       0x92 build/pid.o
                0x0800157e                PID_SetOutputLimits
 .text.PID_SetTunings2
                0x08001610       0xf4 build/pid.o
                0x08001610                PID_SetTunings2
 .text.PID_SetControllerDirection
                0x08001704       0x44 build/pid.o
                0x08001704                PID_SetControllerDirection
 .text.PID      0x08001748       0x88 build/pid.o
                0x08001748                PID
 .text.PID_SetSampleTime
                0x080017d0       0x4c build/pid.o
                0x080017d0                PID_SetSampleTime
 .text.NMI_Handler
                0x0800181c        0x2 build/stm32f3xx_it.o
                0x0800181c                NMI_Handler
 .text.HardFault_Handler
                0x0800181e        0x2 build/stm32f3xx_it.o
                0x0800181e                HardFault_Handler
 .text.MemManage_Handler
                0x08001820        0x2 build/stm32f3xx_it.o
                0x08001820                MemManage_Handler
 .text.BusFault_Handler
                0x08001822        0x2 build/stm32f3xx_it.o
                0x08001822                BusFault_Handler
 .text.UsageFault_Handler
                0x08001824        0x2 build/stm32f3xx_it.o
                0x08001824                UsageFault_Handler
 .text.DebugMon_Handler
                0x08001826        0x2 build/stm32f3xx_it.o
                0x08001826                DebugMon_Handler
 .text.DMA1_Channel7_IRQHandler
                0x08001828       0x10 build/stm32f3xx_it.o
                0x08001828                DMA1_Channel7_IRQHandler
 .text.CAN_TX_IRQHandler
                0x08001838       0x10 build/stm32f3xx_it.o
                0x08001838                CAN_TX_IRQHandler
 .text.CAN_RX0_IRQHandler
                0x08001848       0x10 build/stm32f3xx_it.o
                0x08001848                CAN_RX0_IRQHandler
 .text.CAN_RX1_IRQHandler
                0x08001858       0x10 build/stm32f3xx_it.o
                0x08001858                CAN_RX1_IRQHandler
 .text.TIM1_UP_TIM16_IRQHandler
                0x08001868       0x10 build/stm32f3xx_it.o
                0x08001868                TIM1_UP_TIM16_IRQHandler
 .text.TIM1_TRG_COM_TIM17_IRQHandler
                0x08001878       0x10 build/stm32f3xx_it.o
                0x08001878                TIM1_TRG_COM_TIM17_IRQHandler
 .text.TIM2_IRQHandler
                0x08001888       0x10 build/stm32f3xx_it.o
                0x08001888                TIM2_IRQHandler
 .text.TIM6_DAC1_IRQHandler
                0x08001898       0x10 build/stm32f3xx_it.o
                0x08001898                TIM6_DAC1_IRQHandler
 .text.HAL_MspInit
                0x080018a8       0x40 build/stm32f3xx_hal_msp.o
                0x080018a8                HAL_MspInit
 .text.TimeBase_TIM_PeriodElapsedCallback
                0x080018e8        0x8 build/stm32f3xx_hal_timebase_tim.o
                0x080018e8                TimeBase_TIM_PeriodElapsedCallback
 .text.HAL_InitTick
                0x080018f0       0xa4 build/stm32f3xx_hal_timebase_tim.o
                0x080018f0                HAL_InitTick
 .text.HAL_CAN_TxMailbox0AbortCallback
                0x08001994        0x2 build/stm32f3xx_hal_can.o
                0x08001994                HAL_CAN_TxMailbox0AbortCallback
 .text.HAL_CAN_TxMailbox1AbortCallback
                0x08001996        0x2 build/stm32f3xx_hal_can.o
                0x08001996                HAL_CAN_TxMailbox1AbortCallback
 .text.HAL_CAN_TxMailbox2AbortCallback
                0x08001998        0x2 build/stm32f3xx_hal_can.o
                0x08001998                HAL_CAN_TxMailbox2AbortCallback
 .text.HAL_CAN_RxFifo0FullCallback
                0x0800199a        0x2 build/stm32f3xx_hal_can.o
                0x0800199a                HAL_CAN_RxFifo0FullCallback
 .text.HAL_CAN_RxFifo1FullCallback
                0x0800199c        0x2 build/stm32f3xx_hal_can.o
                0x0800199c                HAL_CAN_RxFifo1FullCallback
 .text.HAL_CAN_SleepCallback
                0x0800199e        0x2 build/stm32f3xx_hal_can.o
                0x0800199e                HAL_CAN_SleepCallback
 .text.HAL_CAN_WakeUpFromRxMsgCallback
                0x080019a0        0x2 build/stm32f3xx_hal_can.o
                0x080019a0                HAL_CAN_WakeUpFromRxMsgCallback
 .text.HAL_CAN_ErrorCallback
                0x080019a2        0x2 build/stm32f3xx_hal_can.o
                0x080019a2                HAL_CAN_ErrorCallback
 .text.HAL_CAN_Init
                0x080019a4      0x1c4 build/stm32f3xx_hal_can.o
                0x080019a4                HAL_CAN_Init
 .text.HAL_CAN_ConfigFilter
                0x08001b68      0x106 build/stm32f3xx_hal_can.o
                0x08001b68                HAL_CAN_ConfigFilter
 .text.HAL_CAN_Start
                0x08001c6e       0x5c build/stm32f3xx_hal_can.o
                0x08001c6e                HAL_CAN_Start
 .text.HAL_CAN_Stop
                0x08001cca       0x62 build/stm32f3xx_hal_can.o
                0x08001cca                HAL_CAN_Stop
 .text.HAL_CAN_AddTxMessage
                0x08001d2c       0xea build/stm32f3xx_hal_can.o
                0x08001d2c                HAL_CAN_AddTxMessage
 .text.HAL_CAN_GetTxMailboxesFreeLevel
                0x08001e16       0x32 build/stm32f3xx_hal_can.o
                0x08001e16                HAL_CAN_GetTxMailboxesFreeLevel
 .text.HAL_CAN_GetRxMessage
                0x08001e48      0x16a build/stm32f3xx_hal_can.o
                0x08001e48                HAL_CAN_GetRxMessage
 .text.HAL_CAN_ActivateNotification
                0x08001fb2       0x24 build/stm32f3xx_hal_can.o
                0x08001fb2                HAL_CAN_ActivateNotification
 .text.HAL_CAN_IRQHandler
                0x08001fd6      0x23a build/stm32f3xx_hal_can.o
                0x08001fd6                HAL_CAN_IRQHandler
 .text.HAL_Init
                0x08002210       0x24 build/stm32f3xx_hal.o
                0x08002210                HAL_Init
 .text.HAL_IncTick
                0x08002234       0x18 build/stm32f3xx_hal.o
                0x08002234                HAL_IncTick
 .text.HAL_GetTick
                0x0800224c        0xc build/stm32f3xx_hal.o
                0x0800224c                HAL_GetTick
 .text.HAL_RCC_OscConfig
                0x08002258      0x634 build/stm32f3xx_hal_rcc.o
                0x08002258                HAL_RCC_OscConfig
 .text.HAL_RCC_GetSysClockFreq
                0x0800288c       0x70 build/stm32f3xx_hal_rcc.o
                0x0800288c                HAL_RCC_GetSysClockFreq
 .text.HAL_RCC_ClockConfig
                0x080028fc      0x1a8 build/stm32f3xx_hal_rcc.o
                0x080028fc                HAL_RCC_ClockConfig
 .text.HAL_RCC_GetHCLKFreq
                0x08002aa4        0xc build/stm32f3xx_hal_rcc.o
                0x08002aa4                HAL_RCC_GetHCLKFreq
 .text.HAL_RCC_GetPCLK2Freq
                0x08002ab0       0x2c build/stm32f3xx_hal_rcc.o
                0x08002ab0                HAL_RCC_GetPCLK2Freq
 .text.HAL_RCC_GetClockConfig
                0x08002adc       0x3c build/stm32f3xx_hal_rcc.o
                0x08002adc                HAL_RCC_GetClockConfig
 .text.HAL_RCCEx_PeriphCLKConfig
                0x08002b18      0x18c build/stm32f3xx_hal_rcc_ex.o
                0x08002b18                HAL_RCCEx_PeriphCLKConfig
 .text.HAL_GPIO_Init
                0x08002ca4      0x1bc build/stm32f3xx_hal_gpio.o
                0x08002ca4                HAL_GPIO_Init
 .text.HAL_GPIO_WritePin
                0x08002e60        0xa build/stm32f3xx_hal_gpio.o
                0x08002e60                HAL_GPIO_WritePin
 *fill*         0x08002e6a        0x2 
 .text.DMA_CalcBaseAndBitshift
                0x08002e6c       0x24 build/stm32f3xx_hal_dma.o
 .text.HAL_DMA_Init
                0x08002e90       0x50 build/stm32f3xx_hal_dma.o
                0x08002e90                HAL_DMA_Init
 .text.HAL_DMA_IRQHandler
                0x08002ee0       0xb4 build/stm32f3xx_hal_dma.o
                0x08002ee0                HAL_DMA_IRQHandler
 .text.HAL_NVIC_SetPriorityGrouping
                0x08002f94       0x24 build/stm32f3xx_hal_cortex.o
                0x08002f94                HAL_NVIC_SetPriorityGrouping
 .text.HAL_NVIC_SetPriority
                0x08002fb8       0x70 build/stm32f3xx_hal_cortex.o
                0x08002fb8                HAL_NVIC_SetPriority
 .text.HAL_NVIC_EnableIRQ
                0x08003028       0x1c build/stm32f3xx_hal_cortex.o
                0x08003028                HAL_NVIC_EnableIRQ
 .text.HAL_NVIC_SystemReset
                0x08003044       0x24 build/stm32f3xx_hal_cortex.o
                0x08003044                HAL_NVIC_SystemReset
 .text.HAL_TIM_PWM_MspInit
                0x08003068        0x2 build/stm32f3xx_hal_tim.o
                0x08003068                HAL_TIM_PWM_MspInit
 .text.HAL_TIM_PeriodElapsedHalfCpltCallback
                0x0800306a        0x2 build/stm32f3xx_hal_tim.o
                0x0800306a                HAL_TIM_PeriodElapsedHalfCpltCallback
 .text.HAL_TIM_OC_DelayElapsedCallback
                0x0800306c        0x2 build/stm32f3xx_hal_tim.o
                0x0800306c                HAL_TIM_OC_DelayElapsedCallback
 .text.HAL_TIM_IC_CaptureCallback
                0x0800306e        0x2 build/stm32f3xx_hal_tim.o
                0x0800306e                HAL_TIM_IC_CaptureCallback
 .text.HAL_TIM_IC_CaptureHalfCpltCallback
                0x08003070        0x2 build/stm32f3xx_hal_tim.o
                0x08003070                HAL_TIM_IC_CaptureHalfCpltCallback
 .text.HAL_TIM_PWM_PulseFinishedCallback
                0x08003072        0x2 build/stm32f3xx_hal_tim.o
                0x08003072                HAL_TIM_PWM_PulseFinishedCallback
 .text.HAL_TIM_PWM_PulseFinishedHalfCpltCallback
                0x08003074        0x2 build/stm32f3xx_hal_tim.o
                0x08003074                HAL_TIM_PWM_PulseFinishedHalfCpltCallback
 .text.HAL_TIM_TriggerCallback
                0x08003076        0x2 build/stm32f3xx_hal_tim.o
                0x08003076                HAL_TIM_TriggerCallback
 .text.HAL_TIM_TriggerHalfCpltCallback
                0x08003078        0x2 build/stm32f3xx_hal_tim.o
                0x08003078                HAL_TIM_TriggerHalfCpltCallback
 .text.HAL_TIM_ErrorCallback
                0x0800307a        0x2 build/stm32f3xx_hal_tim.o
                0x0800307a                HAL_TIM_ErrorCallback
 .text.TIM_OC1_SetConfig
                0x0800307c       0x90 build/stm32f3xx_hal_tim.o
 .text.TIM_OC3_SetConfig
                0x0800310c       0x7c build/stm32f3xx_hal_tim.o
 .text.TIM_OC4_SetConfig
                0x08003188       0x64 build/stm32f3xx_hal_tim.o
 .text.TIM_OC5_SetConfig
                0x080031ec       0x60 build/stm32f3xx_hal_tim.o
 .text.TIM_OC6_SetConfig
                0x0800324c       0x64 build/stm32f3xx_hal_tim.o
 .text.TIM_TI1_ConfigInputStage
                0x080032b0       0x26 build/stm32f3xx_hal_tim.o
 .text.TIM_TI2_ConfigInputStage
                0x080032d6       0x28 build/stm32f3xx_hal_tim.o
 .text.TIM_ITRx_SetConfig
                0x080032fe       0x10 build/stm32f3xx_hal_tim.o
 *fill*         0x0800330e        0x2 
 .text.HAL_TIM_Base_Start_IT
                0x08003310       0x74 build/stm32f3xx_hal_tim.o
                0x08003310                HAL_TIM_Base_Start_IT
 .text.HAL_TIM_IRQHandler
                0x08003384      0x1b8 build/stm32f3xx_hal_tim.o
                0x08003384                HAL_TIM_IRQHandler
 .text.HAL_TIM_RegisterCallback
                0x0800353c      0x1a6 build/stm32f3xx_hal_tim.o
                0x0800353c                HAL_TIM_RegisterCallback
 *fill*         0x080036e2        0x2 
 .text.TIM_Base_SetConfig
                0x080036e4       0x90 build/stm32f3xx_hal_tim.o
                0x080036e4                TIM_Base_SetConfig
 .text.TIM_OC2_SetConfig
                0x08003774       0x80 build/stm32f3xx_hal_tim.o
                0x08003774                TIM_OC2_SetConfig
 .text.HAL_TIM_PWM_ConfigChannel
                0x080037f4      0x13a build/stm32f3xx_hal_tim.o
                0x080037f4                HAL_TIM_PWM_ConfigChannel
 .text.TIM_ETR_SetConfig
                0x0800392e       0x1a build/stm32f3xx_hal_tim.o
                0x0800392e                TIM_ETR_SetConfig
 .text.HAL_TIM_ConfigClockSource
                0x08003948      0x100 build/stm32f3xx_hal_tim.o
                0x08003948                HAL_TIM_ConfigClockSource
 .text.TIM_CCxChannelCmd
                0x08003a48       0x1e build/stm32f3xx_hal_tim.o
                0x08003a48                TIM_CCxChannelCmd
 *fill*         0x08003a66        0x2 
 .text.HAL_TIM_PWM_Start
                0x08003a68      0x140 build/stm32f3xx_hal_tim.o
                0x08003a68                HAL_TIM_PWM_Start
 .text.TIM_ResetCallback
                0x08003ba8       0x90 build/stm32f3xx_hal_tim.o
                0x08003ba8                TIM_ResetCallback
 .text.HAL_TIM_Base_Init
                0x08003c38       0x74 build/stm32f3xx_hal_tim.o
                0x08003c38                HAL_TIM_Base_Init
 .text.HAL_TIM_PWM_Init
                0x08003cac       0x74 build/stm32f3xx_hal_tim.o
                0x08003cac                HAL_TIM_PWM_Init
 .text.HAL_TIMEx_MasterConfigSynchronization
                0x08003d20       0x78 build/stm32f3xx_hal_tim_ex.o
                0x08003d20                HAL_TIMEx_MasterConfigSynchronization
 .text.HAL_TIMEx_CommutCallback
                0x08003d98        0x2 build/stm32f3xx_hal_tim_ex.o
                0x08003d98                HAL_TIMEx_CommutCallback
 .text.HAL_TIMEx_CommutHalfCpltCallback
                0x08003d9a        0x2 build/stm32f3xx_hal_tim_ex.o
                0x08003d9a                HAL_TIMEx_CommutHalfCpltCallback
 .text.HAL_TIMEx_BreakCallback
                0x08003d9c        0x2 build/stm32f3xx_hal_tim_ex.o
                0x08003d9c                HAL_TIMEx_BreakCallback
 .text.HAL_TIMEx_Break2Callback
                0x08003d9e        0x2 build/stm32f3xx_hal_tim_ex.o
                0x08003d9e                HAL_TIMEx_Break2Callback
 .text.SystemInit
                0x08003da0       0x14 build/system_stm32f3xx.o
                0x08003da0                SystemInit
 .text.vListInitialise
                0x08003db4       0x16 build/list.o
                0x08003db4                vListInitialise
 .text.vListInitialiseItem
                0x08003dca        0x6 build/list.o
                0x08003dca                vListInitialiseItem
 .text.vListInsertEnd
                0x08003dd0       0x16 build/list.o
                0x08003dd0                vListInsertEnd
 .text.vListInsert
                0x08003de6       0x32 build/list.o
                0x08003de6                vListInsert
 .text.uxListRemove
                0x08003e18       0x26 build/list.o
                0x08003e18                uxListRemove
 .text.prvIsQueueFull
                0x08003e3e       0x1e build/queue.o
 .text.prvIsQueueEmpty
                0x08003e5c       0x1a build/queue.o
 .text.prvCopyDataToQueue
                0x08003e76       0x76 build/queue.o
 .text.prvCopyDataFromQueue
                0x08003eec       0x24 build/queue.o
 .text.prvUnlockQueue
                0x08003f10       0x6e build/queue.o
 .text.xQueueGenericReset
                0x08003f7e       0x84 build/queue.o
                0x08003f7e                xQueueGenericReset
 .text.prvInitialiseNewQueue
                0x08004002       0x22 build/queue.o
 .text.xQueueGenericCreateStatic
                0x08004024       0x92 build/queue.o
                0x08004024                xQueueGenericCreateStatic
 .text.xQueueGenericSend
                0x080040b6      0x188 build/queue.o
                0x080040b6                xQueueGenericSend
 .text.xQueueGenericSendFromISR
                0x0800423e       0xcc build/queue.o
                0x0800423e                xQueueGenericSendFromISR
 .text.xQueueReceive
                0x0800430a      0x15e build/queue.o
                0x0800430a                xQueueReceive
 .text.vQueueAddToRegistry
                0x08004468       0x28 build/queue.o
                0x08004468                vQueueAddToRegistry
 .text.vQueueWaitForMessageRestricted
                0x08004490       0x52 build/queue.o
                0x08004490                vQueueWaitForMessageRestricted
 *fill*         0x080044e2        0x2 
 .text.prvResetNextTaskUnblockTime
                0x080044e4       0x2c build/tasks.o
 .text.prvInitialiseNewTask
                0x08004510       0x9c build/tasks.o
 .text.prvInitialiseTaskLists
                0x080045ac       0x68 build/tasks.o
 .text.prvAddNewTaskToReadyList
                0x08004614       0xac build/tasks.o
 .text.prvDeleteTCB
                0x080046c0       0x38 build/tasks.o
 .text.prvCheckTasksWaitingTermination
                0x080046f8       0x4c build/tasks.o
 .text.prvIdleTask
                0x08004744       0x28 build/tasks.o
 .text.prvAddCurrentTaskToDelayedList
                0x0800476c       0x7c build/tasks.o
 .text.xTaskCreateStatic
                0x080047e8       0x74 build/tasks.o
                0x080047e8                xTaskCreateStatic
 .text.xTaskCreate
                0x0800485c       0x68 build/tasks.o
                0x0800485c                xTaskCreate
 .text.vTaskStartScheduler
                0x080048c4       0x9c build/tasks.o
                0x080048c4                vTaskStartScheduler
 .text.vTaskSuspendAll
                0x08004960       0x10 build/tasks.o
                0x08004960                vTaskSuspendAll
 .text.xTaskGetTickCount
                0x08004970        0xc build/tasks.o
                0x08004970                xTaskGetTickCount
 .text.xTaskIncrementTick
                0x0800497c      0x118 build/tasks.o
                0x0800497c                xTaskIncrementTick
 .text.xTaskResumeAll
                0x08004a94       0xf8 build/tasks.o
                0x08004a94                xTaskResumeAll
 .text.vTaskDelay
                0x08004b8c       0x4c build/tasks.o
                0x08004b8c                vTaskDelay
 .text.vTaskSwitchContext
                0x08004bd8       0x94 build/tasks.o
                0x08004bd8                vTaskSwitchContext
 .text.vTaskPlaceOnEventList
                0x08004c6c       0x30 build/tasks.o
                0x08004c6c                vTaskPlaceOnEventList
 .text.vTaskPlaceOnEventListRestricted
                0x08004c9c       0x38 build/tasks.o
                0x08004c9c                vTaskPlaceOnEventListRestricted
 .text.xTaskRemoveFromEventList
                0x08004cd4       0x8c build/tasks.o
                0x08004cd4                xTaskRemoveFromEventList
 .text.vTaskInternalSetTimeOutState
                0x08004d60       0x18 build/tasks.o
                0x08004d60                vTaskInternalSetTimeOutState
 .text.xTaskCheckForTimeOut
                0x08004d78       0x84 build/tasks.o
                0x08004d78                xTaskCheckForTimeOut
 .text.vTaskMissedYield
                0x08004dfc        0xc build/tasks.o
                0x08004dfc                vTaskMissedYield
 .text.xTaskGetSchedulerState
                0x08004e08       0x20 build/tasks.o
                0x08004e08                xTaskGetSchedulerState
 .text.xTaskPriorityDisinherit
                0x08004e28       0x90 build/tasks.o
                0x08004e28                xTaskPriorityDisinherit
 .text.prvGetNextExpireTime
                0x08004eb8       0x20 build/timers.o
 .text.prvInsertTimerInActiveList
                0x08004ed8       0x48 build/timers.o
 .text.prvCheckForValidListAndQueue
                0x08004f20       0x70 build/timers.o
 .text.xTimerCreateTimerTask
                0x08004f90       0x64 build/timers.o
                0x08004f90                xTimerCreateTimerTask
 .text.xTimerGenericCommand
                0x08004ff4       0x6c build/timers.o
                0x08004ff4                xTimerGenericCommand
 .text.prvSwitchTimerLists
                0x08005060       0x78 build/timers.o
 .text.prvSampleTimeNow
                0x080050d8       0x2c build/timers.o
 .text.prvProcessExpiredTimer
                0x08005104       0x60 build/timers.o
 .text.prvProcessTimerOrBlockTask
                0x08005164       0x74 build/timers.o
 .text.prvProcessReceivedCommands
                0x080051d8       0xf8 build/timers.o
 .text.prvTimerTask
                0x080052d0       0x16 build/timers.o
 *fill*         0x080052e6        0x2 
 .text.osKernelInitialize
                0x080052e8       0x44 build/cmsis_os2.o
                0x080052e8                osKernelInitialize
 .text.osKernelStart
                0x0800532c       0x4c build/cmsis_os2.o
                0x0800532c                osKernelStart
 .text.osThreadNew
                0x08005378       0xec build/cmsis_os2.o
                0x08005378                osThreadNew
 .text.osDelay  0x08005464       0x44 build/cmsis_os2.o
                0x08005464                osDelay
 .text.vApplicationGetIdleTaskMemory
                0x080054a8       0x18 build/cmsis_os2.o
                0x080054a8                vApplicationGetIdleTaskMemory
 .text.vApplicationGetTimerTaskMemory
                0x080054c0       0x18 build/cmsis_os2.o
                0x080054c0                vApplicationGetTimerTaskMemory
 .text.prvHeapInit
                0x080054d8       0x64 build/heap_4.o
 .text.prvInsertBlockIntoFreeList
                0x0800553c       0x64 build/heap_4.o
 .text.pvPortMalloc
                0x080055a0       0xf0 build/heap_4.o
                0x080055a0                pvPortMalloc
 .text.vPortFree
                0x08005690       0x70 build/heap_4.o
                0x08005690                vPortFree
 .text.prvTaskExitError
                0x08005700       0x40 build/port.o
 .text.prvPortStartFirstTask
                0x08005740       0x28 build/port.o
 .text.vPortEnableVFP
                0x08005768       0x14 build/port.o
 .text.pxPortInitialiseStack
                0x0800577c       0x2c build/port.o
                0x0800577c                pxPortInitialiseStack
 *fill*         0x080057a8        0x8 
 .text.SVC_Handler
                0x080057b0       0x24 build/port.o
                0x080057b0                SVC_Handler
 .text.vPortEnterCritical
                0x080057d4       0x44 build/port.o
                0x080057d4                vPortEnterCritical
 .text.vPortExitCritical
                0x08005818       0x2c build/port.o
                0x08005818                vPortExitCritical
 *fill*         0x08005844        0xc 
 .text.PendSV_Handler
                0x08005850       0x64 build/port.o
                0x08005850                PendSV_Handler
 .text.SysTick_Handler
                0x080058b4       0x2c build/port.o
                0x080058b4                SysTick_Handler
 .text.vPortSetupTimerInterrupt
                0x080058e0       0x28 build/port.o
                0x080058e0                vPortSetupTimerInterrupt
 .text.xPortStartScheduler
                0x08005908      0x118 build/port.o
                0x08005908                xPortStartScheduler
 .text.vPortValidateInterruptPriority
                0x08005a20       0x5c build/port.o
                0x08005a20                vPortValidateInterruptPriority
 .text.OD_readDisabled
                0x08005a7c        0x4 build/CO_ODinterface.o
 .text.OD_writeDisabled
                0x08005a80        0x4 build/CO_ODinterface.o
 .text.OD_readOriginal
                0x08005a84       0x5e build/CO_ODinterface.o
                0x08005a84                OD_readOriginal
 .text.OD_writeOriginal
                0x08005ae2       0x62 build/CO_ODinterface.o
                0x08005ae2                OD_writeOriginal
 .text.OD_find  0x08005b44       0x66 build/CO_ODinterface.o
                0x08005b44                OD_find
 *fill*         0x08005baa        0x2 
 .text.OD_getSub
                0x08005bac      0x104 build/CO_ODinterface.o
                0x08005bac                OD_getSub
 .text.OD_getSDOabCode
                0x08005cb0       0x1c build/CO_ODinterface.o
                0x08005cb0                OD_getSDOabCode
 .text.OD_get_value
                0x08005ccc       0x36 build/CO_ODinterface.o
                0x08005ccc                OD_get_value
 .text.OD_set_value
                0x08005d02       0x30 build/CO_ODinterface.o
                0x08005d02                OD_set_value
 .text.OD_getPtr
                0x08005d32       0x3c build/CO_ODinterface.o
                0x08005d32                OD_getPtr
 .text.CO_NMT_receive
                0x08005d6e       0x1c build/CO_NMT_Heartbeat.o
 .text.OD_write_1017
                0x08005d8a       0x42 build/CO_NMT_Heartbeat.o
 .text.CO_NMT_init
                0x08005dcc      0x114 build/CO_NMT_Heartbeat.o
                0x08005dcc                CO_NMT_init
 .text.CO_NMT_process
                0x08005ee0      0x11c build/CO_NMT_Heartbeat.o
                0x08005ee0                CO_NMT_process
 .text.CO_HBcons_receive
                0x08005ffc       0x14 build/CO_HBconsumer.o
 .text.CO_HBconsumer_initEntry
                0x08006010       0xd0 build/CO_HBconsumer.o
 .text.OD_write_1016
                0x080060e0       0x5c build/CO_HBconsumer.o
 .text.CO_HBconsumer_init
                0x0800613c       0xf0 build/CO_HBconsumer.o
                0x0800613c                CO_HBconsumer_init
 .text.CO_HBconsumer_process
                0x0800622c      0x130 build/CO_HBconsumer.o
                0x0800622c                CO_HBconsumer_process
 .text.OD_read_1014_default
                0x0800635c       0x4a build/CO_Emergency.o
 .text.OD_read_1003
                0x080063a6       0x84 build/CO_Emergency.o
 .text.OD_write_1003
                0x0800642a       0x3a build/CO_Emergency.o
 .text.CO_EM_init
                0x08006464      0x150 build/CO_Emergency.o
                0x08006464                CO_EM_init
 .text.CO_error
                0x080065b4       0xc2 build/CO_Emergency.o
                0x080065b4                CO_error
 .text.CO_EM_process
                0x08006676      0x186 build/CO_Emergency.o
                0x08006676                CO_EM_process
 .text.CO_SDOserver_init_canRxTx
                0x080067fc       0x90 build/CO_SDOserver.o
 .text.OD_write_1201_additional
                0x0800688c      0x1b0 build/CO_SDOserver.o
 .text.CO_SDO_receive
                0x08006a3c       0x2e build/CO_SDOserver.o
 *fill*         0x08006a6a        0x2 
 .text.validateAndWriteToOD
                0x08006a6c      0x144 build/CO_SDOserver.o
 .text.readFromOd
                0x08006bb0      0x114 build/CO_SDOserver.o
 .text.CO_SDOserver_init
                0x08006cc4      0x19c build/CO_SDOserver.o
                0x08006cc4                CO_SDOserver_init
 .text.CO_SDOserver_process
                0x08006e60      0x620 build/CO_SDOserver.o
                0x08006e60                CO_SDOserver_process
 .text.CO_TIME_receive
                0x08007480       0x1a build/CO_TIME.o
 *fill*         0x0800749a        0x2 
 .text.OD_write_1012
                0x0800749c       0xa8 build/CO_TIME.o
 .text.CO_TIME_init
                0x08007544       0xa0 build/CO_TIME.o
                0x08007544                CO_TIME_init
 .text.CO_TIME_process
                0x080075e4       0x6c build/CO_TIME.o
                0x080075e4                CO_TIME_process
 .text.CO_SYNC_receive
                0x08007650       0x30 build/CO_SYNC.o
 .text.OD_write_1019
                0x08007680       0x9e build/CO_SYNC.o
 *fill*         0x0800771e        0x2 
 .text.OD_write_1005
                0x08007720      0x14c build/CO_SYNC.o
 .text.CO_SYNC_init
                0x0800786c      0x1d0 build/CO_SYNC.o
                0x0800786c                CO_SYNC_init
 .text.CO_SYNC_process
                0x08007a3c      0x104 build/CO_SYNC.o
                0x08007a3c                CO_SYNC_process
 .text.OD_write_dummy
                0x08007b40        0x8 build/CO_PDO.o
 .text.OD_read_dummy
                0x08007b48       0x30 build/CO_PDO.o
 .text.OD_read_PDO_commParam
                0x08007b78       0x46 build/CO_PDO.o
 *fill*         0x08007bbe        0x2 
 .text.PDOconfigMap
                0x08007bc0      0x128 build/CO_PDO.o
 .text.OD_write_PDO_mapping
                0x08007ce8       0xbc build/CO_PDO.o
 .text.OD_write_14xx
                0x08007da4      0x1b4 build/CO_PDO.o
 .text.CO_PDO_receive
                0x08007f58       0x74 build/CO_PDO.o
 .text.PDO_initMapping
                0x08007fcc      0x118 build/CO_PDO.o
 .text.OD_write_18xx
                0x080080e4      0x1fc build/CO_PDO.o
 .text.CO_TPDOsend
                0x080082e0       0xd2 build/CO_PDO.o
 *fill*         0x080083b2        0x2 
 .text.CO_RPDO_init
                0x080083b4      0x218 build/CO_PDO.o
                0x080083b4                CO_RPDO_init
 .text.CO_RPDO_process
                0x080085cc      0x17c build/CO_PDO.o
                0x080085cc                CO_RPDO_process
 .text.CO_TPDO_init
                0x08008748      0x280 build/CO_PDO.o
                0x08008748                CO_TPDO_init
 .text.CO_TPDO_process
                0x080089c8      0x124 build/CO_PDO.o
                0x080089c8                CO_TPDO_process
 .text.CO_LEDs_init
                0x08008aec       0x14 build/CO_LEDs.o
                0x08008aec                CO_LEDs_init
 .text.CO_LEDs_process
                0x08008b00      0x1b8 build/CO_LEDs.o
                0x08008b00                CO_LEDs_process
 .text.CO_LSSslave_receive
                0x08008cb8      0x160 build/CO_LSSslave.o
 .text.CO_LSSslave_init
                0x08008e18       0xd0 build/CO_LSSslave.o
                0x08008e18                CO_LSSslave_init
 .text.CO_LSSslave_process
                0x08008ee8      0x1c8 build/CO_LSSslave.o
                0x08008ee8                CO_LSSslave_process
 .text.CO_delete
                0x080090b0       0x72 build/CANopen.o
                0x080090b0                CO_delete
 .text.CO_new   0x08009122      0x152 build/CANopen.o
                0x08009122                CO_new
 .text.CO_CANinit
                0x08009274       0x38 build/CANopen.o
                0x08009274                CO_CANinit
 .text.CO_LSSinit
                0x080092ac       0x3c build/CANopen.o
                0x080092ac                CO_LSSinit
 .text.CO_CANopenInit
                0x080092e8      0x1a4 build/CANopen.o
                0x080092e8                CO_CANopenInit
 .text.CO_CANopenInitPDO
                0x0800948c      0x124 build/CANopen.o
                0x0800948c                CO_CANopenInitPDO
 .text.CO_process
                0x080095b0      0x18a build/CANopen.o
                0x080095b0                CO_process
 .text.CO_process_SYNC
                0x0800973a       0x4c build/CANopen.o
                0x0800973a                CO_process_SYNC
 .text.CO_process_RPDO
                0x08009786       0x56 build/CANopen.o
                0x08009786                CO_process_RPDO
 .text.CO_process_TPDO
                0x080097dc       0x56 build/CANopen.o
                0x080097dc                CO_process_TPDO
 *fill*         0x08009832        0x2 
 .text.canopen_app_resetCommunication
                0x08009834      0x1a0 build/CO_app_STM32.o
                0x08009834                canopen_app_resetCommunication
 .text.canopen_app_init
                0x080099d4       0x50 build/CO_app_STM32.o
                0x080099d4                canopen_app_init
 .text.canopen_app_process
                0x08009a24       0x88 build/CO_app_STM32.o
                0x08009a24                canopen_app_process
 .text.canopen_app_interrupt
                0x08009aac       0x5c build/CO_app_STM32.o
                0x08009aac                canopen_app_interrupt
 .text.prv_send_can_message
                0x08009b08       0x50 build/CO_driver_STM32.o
 .text.prv_read_can_received_msg
                0x08009b58       0x78 build/CO_driver_STM32.o
 .text.CO_CANsetConfigurationMode
                0x08009bd0        0xe build/CO_driver_STM32.o
                0x08009bd0                CO_CANsetConfigurationMode
 .text.CO_CANsetNormalMode
                0x08009bde       0x18 build/CO_driver_STM32.o
                0x08009bde                CO_CANsetNormalMode
 *fill*         0x08009bf6        0x2 
 .text.CO_CANmodule_init
                0x08009bf8       0xd8 build/CO_driver_STM32.o
                0x08009bf8                CO_CANmodule_init
 .text.CO_CANmodule_disable
                0x08009cd0       0x12 build/CO_driver_STM32.o
                0x08009cd0                CO_CANmodule_disable
 *fill*         0x08009ce2        0x2 
 .text.CO_CANrxBufferInit
                0x08009ce4       0x74 build/CO_driver_STM32.o
                0x08009ce4                CO_CANrxBufferInit
 .text.CO_CANtxBufferInit
                0x08009d58       0x46 build/CO_driver_STM32.o
                0x08009d58                CO_CANtxBufferInit
 .text.CO_CANsend
                0x08009d9e       0x54 build/CO_driver_STM32.o
                0x08009d9e                CO_CANsend
 .text.CO_CANclearPendingSyncPDOs
                0x08009df2       0x62 build/CO_driver_STM32.o
                0x08009df2                CO_CANclearPendingSyncPDOs
 .text.CO_CANmodule_process
                0x08009e54       0x4c build/CO_driver_STM32.o
                0x08009e54                CO_CANmodule_process
 .text.HAL_CAN_RxFifo0MsgPendingCallback
                0x08009ea0        0xc build/CO_driver_STM32.o
                0x08009ea0                HAL_CAN_RxFifo0MsgPendingCallback
 .text.HAL_CAN_RxFifo1MsgPendingCallback
                0x08009eac        0xc build/CO_driver_STM32.o
                0x08009eac                HAL_CAN_RxFifo1MsgPendingCallback
 .text.CO_CANinterrupt_TX
                0x08009eb8       0x5a build/CO_driver_STM32.o
                0x08009eb8                CO_CANinterrupt_TX
 *fill*         0x08009f12        0x2 
 .text.HAL_CAN_TxMailbox0CompleteCallback
                0x08009f14       0x14 build/CO_driver_STM32.o
                0x08009f14                HAL_CAN_TxMailbox0CompleteCallback
 .text.HAL_CAN_TxMailbox1CompleteCallback
                0x08009f28       0x14 build/CO_driver_STM32.o
                0x08009f28                HAL_CAN_TxMailbox1CompleteCallback
 .text.HAL_CAN_TxMailbox2CompleteCallback
                0x08009f3c       0x14 build/CO_driver_STM32.o
                0x08009f3c                HAL_CAN_TxMailbox2CompleteCallback
 .text.MX_DMA_Init
                0x08009f50       0x34 build/dma.o
                0x08009f50                MX_DMA_Init
 .text.MX_ADC1_Init
                0x08009f84       0x8c build/adc.o
                0x08009f84                MX_ADC1_Init
 .text.HAL_ADC_MspInit
                0x0800a010       0x5e build/adc.o
                0x0800a010                HAL_ADC_MspInit
 .text.ADC_Disable
                0x0800a06e       0x88 build/stm32f3xx_hal_adc_ex.o
 *fill*         0x0800a0f6        0x2 
 .text.ADC_Enable
                0x0800a0f8       0x80 build/stm32f3xx_hal_adc_ex.o
 .text.HAL_ADC_Init
                0x0800a178      0x214 build/stm32f3xx_hal_adc_ex.o
                0x0800a178                HAL_ADC_Init
 .text.HAL_ADC_Start
                0x0800a38c       0xfc build/stm32f3xx_hal_adc_ex.o
                0x0800a38c                HAL_ADC_Start
 .text.HAL_ADC_PollForConversion
                0x0800a488      0x118 build/stm32f3xx_hal_adc_ex.o
                0x0800a488                HAL_ADC_PollForConversion
 .text.HAL_ADC_GetValue
                0x0800a5a0        0x6 build/stm32f3xx_hal_adc_ex.o
                0x0800a5a0                HAL_ADC_GetValue
 *fill*         0x0800a5a6        0x2 
 .text.HAL_ADC_ConfigChannel
                0x0800a5a8      0x384 build/stm32f3xx_hal_adc_ex.o
                0x0800a5a8                HAL_ADC_ConfigChannel
 .text.HAL_ADCEx_MultiModeConfigChannel
                0x0800a92c      0x118 build/stm32f3xx_hal_adc_ex.o
                0x0800a92c                HAL_ADCEx_MultiModeConfigChannel
 .text.Reset_Handler
                0x0800aa44       0x50 build/startup_stm32f303x8.o
                0x0800aa44                Reset_Handler
 .text.Default_Handler
                0x0800aa94        0x2 build/startup_stm32f303x8.o
                0x0800aa94                RTC_Alarm_IRQHandler
                0x0800aa94                TIM1_CC_IRQHandler
                0x0800aa94                PVD_IRQHandler
                0x0800aa94                TAMP_STAMP_IRQHandler
                0x0800aa94                EXTI3_IRQHandler
                0x0800aa94                EXTI0_IRQHandler
                0x0800aa94                FPU_IRQHandler
                0x0800aa94                ADC1_2_IRQHandler
                0x0800aa94                SPI1_IRQHandler
                0x0800aa94                CAN_SCE_IRQHandler
                0x0800aa94                DMA1_Channel4_IRQHandler
                0x0800aa94                USART3_IRQHandler
                0x0800aa94                TIM7_DAC2_IRQHandler
                0x0800aa94                I2C1_EV_IRQHandler
                0x0800aa94                DMA1_Channel6_IRQHandler
                0x0800aa94                TIM3_IRQHandler
                0x0800aa94                RCC_IRQHandler
                0x0800aa94                DMA1_Channel1_IRQHandler
                0x0800aa94                Default_Handler
                0x0800aa94                EXTI15_10_IRQHandler
                0x0800aa94                COMP2_IRQHandler
                0x0800aa94                EXTI9_5_IRQHandler
                0x0800aa94                RTC_WKUP_IRQHandler
                0x0800aa94                DMA1_Channel5_IRQHandler
                0x0800aa94                EXTI4_IRQHandler
                0x0800aa94                DMA1_Channel3_IRQHandler
                0x0800aa94                WWDG_IRQHandler
                0x0800aa94                EXTI1_IRQHandler
                0x0800aa94                COMP4_6_IRQHandler
                0x0800aa94                USART2_IRQHandler
                0x0800aa94                DMA1_Channel2_IRQHandler
                0x0800aa94                FLASH_IRQHandler
                0x0800aa94                USART1_IRQHandler
                0x0800aa94                I2C1_ER_IRQHandler
                0x0800aa94                EXTI2_TSC_IRQHandler
                0x0800aa94                TIM1_BRK_TIM15_IRQHandler
 *fill*         0x0800aa96        0x2 
 .text.calloc   0x0800aa98       0x10 c:/program files (x86)/gnu arm embedded toolchain/10 2021.10/bin/../lib/gcc/arm-none-eabi/10.3.1/../../../../arm-none-eabi/lib/thumb/v7e-m+fp/hard\libc_nano.a(lib_a-calloc.o)
                0x0800aa98                calloc
 .text.__sflush_r
                0x0800aaa8      0x10c c:/program files (x86)/gnu arm embedded toolchain/10 2021.10/bin/../lib/gcc/arm-none-eabi/10.3.1/../../../../arm-none-eabi/lib/thumb/v7e-m+fp/hard\libc_nano.a(lib_a-fflush.o)
                0x0800aaa8                __sflush_r
 .text._fflush_r
                0x0800abb4       0x78 c:/program files (x86)/gnu arm embedded toolchain/10 2021.10/bin/../lib/gcc/arm-none-eabi/10.3.1/../../../../arm-none-eabi/lib/thumb/v7e-m+fp/hard\libc_nano.a(lib_a-fflush.o)
                0x0800abb4                _fflush_r
 .text.fflush   0x0800ac2c       0x24 c:/program files (x86)/gnu arm embedded toolchain/10 2021.10/bin/../lib/gcc/arm-none-eabi/10.3.1/../../../../arm-none-eabi/lib/thumb/v7e-m+fp/hard\libc_nano.a(lib_a-fflush.o)
                0x0800ac2c                fflush
 .text.std      0x0800ac50       0x48 c:/program files (x86)/gnu arm embedded toolchain/10 2021.10/bin/../lib/gcc/arm-none-eabi/10.3.1/../../../../arm-none-eabi/lib/thumb/v7e-m+fp/hard\libc_nano.a(lib_a-findfp.o)
 .text._cleanup_r
                0x0800ac98        0xc c:/program files (x86)/gnu arm embedded toolchain/10 2021.10/bin/../lib/gcc/arm-none-eabi/10.3.1/../../../../arm-none-eabi/lib/thumb/v7e-m+fp/hard\libc_nano.a(lib_a-findfp.o)
                0x0800ac98                _cleanup_r
 .text.__sfmoreglue
                0x0800aca4       0x2c c:/program files (x86)/gnu arm embedded toolchain/10 2021.10/bin/../lib/gcc/arm-none-eabi/10.3.1/../../../../arm-none-eabi/lib/thumb/v7e-m+fp/hard\libc_nano.a(lib_a-findfp.o)
                0x0800aca4                __sfmoreglue
 .text.__sfp_lock_acquire
                0x0800acd0        0xc c:/program files (x86)/gnu arm embedded toolchain/10 2021.10/bin/../lib/gcc/arm-none-eabi/10.3.1/../../../../arm-none-eabi/lib/thumb/v7e-m+fp/hard\libc_nano.a(lib_a-findfp.o)
                0x0800acd0                __sfp_lock_acquire
 .text.__sfp_lock_release
                0x0800acdc        0xc c:/program files (x86)/gnu arm embedded toolchain/10 2021.10/bin/../lib/gcc/arm-none-eabi/10.3.1/../../../../arm-none-eabi/lib/thumb/v7e-m+fp/hard\libc_nano.a(lib_a-findfp.o)
                0x0800acdc                __sfp_lock_release
 .text.__sinit_lock_acquire
                0x0800ace8        0xc c:/program files (x86)/gnu arm embedded toolchain/10 2021.10/bin/../lib/gcc/arm-none-eabi/10.3.1/../../../../arm-none-eabi/lib/thumb/v7e-m+fp/hard\libc_nano.a(lib_a-findfp.o)
                0x0800ace8                __sinit_lock_acquire
 .text.__sinit_lock_release
                0x0800acf4        0xc c:/program files (x86)/gnu arm embedded toolchain/10 2021.10/bin/../lib/gcc/arm-none-eabi/10.3.1/../../../../arm-none-eabi/lib/thumb/v7e-m+fp/hard\libc_nano.a(lib_a-findfp.o)
                0x0800acf4                __sinit_lock_release
 .text.__sinit  0x0800ad00       0x70 c:/program files (x86)/gnu arm embedded toolchain/10 2021.10/bin/../lib/gcc/arm-none-eabi/10.3.1/../../../../arm-none-eabi/lib/thumb/v7e-m+fp/hard\libc_nano.a(lib_a-findfp.o)
                0x0800ad00                __sinit
 .text.__sfp    0x0800ad70       0x8c c:/program files (x86)/gnu arm embedded toolchain/10 2021.10/bin/../lib/gcc/arm-none-eabi/10.3.1/../../../../arm-none-eabi/lib/thumb/v7e-m+fp/hard\libc_nano.a(lib_a-findfp.o)
                0x0800ad70                __sfp
 .text._fwalk_reent
                0x0800adfc       0x3e c:/program files (x86)/gnu arm embedded toolchain/10 2021.10/bin/../lib/gcc/arm-none-eabi/10.3.1/../../../../arm-none-eabi/lib/thumb/v7e-m+fp/hard\libc_nano.a(lib_a-fwalk.o)
                0x0800adfc                _fwalk_reent
 *fill*         0x0800ae3a        0x2 
 .text.__libc_init_array
                0x0800ae3c       0x48 c:/program files (x86)/gnu arm embedded toolchain/10 2021.10/bin/../lib/gcc/arm-none-eabi/10.3.1/../../../../arm-none-eabi/lib/thumb/v7e-m+fp/hard\libc_nano.a(lib_a-init.o)
                0x0800ae3c                __libc_init_array
 .text.__retarget_lock_init_recursive
                0x0800ae84        0x2 c:/program files (x86)/gnu arm embedded toolchain/10 2021.10/bin/../lib/gcc/arm-none-eabi/10.3.1/../../../../arm-none-eabi/lib/thumb/v7e-m+fp/hard\libc_nano.a(lib_a-lock.o)
                0x0800ae84                __retarget_lock_init_recursive
 .text.__retarget_lock_acquire_recursive
                0x0800ae86        0x2 c:/program files (x86)/gnu arm embedded toolchain/10 2021.10/bin/../lib/gcc/arm-none-eabi/10.3.1/../../../../arm-none-eabi/lib/thumb/v7e-m+fp/hard\libc_nano.a(lib_a-lock.o)
                0x0800ae86                __retarget_lock_acquire_recursive
 .text.__retarget_lock_release_recursive
                0x0800ae88        0x2 c:/program files (x86)/gnu arm embedded toolchain/10 2021.10/bin/../lib/gcc/arm-none-eabi/10.3.1/../../../../arm-none-eabi/lib/thumb/v7e-m+fp/hard\libc_nano.a(lib_a-lock.o)
                0x0800ae88                __retarget_lock_release_recursive
 *fill*         0x0800ae8a        0x2 
 .text.free     0x0800ae8c       0x10 c:/program files (x86)/gnu arm embedded toolchain/10 2021.10/bin/../lib/gcc/arm-none-eabi/10.3.1/../../../../arm-none-eabi/lib/thumb/v7e-m+fp/hard\libc_nano.a(lib_a-malloc.o)
                0x0800ae8c                free
 .text.memcpy   0x0800ae9c       0x1c c:/program files (x86)/gnu arm embedded toolchain/10 2021.10/bin/../lib/gcc/arm-none-eabi/10.3.1/../../../../arm-none-eabi/lib/thumb/v7e-m+fp/hard\libc_nano.a(lib_a-memcpy-stub.o)
                0x0800ae9c                memcpy
 .text.memmove  0x0800aeb8       0x34 c:/program files (x86)/gnu arm embedded toolchain/10 2021.10/bin/../lib/gcc/arm-none-eabi/10.3.1/../../../../arm-none-eabi/lib/thumb/v7e-m+fp/hard\libc_nano.a(lib_a-memmove.o)
                0x0800aeb8                memmove
 .text.memset   0x0800aeec       0x10 c:/program files (x86)/gnu arm embedded toolchain/10 2021.10/bin/../lib/gcc/arm-none-eabi/10.3.1/../../../../arm-none-eabi/lib/thumb/v7e-m+fp/hard\libc_nano.a(lib_a-memset.o)
                0x0800aeec                memset
 .text._calloc_r
                0x0800aefc       0x2c c:/program files (x86)/gnu arm embedded toolchain/10 2021.10/bin/../lib/gcc/arm-none-eabi/10.3.1/../../../../arm-none-eabi/lib/thumb/v7e-m+fp/hard\libc_nano.a(lib_a-nano-callocr.o)
                0x0800aefc                _calloc_r
 .text._free_r  0x0800af28       0x98 c:/program files (x86)/gnu arm embedded toolchain/10 2021.10/bin/../lib/gcc/arm-none-eabi/10.3.1/../../../../arm-none-eabi/lib/thumb/v7e-m+fp/hard\libc_nano.a(lib_a-nano-freer.o)
                0x0800af28                _free_r
 .text.sbrk_aligned
                0x0800afc0       0x40 c:/program files (x86)/gnu arm embedded toolchain/10 2021.10/bin/../lib/gcc/arm-none-eabi/10.3.1/../../../../arm-none-eabi/lib/thumb/v7e-m+fp/hard\libc_nano.a(lib_a-nano-mallocr.o)
 .text._malloc_r
                0x0800b000       0xe8 c:/program files (x86)/gnu arm embedded toolchain/10 2021.10/bin/../lib/gcc/arm-none-eabi/10.3.1/../../../../arm-none-eabi/lib/thumb/v7e-m+fp/hard\libc_nano.a(lib_a-nano-mallocr.o)
                0x0800b000                _malloc_r
 .text.printf   0x0800b0e8       0x30 c:/program files (x86)/gnu arm embedded toolchain/10 2021.10/bin/../lib/gcc/arm-none-eabi/10.3.1/../../../../arm-none-eabi/lib/thumb/v7e-m+fp/hard\libc_nano.a(lib_a-printf.o)
                0x0800b0e8                iprintf
                0x0800b0e8                printf
 .text._puts_r  0x0800b118       0xdc c:/program files (x86)/gnu arm embedded toolchain/10 2021.10/bin/../lib/gcc/arm-none-eabi/10.3.1/../../../../arm-none-eabi/lib/thumb/v7e-m+fp/hard\libc_nano.a(lib_a-puts.o)
                0x0800b118                _puts_r
 .text.puts     0x0800b1f4       0x10 c:/program files (x86)/gnu arm embedded toolchain/10 2021.10/bin/../lib/gcc/arm-none-eabi/10.3.1/../../../../arm-none-eabi/lib/thumb/v7e-m+fp/hard\libc_nano.a(lib_a-puts.o)
                0x0800b1f4                puts
 .text._sbrk_r  0x0800b204       0x20 c:/program files (x86)/gnu arm embedded toolchain/10 2021.10/bin/../lib/gcc/arm-none-eabi/10.3.1/../../../../arm-none-eabi/lib/thumb/v7e-m+fp/hard\libc_nano.a(lib_a-sbrkr.o)
                0x0800b204                _sbrk_r
 .text.__sread  0x0800b224       0x22 c:/program files (x86)/gnu arm embedded toolchain/10 2021.10/bin/../lib/gcc/arm-none-eabi/10.3.1/../../../../arm-none-eabi/lib/thumb/v7e-m+fp/hard\libc_nano.a(lib_a-stdio.o)
                0x0800b224                __sread
 .text.__swrite
                0x0800b246       0x38 c:/program files (x86)/gnu arm embedded toolchain/10 2021.10/bin/../lib/gcc/arm-none-eabi/10.3.1/../../../../arm-none-eabi/lib/thumb/v7e-m+fp/hard\libc_nano.a(lib_a-stdio.o)
                0x0800b246                __swrite
 .text.__sseek  0x0800b27e       0x24 c:/program files (x86)/gnu arm embedded toolchain/10 2021.10/bin/../lib/gcc/arm-none-eabi/10.3.1/../../../../arm-none-eabi/lib/thumb/v7e-m+fp/hard\libc_nano.a(lib_a-stdio.o)
                0x0800b27e                __sseek
 .text.__sclose
                0x0800b2a2        0x8 c:/program files (x86)/gnu arm embedded toolchain/10 2021.10/bin/../lib/gcc/arm-none-eabi/10.3.1/../../../../arm-none-eabi/lib/thumb/v7e-m+fp/hard\libc_nano.a(lib_a-stdio.o)
                0x0800b2a2                __sclose
 *fill*         0x0800b2aa        0x2 
 .text.__swbuf_r
                0x0800b2ac       0xa4 c:/program files (x86)/gnu arm embedded toolchain/10 2021.10/bin/../lib/gcc/arm-none-eabi/10.3.1/../../../../arm-none-eabi/lib/thumb/v7e-m+fp/hard\libc_nano.a(lib_a-wbuf.o)
                0x0800b2ac                __swbuf_r
 .text._write_r
                0x0800b350       0x24 c:/program files (x86)/gnu arm embedded toolchain/10 2021.10/bin/../lib/gcc/arm-none-eabi/10.3.1/../../../../arm-none-eabi/lib/thumb/v7e-m+fp/hard\libc_nano.a(lib_a-writer.o)
                0x0800b350                _write_r
 .text.__swsetup_r
                0x0800b374       0xdc c:/program files (x86)/gnu arm embedded toolchain/10 2021.10/bin/../lib/gcc/arm-none-eabi/10.3.1/../../../../arm-none-eabi/lib/thumb/v7e-m+fp/hard\libc_nano.a(lib_a-wsetup.o)
                0x0800b374                __swsetup_r
 .text._close_r
                0x0800b450       0x20 c:/program files (x86)/gnu arm embedded toolchain/10 2021.10/bin/../lib/gcc/arm-none-eabi/10.3.1/../../../../arm-none-eabi/lib/thumb/v7e-m+fp/hard\libc_nano.a(lib_a-closer.o)
                0x0800b450                _close_r
 .text._lseek_r
                0x0800b470       0x24 c:/program files (x86)/gnu arm embedded toolchain/10 2021.10/bin/../lib/gcc/arm-none-eabi/10.3.1/../../../../arm-none-eabi/lib/thumb/v7e-m+fp/hard\libc_nano.a(lib_a-lseekr.o)
                0x0800b470                _lseek_r
 .text.__swhatbuf_r
                0x0800b494       0x4a c:/program files (x86)/gnu arm embedded toolchain/10 2021.10/bin/../lib/gcc/arm-none-eabi/10.3.1/../../../../arm-none-eabi/lib/thumb/v7e-m+fp/hard\libc_nano.a(lib_a-makebuf.o)
                0x0800b494                __swhatbuf_r
 *fill*         0x0800b4de        0x2 
 .text.__smakebuf_r
                0x0800b4e0       0x80 c:/program files (x86)/gnu arm embedded toolchain/10 2021.10/bin/../lib/gcc/arm-none-eabi/10.3.1/../../../../arm-none-eabi/lib/thumb/v7e-m+fp/hard\libc_nano.a(lib_a-makebuf.o)
                0x0800b4e0                __smakebuf_r
 .text.__malloc_lock
                0x0800b560        0xc c:/program files (x86)/gnu arm embedded toolchain/10 2021.10/bin/../lib/gcc/arm-none-eabi/10.3.1/../../../../arm-none-eabi/lib/thumb/v7e-m+fp/hard\libc_nano.a(lib_a-mlock.o)
                0x0800b560                __malloc_lock
 .text.__malloc_unlock
                0x0800b56c        0xc c:/program files (x86)/gnu arm embedded toolchain/10 2021.10/bin/../lib/gcc/arm-none-eabi/10.3.1/../../../../arm-none-eabi/lib/thumb/v7e-m+fp/hard\libc_nano.a(lib_a-mlock.o)
                0x0800b56c                __malloc_unlock
 .text.__sfputc_r
                0x0800b578       0x2e c:/program files (x86)/gnu arm embedded toolchain/10 2021.10/bin/../lib/gcc/arm-none-eabi/10.3.1/../../../../arm-none-eabi/lib/thumb/v7e-m+fp/hard\libc_nano.a(lib_a-nano-vfprintf.o)
 .text.__sfputs_r
                0x0800b5a6       0x24 c:/program files (x86)/gnu arm embedded toolchain/10 2021.10/bin/../lib/gcc/arm-none-eabi/10.3.1/../../../../arm-none-eabi/lib/thumb/v7e-m+fp/hard\libc_nano.a(lib_a-nano-vfprintf.o)
                0x0800b5a6                __sfputs_r
 *fill*         0x0800b5ca        0x2 
 .text._vfprintf_r
                0x0800b5cc      0x260 c:/program files (x86)/gnu arm embedded toolchain/10 2021.10/bin/../lib/gcc/arm-none-eabi/10.3.1/../../../../arm-none-eabi/lib/thumb/v7e-m+fp/hard\libc_nano.a(lib_a-nano-vfprintf.o)
                0x0800b5cc                _vfprintf_r
                0x0800b5cc                _vfiprintf_r
 .text._printf_common
                0x0800b82c       0xda c:/program files (x86)/gnu arm embedded toolchain/10 2021.10/bin/../lib/gcc/arm-none-eabi/10.3.1/../../../../arm-none-eabi/lib/thumb/v7e-m+fp/hard\libc_nano.a(lib_a-nano-vfprintf_i.o)
                0x0800b82c                _printf_common
 *fill*         0x0800b906        0x2 
 .text._printf_i
                0x0800b908      0x24c c:/program files (x86)/gnu arm embedded toolchain/10 2021.10/bin/../lib/gcc/arm-none-eabi/10.3.1/../../../../arm-none-eabi/lib/thumb/v7e-m+fp/hard\libc_nano.a(lib_a-nano-vfprintf_i.o)
                0x0800b908                _printf_i
 .text._read_r  0x0800bb54       0x24 c:/program files (x86)/gnu arm embedded toolchain/10 2021.10/bin/../lib/gcc/arm-none-eabi/10.3.1/../../../../arm-none-eabi/lib/thumb/v7e-m+fp/hard\libc_nano.a(lib_a-readr.o)
                0x0800bb54                _read_r
 .text._fstat_r
                0x0800bb78       0x24 c:/program files (x86)/gnu arm embedded toolchain/10 2021.10/bin/../lib/gcc/arm-none-eabi/10.3.1/../../../../arm-none-eabi/lib/thumb/v7e-m+fp/hard\libc_nano.a(lib_a-fstatr.o)
                0x0800bb78                _fstat_r
 .text._isatty_r
                0x0800bb9c       0x20 c:/program files (x86)/gnu arm embedded toolchain/10 2021.10/bin/../lib/gcc/arm-none-eabi/10.3.1/../../../../arm-none-eabi/lib/thumb/v7e-m+fp/hard\libc_nano.a(lib_a-isattyr.o)
                0x0800bb9c                _isatty_r
 .text._close   0x0800bbbc       0x10 c:/program files (x86)/gnu arm embedded toolchain/10 2021.10/bin/../lib/gcc/arm-none-eabi/10.3.1/../../../../arm-none-eabi/lib/thumb/v7e-m+fp/hard\libnosys.a(close.o)
                0x0800bbbc                _close
 .text._fstat   0x0800bbcc       0x10 c:/program files (x86)/gnu arm embedded toolchain/10 2021.10/bin/../lib/gcc/arm-none-eabi/10.3.1/../../../../arm-none-eabi/lib/thumb/v7e-m+fp/hard\libnosys.a(fstat.o)
                0x0800bbcc                _fstat
 .text._isatty  0x0800bbdc       0x10 c:/program files (x86)/gnu arm embedded toolchain/10 2021.10/bin/../lib/gcc/arm-none-eabi/10.3.1/../../../../arm-none-eabi/lib/thumb/v7e-m+fp/hard\libnosys.a(isatty.o)
                0x0800bbdc                _isatty
 .text._lseek   0x0800bbec       0x10 c:/program files (x86)/gnu arm embedded toolchain/10 2021.10/bin/../lib/gcc/arm-none-eabi/10.3.1/../../../../arm-none-eabi/lib/thumb/v7e-m+fp/hard\libnosys.a(lseek.o)
                0x0800bbec                _lseek
 .text._read    0x0800bbfc       0x10 c:/program files (x86)/gnu arm embedded toolchain/10 2021.10/bin/../lib/gcc/arm-none-eabi/10.3.1/../../../../arm-none-eabi/lib/thumb/v7e-m+fp/hard\libnosys.a(read.o)
                0x0800bbfc                _read
 .text._sbrk    0x0800bc0c       0x1c c:/program files (x86)/gnu arm embedded toolchain/10 2021.10/bin/../lib/gcc/arm-none-eabi/10.3.1/../../../../arm-none-eabi/lib/thumb/v7e-m+fp/hard\libnosys.a(sbrk.o)
                0x0800bc0c                _sbrk
 .text._write   0x0800bc28       0x10 c:/program files (x86)/gnu arm embedded toolchain/10 2021.10/bin/../lib/gcc/arm-none-eabi/10.3.1/../../../../arm-none-eabi/lib/thumb/v7e-m+fp/hard\libnosys.a(write.o)
                0x0800bc28                _write
 *(.glue_7)
 .glue_7        0x0800bc38        0x0 linker stubs
 *(.glue_7t)
 .glue_7t       0x0800bc38        0x0 linker stubs
 *(.eh_frame)
 .eh_frame      0x0800bc38        0x0 c:/program files (x86)/gnu arm embedded toolchain/10 2021.10/bin/../lib/gcc/arm-none-eabi/10.3.1/thumb/v7e-m+fp/hard/crtbegin.o
 *(.init)
 .init          0x0800bc38        0x4 c:/program files (x86)/gnu arm embedded toolchain/10 2021.10/bin/../lib/gcc/arm-none-eabi/10.3.1/thumb/v7e-m+fp/hard/crti.o
                0x0800bc38                _init
 .init          0x0800bc3c        0x8 c:/program files (x86)/gnu arm embedded toolchain/10 2021.10/bin/../lib/gcc/arm-none-eabi/10.3.1/thumb/v7e-m+fp/hard/crtn.o
 *(.fini)
 .fini          0x0800bc44        0x4 c:/program files (x86)/gnu arm embedded toolchain/10 2021.10/bin/../lib/gcc/arm-none-eabi/10.3.1/thumb/v7e-m+fp/hard/crti.o
                0x0800bc44                _fini
 .fini          0x0800bc48        0x8 c:/program files (x86)/gnu arm embedded toolchain/10 2021.10/bin/../lib/gcc/arm-none-eabi/10.3.1/thumb/v7e-m+fp/hard/crtn.o
                0x0800bc50                . = ALIGN (0x4)
                0x0800bc50                _etext = .

.vfp11_veneer   0x0800bc50        0x0
 .vfp11_veneer  0x0800bc50        0x0 linker stubs

.v4_bx          0x0800bc50        0x0
 .v4_bx         0x0800bc50        0x0 linker stubs

.iplt           0x0800bc50        0x0
 .iplt          0x0800bc50        0x0 c:/program files (x86)/gnu arm embedded toolchain/10 2021.10/bin/../lib/gcc/arm-none-eabi/10.3.1/thumb/v7e-m+fp/hard/crtbegin.o

.rodata         0x0800bc50      0x648
                0x0800bc50                . = ALIGN (0x4)
 *(.rodata)
 *(.rodata*)
 .rodata.str1.4
                0x0800bc50       0x14 build/freertos.o
 .rodata.PIDTask_attributes
                0x0800bc64       0x24 build/freertos.o
                0x0800bc64                PIDTask_attributes
 .rodata.canopenTask_attributes
                0x0800bc88       0x24 build/freertos.o
                0x0800bc88                canopenTask_attributes
 .rodata.aPLLMULFactorTable
                0x0800bcac       0x10 build/stm32f3xx_hal_rcc.o
 .rodata.aPredivFactorTable
                0x0800bcbc       0x10 build/stm32f3xx_hal_rcc.o
 .rodata.AHBPrescTable
                0x0800bccc       0x10 build/system_stm32f3xx.o
                0x0800bccc                AHBPrescTable
 .rodata.APBPrescTable
                0x0800bcdc        0x8 build/system_stm32f3xx.o
                0x0800bcdc                APBPrescTable
 .rodata.vTaskStartScheduler.str1.4
                0x0800bce4        0x5 build/tasks.o
 *fill*         0x0800bce9        0x3 
 .rodata.prvCheckForValidListAndQueue.str1.4
                0x0800bcec        0x5 build/timers.o
 *fill*         0x0800bcf1        0x3 
 .rodata.xTimerCreateTimerTask.str1.4
                0x0800bcf4        0x8 build/timers.o
 .rodata.abortCodes.0
                0x0800bcfc       0x68 build/CO_ODinterface.o
 .rodata.CO_LSS_bitTimingTableLookup
                0x0800bd64       0x14 build/CO_LSSslave.o
 .rodata.canopen_app_resetCommunication.str1.4
                0x0800bd78      0x139 build/CO_app_STM32.o
 *fill*         0x0800beb1        0x3 
 .rodata.canopen_app_init.str1.4
                0x0800beb4       0x48 build/CO_app_STM32.o
 .rodata.canopen_app_process.str1.4
                0x0800befc       0x41 build/CO_app_STM32.o
 *fill*         0x0800bf3d        0x3 
 .rodata.ODObjs
                0x0800bf40      0x2c0 build/OD.o
 .rodata.__sf_fake_stderr
                0x0800c200       0x20 c:/program files (x86)/gnu arm embedded toolchain/10 2021.10/bin/../lib/gcc/arm-none-eabi/10.3.1/../../../../arm-none-eabi/lib/thumb/v7e-m+fp/hard\libc_nano.a(lib_a-findfp.o)
                0x0800c200                __sf_fake_stderr
 .rodata.__sf_fake_stdin
                0x0800c220       0x20 c:/program files (x86)/gnu arm embedded toolchain/10 2021.10/bin/../lib/gcc/arm-none-eabi/10.3.1/../../../../arm-none-eabi/lib/thumb/v7e-m+fp/hard\libc_nano.a(lib_a-findfp.o)
                0x0800c220                __sf_fake_stdin
 .rodata.__sf_fake_stdout
                0x0800c240       0x20 c:/program files (x86)/gnu arm embedded toolchain/10 2021.10/bin/../lib/gcc/arm-none-eabi/10.3.1/../../../../arm-none-eabi/lib/thumb/v7e-m+fp/hard\libc_nano.a(lib_a-findfp.o)
                0x0800c240                __sf_fake_stdout
 .rodata._global_impure_ptr
                0x0800c260        0x4 c:/program files (x86)/gnu arm embedded toolchain/10 2021.10/bin/../lib/gcc/arm-none-eabi/10.3.1/../../../../arm-none-eabi/lib/thumb/v7e-m+fp/hard\libc_nano.a(lib_a-impure.o)
                0x0800c260                _global_impure_ptr
 .rodata._vfprintf_r.str1.1
                0x0800c264       0x11 c:/program files (x86)/gnu arm embedded toolchain/10 2021.10/bin/../lib/gcc/arm-none-eabi/10.3.1/../../../../arm-none-eabi/lib/thumb/v7e-m+fp/hard\libc_nano.a(lib_a-nano-vfprintf.o)
 .rodata._printf_i.str1.1
                0x0800c275       0x22 c:/program files (x86)/gnu arm embedded toolchain/10 2021.10/bin/../lib/gcc/arm-none-eabi/10.3.1/../../../../arm-none-eabi/lib/thumb/v7e-m+fp/hard\libc_nano.a(lib_a-nano-vfprintf_i.o)
                0x0800c298                . = ALIGN (0x4)
 *fill*         0x0800c297        0x1 

.rel.dyn        0x0800c298        0x0
 .rel.iplt      0x0800c298        0x0 c:/program files (x86)/gnu arm embedded toolchain/10 2021.10/bin/../lib/gcc/arm-none-eabi/10.3.1/thumb/v7e-m+fp/hard/crtbegin.o

.ARM.extab
 *(.ARM.extab* .gnu.linkonce.armextab.*)

.ARM            0x0800c298        0x0
                0x0800c298                __exidx_start = .
 *(.ARM.exidx*)
                0x0800c298                __exidx_end = .

.preinit_array  0x0800c298        0x0
                0x0800c298                PROVIDE (__preinit_array_start = .)
 *(.preinit_array*)
                0x0800c298                PROVIDE (__preinit_array_end = .)

.init_array     0x0800c298        0x4
                0x0800c298                PROVIDE (__init_array_start = .)
 *(SORT_BY_NAME(.init_array.*))
 *(.init_array*)
 .init_array    0x0800c298        0x4 c:/program files (x86)/gnu arm embedded toolchain/10 2021.10/bin/../lib/gcc/arm-none-eabi/10.3.1/thumb/v7e-m+fp/hard/crtbegin.o
                0x0800c29c                PROVIDE (__init_array_end = .)

.fini_array     0x0800c29c        0x4
                [!provide]                PROVIDE (__fini_array_start = .)
 *(SORT_BY_NAME(.fini_array.*))
 *(.fini_array*)
 .fini_array    0x0800c29c        0x4 c:/program files (x86)/gnu arm embedded toolchain/10 2021.10/bin/../lib/gcc/arm-none-eabi/10.3.1/thumb/v7e-m+fp/hard/crtbegin.o
                [!provide]                PROVIDE (__fini_array_end = .)
                0x0800c2a0                _sidata = LOADADDR (.data)

.data           0x20000000      0x2a4 load address 0x0800c2a0
                0x20000000                . = ALIGN (0x4)
                0x20000000                _sdata = .
 *(.data)
 *(.data*)
 .data.uwTickFreq
                0x20000000        0x1 build/stm32f3xx_hal.o
                0x20000000                uwTickFreq
 *fill*         0x20000001        0x3 
 .data.uwTickPrio
                0x20000004        0x4 build/stm32f3xx_hal.o
                0x20000004                uwTickPrio
 .data.SystemCoreClock
                0x20000008        0x4 build/system_stm32f3xx.o
                0x20000008                SystemCoreClock
 .data.uxCriticalNesting
                0x2000000c        0x4 build/port.o
 .data.OD       0x20000010        0x4 build/OD.o
                0x20000010                OD
 .data.ODList   0x20000014      0x120 build/OD.o
 .data.OD_PERSIST_COMM
                0x20000134       0xd0 build/OD.o
                0x20000134                OD_PERSIST_COMM
 .data.OD_RAM   0x20000204       0x34 build/OD.o
                0x20000204                OD_RAM
 .data._OD      0x20000238        0x8 build/OD.o
 .data._impure_ptr
                0x20000240        0x4 c:/program files (x86)/gnu arm embedded toolchain/10 2021.10/bin/../lib/gcc/arm-none-eabi/10.3.1/../../../../arm-none-eabi/lib/thumb/v7e-m+fp/hard\libc_nano.a(lib_a-impure.o)
                0x20000240                _impure_ptr
 .data.impure_data
                0x20000244       0x60 c:/program files (x86)/gnu arm embedded toolchain/10 2021.10/bin/../lib/gcc/arm-none-eabi/10.3.1/../../../../arm-none-eabi/lib/thumb/v7e-m+fp/hard\libc_nano.a(lib_a-impure.o)
                0x200002a4                . = ALIGN (0x4)
                0x200002a4                _edata = .
                0x0800c544                _siccmram = LOADADDR (.ccmram)

.igot.plt       0x200002a4        0x0 load address 0x0800c544
 .igot.plt      0x200002a4        0x0 c:/program files (x86)/gnu arm embedded toolchain/10 2021.10/bin/../lib/gcc/arm-none-eabi/10.3.1/thumb/v7e-m+fp/hard/crtbegin.o

.ccmram         0x10000000        0x0 load address 0x0800c544
                0x10000000                . = ALIGN (0x4)
                0x10000000                _sccmram = .
 *(.ccmram)
 *(.ccmram*)
                0x10000000                . = ALIGN (0x4)
                0x10000000                _eccmram = .
                0x10000000                . = ALIGN (0x4)

.bss            0x200002a8     0x1f10
                0x200002a8                _sbss = .
                0x200002a8                __bss_start__ = _sbss
 *(.bss)
 .bss           0x200002a8       0x1c c:/program files (x86)/gnu arm embedded toolchain/10 2021.10/bin/../lib/gcc/arm-none-eabi/10.3.1/thumb/v7e-m+fp/hard/crtbegin.o
 *(.bss*)
 .bss.timer_counter
                0x200002c4        0x2 build/main.o
                0x200002c4                timer_counter
 *fill*         0x200002c6        0x2 
 .bss.CCR_value
                0x200002c8        0x8 build/freertos.o
                0x200002c8                CCR_value
 .bss.PIDTaskHandle
                0x200002d0        0x4 build/freertos.o
                0x200002d0                PIDTaskHandle
 *fill*         0x200002d4        0x4 
 .bss.TPID      0x200002d8       0x70 build/freertos.o
                0x200002d8                TPID
 .bss.canopenTaskHandle
                0x20000348        0x4 build/freertos.o
                0x20000348                canopenTaskHandle
 *fill*         0x2000034c        0x4 
 .bss.current_angle
                0x20000350        0x8 build/freertos.o
                0x20000350                current_angle
 .bss.current_voltage
                0x20000358        0x8 build/freertos.o
                0x20000358                current_voltage
 .bss.db_target_angle
                0x20000360        0x8 build/freertos.o
                0x20000360                db_target_angle
 .bss.hcan      0x20000368       0x64 build/can.o
                0x20000368                hcan
 .bss.hdma_tim2_ch2_ch4
                0x200003cc       0x44 build/tim.o
                0x200003cc                hdma_tim2_ch2_ch4
 .bss.htim17    0x20000410       0xbc build/tim.o
                0x20000410                htim17
 .bss.htim2     0x200004cc       0xbc build/tim.o
                0x200004cc                htim2
 .bss.htim3     0x20000588       0xbc build/tim.o
                0x20000588                htim3
 .bss.htim6     0x20000644       0xbc build/tim.o
                0x20000644                htim6
 .bss.htim1     0x20000700       0xbc build/stm32f3xx_hal_timebase_tim.o
                0x20000700                htim1
 .bss.uwTick    0x200007bc        0x4 build/stm32f3xx_hal.o
                0x200007bc                uwTick
 .bss.xQueueRegistry
                0x200007c0       0x40 build/queue.o
                0x200007c0                xQueueRegistry
 .bss.pxCurrentTCB
                0x20000800        0x4 build/tasks.o
                0x20000800                pxCurrentTCB
 .bss.pxDelayedTaskList
                0x20000804        0x4 build/tasks.o
 .bss.pxOverflowDelayedTaskList
                0x20000808        0x4 build/tasks.o
 .bss.pxReadyTasksLists
                0x2000080c      0x460 build/tasks.o
 .bss.uxCurrentNumberOfTasks
                0x20000c6c        0x4 build/tasks.o
 .bss.uxDeletedTasksWaitingCleanUp
                0x20000c70        0x4 build/tasks.o
 .bss.uxPendedTicks
                0x20000c74        0x4 build/tasks.o
 .bss.uxSchedulerSuspended
                0x20000c78        0x4 build/tasks.o
 .bss.uxTaskNumber
                0x20000c7c        0x4 build/tasks.o
 .bss.uxTopReadyPriority
                0x20000c80        0x4 build/tasks.o
 .bss.xDelayedTaskList1
                0x20000c84       0x14 build/tasks.o
 .bss.xDelayedTaskList2
                0x20000c98       0x14 build/tasks.o
 .bss.xIdleTaskHandle
                0x20000cac        0x4 build/tasks.o
 .bss.xNextTaskUnblockTime
                0x20000cb0        0x4 build/tasks.o
 .bss.xNumOfOverflows
                0x20000cb4        0x4 build/tasks.o
 .bss.xPendingReadyList
                0x20000cb8       0x14 build/tasks.o
 .bss.xSchedulerRunning
                0x20000ccc        0x4 build/tasks.o
 .bss.xSuspendedTaskList
                0x20000cd0       0x14 build/tasks.o
 .bss.xTasksWaitingTermination
                0x20000ce4       0x14 build/tasks.o
 .bss.xTickCount
                0x20000cf8        0x4 build/tasks.o
 .bss.xYieldPending
                0x20000cfc        0x4 build/tasks.o
 .bss.pxCurrentTimerList
                0x20000d00        0x4 build/timers.o
 .bss.pxOverflowTimerList
                0x20000d04        0x4 build/timers.o
 .bss.ucStaticTimerQueueStorage.1
                0x20000d08       0xa0 build/timers.o
 .bss.xActiveTimerList1
                0x20000da8       0x14 build/timers.o
 .bss.xActiveTimerList2
                0x20000dbc       0x14 build/timers.o
 .bss.xLastTime.2
                0x20000dd0        0x4 build/timers.o
 .bss.xStaticTimerQueue.0
                0x20000dd4       0x50 build/timers.o
 .bss.xTimerQueue
                0x20000e24        0x4 build/timers.o
 .bss.xTimerTaskHandle
                0x20000e28        0x4 build/timers.o
 .bss.Idle_Stack
                0x20000e2c      0x200 build/cmsis_os2.o
 .bss.Idle_TCB  0x2000102c       0x5c build/cmsis_os2.o
 .bss.KernelState
                0x20001088        0x4 build/cmsis_os2.o
 .bss.Timer_Stack
                0x2000108c      0x400 build/cmsis_os2.o
 .bss.Timer_TCB
                0x2000148c       0x5c build/cmsis_os2.o
 .bss.pxEnd     0x200014e8        0x4 build/heap_4.o
 .bss.ucHeap    0x200014ec      0xc00 build/heap_4.o
 .bss.xBlockAllocatedBit
                0x200020ec        0x4 build/heap_4.o
 .bss.xFreeBytesRemaining
                0x200020f0        0x4 build/heap_4.o
 .bss.xMinimumEverFreeBytesRemaining
                0x200020f4        0x4 build/heap_4.o
 .bss.xStart    0x200020f8        0x8 build/heap_4.o
 .bss.ucMaxSysCallPriority
                0x20002100        0x1 build/port.o
 *fill*         0x20002101        0x3 
 .bss.ulMaxPRIGROUPValue
                0x20002104        0x4 build/port.o
 .bss.CO        0x20002108        0x4 build/CO_app_STM32.o
                0x20002108                CO
 .bss.canopenNodeSTM32
                0x2000210c        0x4 build/CO_app_STM32.o
                0x2000210c                canopenNodeSTM32
 .bss.err       0x20002110        0x1 build/CO_app_STM32.o
                0x20002110                err
 *fill*         0x20002111        0x3 
 .bss.time_current
                0x20002114        0x4 build/CO_app_STM32.o
                0x20002114                time_current
 .bss.time_old  0x20002118        0x4 build/CO_app_STM32.o
                0x20002118                time_old
 .bss.CANModule_local
                0x2000211c        0x4 build/CO_driver_STM32.o
 .bss.rx_hdr.0  0x20002120       0x1c build/CO_driver_STM32.o
 .bss.tx_hdr.1  0x2000213c       0x18 build/CO_driver_STM32.o
 .bss.hadc1     0x20002154       0x50 build/adc.o
                0x20002154                hadc1
 .bss.__lock___malloc_recursive_mutex
                0x200021a4        0x1 c:/program files (x86)/gnu arm embedded toolchain/10 2021.10/bin/../lib/gcc/arm-none-eabi/10.3.1/../../../../arm-none-eabi/lib/thumb/v7e-m+fp/hard\libc_nano.a(lib_a-lock.o)
                0x200021a4                __lock___malloc_recursive_mutex
 .bss.__lock___sfp_recursive_mutex
                0x200021a5        0x1 c:/program files (x86)/gnu arm embedded toolchain/10 2021.10/bin/../lib/gcc/arm-none-eabi/10.3.1/../../../../arm-none-eabi/lib/thumb/v7e-m+fp/hard\libc_nano.a(lib_a-lock.o)
                0x200021a5                __lock___sfp_recursive_mutex
 .bss.__lock___sinit_recursive_mutex
                0x200021a6        0x1 c:/program files (x86)/gnu arm embedded toolchain/10 2021.10/bin/../lib/gcc/arm-none-eabi/10.3.1/../../../../arm-none-eabi/lib/thumb/v7e-m+fp/hard\libc_nano.a(lib_a-lock.o)
                0x200021a6                __lock___sinit_recursive_mutex
 *fill*         0x200021a7        0x1 
 .bss.__malloc_free_list
                0x200021a8        0x4 c:/program files (x86)/gnu arm embedded toolchain/10 2021.10/bin/../lib/gcc/arm-none-eabi/10.3.1/../../../../arm-none-eabi/lib/thumb/v7e-m+fp/hard\libc_nano.a(lib_a-nano-mallocr.o)
                0x200021a8                __malloc_free_list
 .bss.__malloc_sbrk_start
                0x200021ac        0x4 c:/program files (x86)/gnu arm embedded toolchain/10 2021.10/bin/../lib/gcc/arm-none-eabi/10.3.1/../../../../arm-none-eabi/lib/thumb/v7e-m+fp/hard\libc_nano.a(lib_a-nano-mallocr.o)
                0x200021ac                __malloc_sbrk_start
 .bss.errno     0x200021b0        0x4 c:/program files (x86)/gnu arm embedded toolchain/10 2021.10/bin/../lib/gcc/arm-none-eabi/10.3.1/../../../../arm-none-eabi/lib/thumb/v7e-m+fp/hard\libc_nano.a(lib_a-reent.o)
                0x200021b0                errno
 .bss.heap_end.0
                0x200021b4        0x4 c:/program files (x86)/gnu arm embedded toolchain/10 2021.10/bin/../lib/gcc/arm-none-eabi/10.3.1/../../../../arm-none-eabi/lib/thumb/v7e-m+fp/hard\libnosys.a(sbrk.o)
 *(COMMON)
                0x200021b8                . = ALIGN (0x4)
                0x200021b8                _ebss = .
                0x200021b8                __bss_end__ = _ebss

._user_heap_stack
                0x200021b8      0x600
                0x200021b8                . = ALIGN (0x8)
                0x200021b8                PROVIDE (end = .)
                [!provide]                PROVIDE (_end = .)
                0x200023b8                . = (. + _Min_Heap_Size)
 *fill*         0x200021b8      0x200 
                0x200027b8                . = (. + _Min_Stack_Size)
 *fill*         0x200023b8      0x400 
                0x200027b8                . = ALIGN (0x8)

/DISCARD/
 libc.a(*)
 libm.a(*)
 libgcc.a(*)

.ARM.attributes
                0x00000000       0x30
 *(.ARM.attributes)
 .ARM.attributes
                0x00000000       0x1e c:/program files (x86)/gnu arm embedded toolchain/10 2021.10/bin/../lib/gcc/arm-none-eabi/10.3.1/thumb/v7e-m+fp/hard/crti.o
 .ARM.attributes
                0x0000001e       0x34 c:/program files (x86)/gnu arm embedded toolchain/10 2021.10/bin/../lib/gcc/arm-none-eabi/10.3.1/thumb/v7e-m+fp/hard/crtbegin.o
 .ARM.attributes
                0x00000052       0x34 build/main.o
 .ARM.attributes
                0x00000086       0x34 build/gpio.o
 .ARM.attributes
                0x000000ba       0x34 build/freertos.o
 .ARM.attributes
                0x000000ee       0x34 build/can.o
 .ARM.attributes
                0x00000122       0x34 build/tim.o
 .ARM.attributes
                0x00000156       0x34 build/pid.o
 .ARM.attributes
                0x0000018a       0x34 build/stm32f3xx_it.o
 .ARM.attributes
                0x000001be       0x34 build/stm32f3xx_hal_msp.o
 .ARM.attributes
                0x000001f2       0x34 build/stm32f3xx_hal_timebase_tim.o
 .ARM.attributes
                0x00000226       0x34 build/stm32f3xx_hal_can.o
 .ARM.attributes
                0x0000025a       0x34 build/stm32f3xx_hal.o
 .ARM.attributes
                0x0000028e       0x34 build/stm32f3xx_hal_rcc.o
 .ARM.attributes
                0x000002c2       0x34 build/stm32f3xx_hal_rcc_ex.o
 .ARM.attributes
                0x000002f6       0x34 build/stm32f3xx_hal_gpio.o
 .ARM.attributes
                0x0000032a       0x34 build/stm32f3xx_hal_dma.o
 .ARM.attributes
                0x0000035e       0x34 build/stm32f3xx_hal_cortex.o
 .ARM.attributes
                0x00000392       0x34 build/stm32f3xx_hal_tim.o
 .ARM.attributes
                0x000003c6       0x34 build/stm32f3xx_hal_tim_ex.o
 .ARM.attributes
                0x000003fa       0x34 build/system_stm32f3xx.o
 .ARM.attributes
                0x0000042e       0x34 build/list.o
 .ARM.attributes
                0x00000462       0x34 build/queue.o
 .ARM.attributes
                0x00000496       0x34 build/tasks.o
 .ARM.attributes
                0x000004ca       0x34 build/timers.o
 .ARM.attributes
                0x000004fe       0x34 build/cmsis_os2.o
 .ARM.attributes
                0x00000532       0x34 build/heap_4.o
 .ARM.attributes
                0x00000566       0x34 build/port.o
 .ARM.attributes
                0x0000059a       0x34 build/CO_ODinterface.o
 .ARM.attributes
                0x000005ce       0x34 build/CO_NMT_Heartbeat.o
 .ARM.attributes
                0x00000602       0x34 build/CO_HBconsumer.o
 .ARM.attributes
                0x00000636       0x34 build/CO_Emergency.o
 .ARM.attributes
                0x0000066a       0x34 build/CO_SDOserver.o
 .ARM.attributes
                0x0000069e       0x34 build/CO_TIME.o
 .ARM.attributes
                0x000006d2       0x34 build/CO_SYNC.o
 .ARM.attributes
                0x00000706       0x34 build/CO_PDO.o
 .ARM.attributes
                0x0000073a       0x34 build/CO_LEDs.o
 .ARM.attributes
                0x0000076e       0x34 build/CO_LSSslave.o
 .ARM.attributes
                0x000007a2       0x34 build/CANopen.o
 .ARM.attributes
                0x000007d6       0x34 build/CO_app_STM32.o
 .ARM.attributes
                0x0000080a       0x34 build/CO_driver_STM32.o
 .ARM.attributes
                0x0000083e       0x34 build/OD.o
 .ARM.attributes
                0x00000872       0x34 build/dma.o
 .ARM.attributes
                0x000008a6       0x34 build/adc.o
 .ARM.attributes
                0x000008da       0x34 build/stm32f3xx_hal_adc_ex.o
 .ARM.attributes
                0x0000090e       0x21 build/startup_stm32f303x8.o
 .ARM.attributes
                0x0000092f       0x34 c:/program files (x86)/gnu arm embedded toolchain/10 2021.10/bin/../lib/gcc/arm-none-eabi/10.3.1/../../../../arm-none-eabi/lib/thumb/v7e-m+fp/hard\libc_nano.a(lib_a-calloc.o)
 .ARM.attributes
                0x00000963       0x34 c:/program files (x86)/gnu arm embedded toolchain/10 2021.10/bin/../lib/gcc/arm-none-eabi/10.3.1/../../../../arm-none-eabi/lib/thumb/v7e-m+fp/hard\libc_nano.a(lib_a-fflush.o)
 .ARM.attributes
                0x00000997       0x34 c:/program files (x86)/gnu arm embedded toolchain/10 2021.10/bin/../lib/gcc/arm-none-eabi/10.3.1/../../../../arm-none-eabi/lib/thumb/v7e-m+fp/hard\libc_nano.a(lib_a-findfp.o)
 .ARM.attributes
                0x000009cb       0x34 c:/program files (x86)/gnu arm embedded toolchain/10 2021.10/bin/../lib/gcc/arm-none-eabi/10.3.1/../../../../arm-none-eabi/lib/thumb/v7e-m+fp/hard\libc_nano.a(lib_a-fwalk.o)
 .ARM.attributes
                0x000009ff       0x34 c:/program files (x86)/gnu arm embedded toolchain/10 2021.10/bin/../lib/gcc/arm-none-eabi/10.3.1/../../../../arm-none-eabi/lib/thumb/v7e-m+fp/hard\libc_nano.a(lib_a-impure.o)
 .ARM.attributes
                0x00000a33       0x34 c:/program files (x86)/gnu arm embedded toolchain/10 2021.10/bin/../lib/gcc/arm-none-eabi/10.3.1/../../../../arm-none-eabi/lib/thumb/v7e-m+fp/hard\libc_nano.a(lib_a-init.o)
 .ARM.attributes
                0x00000a67       0x34 c:/program files (x86)/gnu arm embedded toolchain/10 2021.10/bin/../lib/gcc/arm-none-eabi/10.3.1/../../../../arm-none-eabi/lib/thumb/v7e-m+fp/hard\libc_nano.a(lib_a-lock.o)
 .ARM.attributes
                0x00000a9b       0x34 c:/program files (x86)/gnu arm embedded toolchain/10 2021.10/bin/../lib/gcc/arm-none-eabi/10.3.1/../../../../arm-none-eabi/lib/thumb/v7e-m+fp/hard\libc_nano.a(lib_a-malloc.o)
 .ARM.attributes
                0x00000acf       0x34 c:/program files (x86)/gnu arm embedded toolchain/10 2021.10/bin/../lib/gcc/arm-none-eabi/10.3.1/../../../../arm-none-eabi/lib/thumb/v7e-m+fp/hard\libc_nano.a(lib_a-memcpy-stub.o)
 .ARM.attributes
                0x00000b03       0x34 c:/program files (x86)/gnu arm embedded toolchain/10 2021.10/bin/../lib/gcc/arm-none-eabi/10.3.1/../../../../arm-none-eabi/lib/thumb/v7e-m+fp/hard\libc_nano.a(lib_a-memmove.o)
 .ARM.attributes
                0x00000b37       0x34 c:/program files (x86)/gnu arm embedded toolchain/10 2021.10/bin/../lib/gcc/arm-none-eabi/10.3.1/../../../../arm-none-eabi/lib/thumb/v7e-m+fp/hard\libc_nano.a(lib_a-memset.o)
 .ARM.attributes
                0x00000b6b       0x34 c:/program files (x86)/gnu arm embedded toolchain/10 2021.10/bin/../lib/gcc/arm-none-eabi/10.3.1/../../../../arm-none-eabi/lib/thumb/v7e-m+fp/hard\libc_nano.a(lib_a-nano-callocr.o)
 .ARM.attributes
                0x00000b9f       0x34 c:/program files (x86)/gnu arm embedded toolchain/10 2021.10/bin/../lib/gcc/arm-none-eabi/10.3.1/../../../../arm-none-eabi/lib/thumb/v7e-m+fp/hard\libc_nano.a(lib_a-nano-freer.o)
 .ARM.attributes
                0x00000bd3       0x34 c:/program files (x86)/gnu arm embedded toolchain/10 2021.10/bin/../lib/gcc/arm-none-eabi/10.3.1/../../../../arm-none-eabi/lib/thumb/v7e-m+fp/hard\libc_nano.a(lib_a-nano-mallocr.o)
 .ARM.attributes
                0x00000c07       0x34 c:/program files (x86)/gnu arm embedded toolchain/10 2021.10/bin/../lib/gcc/arm-none-eabi/10.3.1/../../../../arm-none-eabi/lib/thumb/v7e-m+fp/hard\libc_nano.a(lib_a-printf.o)
 .ARM.attributes
                0x00000c3b       0x34 c:/program files (x86)/gnu arm embedded toolchain/10 2021.10/bin/../lib/gcc/arm-none-eabi/10.3.1/../../../../arm-none-eabi/lib/thumb/v7e-m+fp/hard\libc_nano.a(lib_a-puts.o)
 .ARM.attributes
                0x00000c6f       0x34 c:/program files (x86)/gnu arm embedded toolchain/10 2021.10/bin/../lib/gcc/arm-none-eabi/10.3.1/../../../../arm-none-eabi/lib/thumb/v7e-m+fp/hard\libc_nano.a(lib_a-sbrkr.o)
 .ARM.attributes
                0x00000ca3       0x34 c:/program files (x86)/gnu arm embedded toolchain/10 2021.10/bin/../lib/gcc/arm-none-eabi/10.3.1/../../../../arm-none-eabi/lib/thumb/v7e-m+fp/hard\libc_nano.a(lib_a-stdio.o)
 .ARM.attributes
                0x00000cd7       0x17 c:/program files (x86)/gnu arm embedded toolchain/10 2021.10/bin/../lib/gcc/arm-none-eabi/10.3.1/../../../../arm-none-eabi/lib/thumb/v7e-m+fp/hard\libc_nano.a(lib_a-strlen.o)
 .ARM.attributes
                0x00000cee       0x34 c:/program files (x86)/gnu arm embedded toolchain/10 2021.10/bin/../lib/gcc/arm-none-eabi/10.3.1/../../../../arm-none-eabi/lib/thumb/v7e-m+fp/hard\libc_nano.a(lib_a-wbuf.o)
 .ARM.attributes
                0x00000d22       0x34 c:/program files (x86)/gnu arm embedded toolchain/10 2021.10/bin/../lib/gcc/arm-none-eabi/10.3.1/../../../../arm-none-eabi/lib/thumb/v7e-m+fp/hard\libc_nano.a(lib_a-writer.o)
 .ARM.attributes
                0x00000d56       0x34 c:/program files (x86)/gnu arm embedded toolchain/10 2021.10/bin/../lib/gcc/arm-none-eabi/10.3.1/../../../../arm-none-eabi/lib/thumb/v7e-m+fp/hard\libc_nano.a(lib_a-wsetup.o)
 .ARM.attributes
                0x00000d8a       0x34 c:/program files (x86)/gnu arm embedded toolchain/10 2021.10/bin/../lib/gcc/arm-none-eabi/10.3.1/../../../../arm-none-eabi/lib/thumb/v7e-m+fp/hard\libc_nano.a(lib_a-closer.o)
 .ARM.attributes
                0x00000dbe       0x34 c:/program files (x86)/gnu arm embedded toolchain/10 2021.10/bin/../lib/gcc/arm-none-eabi/10.3.1/../../../../arm-none-eabi/lib/thumb/v7e-m+fp/hard\libc_nano.a(lib_a-lseekr.o)
 .ARM.attributes
                0x00000df2       0x34 c:/program files (x86)/gnu arm embedded toolchain/10 2021.10/bin/../lib/gcc/arm-none-eabi/10.3.1/../../../../arm-none-eabi/lib/thumb/v7e-m+fp/hard\libc_nano.a(lib_a-makebuf.o)
 .ARM.attributes
                0x00000e26       0x34 c:/program files (x86)/gnu arm embedded toolchain/10 2021.10/bin/../lib/gcc/arm-none-eabi/10.3.1/../../../../arm-none-eabi/lib/thumb/v7e-m+fp/hard\libc_nano.a(lib_a-mlock.o)
 .ARM.attributes
                0x00000e5a       0x34 c:/program files (x86)/gnu arm embedded toolchain/10 2021.10/bin/../lib/gcc/arm-none-eabi/10.3.1/../../../../arm-none-eabi/lib/thumb/v7e-m+fp/hard\libc_nano.a(lib_a-nano-vfprintf.o)
 .ARM.attributes
                0x00000e8e       0x34 c:/program files (x86)/gnu arm embedded toolchain/10 2021.10/bin/../lib/gcc/arm-none-eabi/10.3.1/../../../../arm-none-eabi/lib/thumb/v7e-m+fp/hard\libc_nano.a(lib_a-nano-vfprintf_i.o)
 .ARM.attributes