Archive member included to satisfy reference by file (symbol)

c:/program files (x86)/gnu arm embedded toolchain/10 2021.10/bin/../lib/gcc/arm-none-eabi/10.3.1/../../../../arm-none-eabi/lib/thumb/v7e-m+fp/hard\libc_nano.a(lib_a-calloc.o)
                              build/CANopen.o (calloc)
c:/program files (x86)/gnu arm embedded toolchain/10 2021.10/bin/../lib/gcc/arm-none-eabi/10.3.1/../../../../arm-none-eabi/lib/thumb/v7e-m+fp/hard\libc_nano.a(lib_a-exit.o)
                              c:/program files (x86)/gnu arm embedded toolchain/10 2021.10/bin/../lib/gcc/arm-none-eabi/10.3.1/../../../../arm-none-eabi/lib/thumb/v7e-m+fp/hard/crt0.o (exit)
c:/program files (x86)/gnu arm embedded toolchain/10 2021.10/bin/../lib/gcc/arm-none-eabi/10.3.1/../../../../arm-none-eabi/lib/thumb/v7e-m+fp/hard\libc_nano.a(lib_a-fflush.o)
                              build/CO_app_STM32.o (fflush)
c:/program files (x86)/gnu arm embedded toolchain/10 2021.10/bin/../lib/gcc/arm-none-eabi/10.3.1/../../../../arm-none-eabi/lib/thumb/v7e-m+fp/hard\libc_nano.a(lib_a-findfp.o)
                              c:/program files (x86)/gnu arm embedded toolchain/10 2021.10/bin/../lib/gcc/arm-none-eabi/10.3.1/../../../../arm-none-eabi/lib/thumb/v7e-m+fp/hard\libc_nano.a(lib_a-fflush.o) (__sinit)
c:/program files (x86)/gnu arm embedded toolchain/10 2021.10/bin/../lib/gcc/arm-none-eabi/10.3.1/../../../../arm-none-eabi/lib/thumb/v7e-m+fp/hard\libc_nano.a(lib_a-fwalk.o)
                              c:/program files (x86)/gnu arm embedded toolchain/10 2021.10/bin/../lib/gcc/arm-none-eabi/10.3.1/../../../../arm-none-eabi/lib/thumb/v7e-m+fp/hard\libc_nano.a(lib_a-findfp.o) (_fwalk)
c:/program files (x86)/gnu arm embedded toolchain/10 2021.10/bin/../lib/gcc/arm-none-eabi/10.3.1/../../../../arm-none-eabi/lib/thumb/v7e-m+fp/hard\libc_nano.a(lib_a-impure.o)
                              c:/program files (x86)/gnu arm embedded toolchain/10 2021.10/bin/../lib/gcc/arm-none-eabi/10.3.1/../../../../arm-none-eabi/lib/thumb/v7e-m+fp/hard\libc_nano.a(lib_a-exit.o) (_global_impure_ptr)
c:/program files (x86)/gnu arm embedded toolchain/10 2021.10/bin/../lib/gcc/arm-none-eabi/10.3.1/../../../../arm-none-eabi/lib/thumb/v7e-m+fp/hard\libc_nano.a(lib_a-init.o)
                              c:/program files (x86)/gnu arm embedded toolchain/10 2021.10/bin/../lib/gcc/arm-none-eabi/10.3.1/../../../../arm-none-eabi/lib/thumb/v7e-m+fp/hard/crt0.o (__libc_init_array)
c:/program files (x86)/gnu arm embedded toolchain/10 2021.10/bin/../lib/gcc/arm-none-eabi/10.3.1/../../../../arm-none-eabi/lib/thumb/v7e-m+fp/hard\libc_nano.a(lib_a-lock.o)
                              c:/program files (x86)/gnu arm embedded toolchain/10 2021.10/bin/../lib/gcc/arm-none-eabi/10.3.1/../../../../arm-none-eabi/lib/thumb/v7e-m+fp/hard\libc_nano.a(lib_a-findfp.o) (__retarget_lock_init_recursive)
c:/program files (x86)/gnu arm embedded toolchain/10 2021.10/bin/../lib/gcc/arm-none-eabi/10.3.1/../../../../arm-none-eabi/lib/thumb/v7e-m+fp/hard\libc_nano.a(lib_a-malloc.o)
                              build/CANopen.o (free)
c:/program files (x86)/gnu arm embedded toolchain/10 2021.10/bin/../lib/gcc/arm-none-eabi/10.3.1/../../../../arm-none-eabi/lib/thumb/v7e-m+fp/hard\libc_nano.a(lib_a-memcpy-stub.o)
                              build/queue.o (memcpy)
c:/program files (x86)/gnu arm embedded toolchain/10 2021.10/bin/../lib/gcc/arm-none-eabi/10.3.1/../../../../arm-none-eabi/lib/thumb/v7e-m+fp/hard\libc_nano.a(lib_a-memmove.o)
                              build/CO_SDOserver.o (memmove)
c:/program files (x86)/gnu arm embedded toolchain/10 2021.10/bin/../lib/gcc/arm-none-eabi/10.3.1/../../../../arm-none-eabi/lib/thumb/v7e-m+fp/hard\libc_nano.a(lib_a-memset.o)
                              c:/program files (x86)/gnu arm embedded toolchain/10 2021.10/bin/../lib/gcc/arm-none-eabi/10.3.1/../../../../arm-none-eabi/lib/thumb/v7e-m+fp/hard/crt0.o (memset)
c:/program files (x86)/gnu arm embedded toolchain/10 2021.10/bin/../lib/gcc/arm-none-eabi/10.3.1/../../../../arm-none-eabi/lib/thumb/v7e-m+fp/hard\libc_nano.a(lib_a-nano-callocr.o)
                              c:/program files (x86)/gnu arm embedded toolchain/10 2021.10/bin/../lib/gcc/arm-none-eabi/10.3.1/../../../../arm-none-eabi/lib/thumb/v7e-m+fp/hard\libc_nano.a(lib_a-calloc.o) (_calloc_r)
c:/program files (x86)/gnu arm embedded toolchain/10 2021.10/bin/../lib/gcc/arm-none-eabi/10.3.1/../../../../arm-none-eabi/lib/thumb/v7e-m+fp/hard\libc_nano.a(lib_a-nano-freer.o)
                              c:/program files (x86)/gnu arm embedded toolchain/10 2021.10/bin/../lib/gcc/arm-none-eabi/10.3.1/../../../../arm-none-eabi/lib/thumb/v7e-m+fp/hard\libc_nano.a(lib_a-fflush.o) (_free_r)
c:/program files (x86)/gnu arm embedded toolchain/10 2021.10/bin/../lib/gcc/arm-none-eabi/10.3.1/../../../../arm-none-eabi/lib/thumb/v7e-m+fp/hard\libc_nano.a(lib_a-nano-mallocr.o)
[...]
Memory Configuration

Name             Origin             Length             Attributes
RAM              0x20000000         0x00003000         xrw
CCMRAM           0x10000000         0x00001000         xrw
FLASH            0x08000000         0x00010000         xr
*default*        0x00000000         0xffffffff

Linker script and memory map

LOAD c:/program files (x86)/gnu arm embedded toolchain/10 2021.10/bin/../lib/gcc/arm-none-eabi/10.3.1/thumb/v7e-m+fp/hard/crti.o
LOAD c:/program files (x86)/gnu arm embedded toolchain/10 2021.10/bin/../lib/gcc/arm-none-eabi/10.3.1/thumb/v7e-m+fp/hard/crtbegin.o
LOAD c:/program files (x86)/gnu arm embedded toolchain/10 2021.10/bin/../lib/gcc/arm-none-eabi/10.3.1/../../../../arm-none-eabi/lib/thumb/v7e-m+fp/hard/crt0.o
LOAD build/main.o
LOAD build/gpio.o
LOAD build/freertos.o
LOAD build/can.o
LOAD build/flashROM.o
LOAD build/tim.o
LOAD build/stm32f3xx_it.o
LOAD build/stm32f3xx_hal_msp.o
LOAD build/stm32f3xx_hal_timebase_tim.o
LOAD build/stm32f3xx_hal_can.o
LOAD build/stm32f3xx_hal.o
LOAD build/stm32f3xx_hal_rcc.o
LOAD build/stm32f3xx_hal_rcc_ex.o
LOAD build/stm32f3xx_hal_gpio.o
LOAD build/stm32f3xx_hal_dma.o
LOAD build/stm32f3xx_hal_cortex.o
LOAD build/stm32f3xx_hal_pwr.o
LOAD build/stm32f3xx_hal_pwr_ex.o
LOAD build/stm32f3xx_hal_flash.o
LOAD build/stm32f3xx_hal_flash_ex.o
LOAD build/stm32f3xx_hal_i2c.o
LOAD build/stm32f3xx_hal_i2c_ex.o
LOAD build/stm32f3xx_hal_exti.o
LOAD build/stm32f3xx_hal_tim.o
LOAD build/stm32f3xx_hal_tim_ex.o
LOAD build/system_stm32f3xx.o
LOAD build/croutine.o
LOAD build/event_groups.o
LOAD build/list.o
LOAD build/queue.o
LOAD build/stream_buffer.o
LOAD build/tasks.o
LOAD build/timers.o
LOAD build/cmsis_os2.o
LOAD build/heap_4.o
LOAD build/port.o
LOAD build/comment.o
LOAD build/CO_ODinterface.o
LOAD build/CO_NMT_Heartbeat.o
LOAD build/CO_HBconsumer.o
LOAD build/CO_Emergency.o
LOAD build/CO_SDOserver.o
LOAD build/CO_SDOclient.o
LOAD build/CO_TIME.o
LOAD build/CO_SYNC.o
LOAD build/CO_PDO.o
LOAD build/crc16-ccitt.o
LOAD build/CO_fifo.o
LOAD build/CO_LEDs.o
LOAD build/CO_GFC.o
LOAD build/CO_SRDO.o
LOAD build/CO_LSSslave.o
LOAD build/CO_LSSmaster.o
LOAD build/CO_gateway_ascii.o
LOAD build/CO_storage.o
LOAD build/CO_trace.o
LOAD build/CANopen.o
LOAD build/CO_app_STM32.o
LOAD build/CO_driver_STM32.o
LOAD build/OD.o
LOAD build/startup_stm32f303x8.o
LOAD c:/program files (x86)/gnu arm embedded toolchain/10 2021.10/bin/../lib/gcc/arm-none-eabi/10.3.1/../../../../arm-none-eabi/lib/thumb/v7e-m+fp/hard\libc_nano.a
LOAD c:/program files (x86)/gnu arm embedded toolchain/10 2021.10/bin/../lib/gcc/arm-none-eabi/10.3.1/../../../../arm-none-eabi/lib/thumb/v7e-m+fp/hard\libm.a
LOAD c:/program files (x86)/gnu arm embedded toolchain/10 2021.10/bin/../lib/gcc/arm-none-eabi/10.3.1/../../../../arm-none-eabi/lib/thumb/v7e-m+fp/hard\libnosys.a
START GROUP
LOAD c:/program files (x86)/gnu arm embedded toolchain/10 2021.10/bin/../lib/gcc/arm-none-eabi/10.3.1/thumb/v7e-m+fp/hard\libgcc.a
LOAD c:/program files (x86)/gnu arm embedded toolchain/10 2021.10/bin/../lib/gcc/arm-none-eabi/10.3.1/../../../../arm-none-eabi/lib/thumb/v7e-m+fp/hard\libc_nano.a
END GROUP
START GROUP
LOAD c:/program files (x86)/gnu arm embedded toolchain/10 2021.10/bin/../lib/gcc/arm-none-eabi/10.3.1/thumb/v7e-m+fp/hard\libgcc.a
LOAD c:/program files (x86)/gnu arm embedded toolchain/10 2021.10/bin/../lib/gcc/arm-none-eabi/10.3.1/../../../../arm-none-eabi/lib/thumb/v7e-m+fp/hard\libc_nano.a
END GROUP
LOAD c:/program files (x86)/gnu arm embedded toolchain/10 2021.10/bin/../lib/gcc/arm-none-eabi/10.3.1/thumb/v7e-m+fp/hard/crtend.o
LOAD c:/program files (x86)/gnu arm embedded toolchain/10 2021.10/bin/../lib/gcc/arm-none-eabi/10.3.1/thumb/v7e-m+fp/hard/crtn.o
                0x20003000                _estack = (ORIGIN (RAM) + LENGTH (RAM))
                0x00000200                _Min_Heap_Size = 0x200
                0x00000400                _Min_Stack_Size = 0x400

.isr_vector     0x08000000      0x188
                0x08000000                . = ALIGN (0x4)
 *(.isr_vector)
 .isr_vector    0x08000000      0x188 build/startup_stm32f303x8.o
                0x08000000                g_pfnVectors
                0x08000188                . = ALIGN (0x4)

.text           0x08000190     0x936c
                0x08000190                . = ALIGN (0x4)
 *(.text)
 .text          0x08000190       0x40 c:/program files (x86)/gnu arm embedded toolchain/10 2021.10/bin/../lib/gcc/arm-none-eabi/10.3.1/thumb/v7e-m+fp/hard/crtbegin.o
 .text          0x080001d0       0x10 c:/program files (x86)/gnu arm embedded toolchain/10 2021.10/bin/../lib/gcc/arm-none-eabi/10.3.1/../../../../arm-none-eabi/lib/thumb/v7e-m+fp/hard\libc_nano.a(lib_a-strlen.o)
                0x080001d0                strlen
 .text          0x080001e0       0xa0 c:/program files (x86)/gnu arm embedded toolchain/10 2021.10/bin/../lib/gcc/arm-none-eabi/10.3.1/../../../../arm-none-eabi/lib/thumb/v7e-m+fp/hard\libc_nano.a(lib_a-memchr.o)
                0x080001e0                memchr
 *(.text*)
 .text.get_counter
                0x08000280       0x14 build/main.o
                0x08000280                get_counter
 .text.get_timer_counter
                0x08000294        0xc build/main.o
                0x08000294                get_timer_counter
 .text.set_timer_counter
                0x080002a0        0xc build/main.o
                0x080002a0                set_timer_counter
 .text.HAL_TIM_PeriodElapsedCallback
                0x080002ac       0x48 build/main.o
                0x080002ac                HAL_TIM_PeriodElapsedCallback
 .text.Error_Handler
                0x080002f4        0x4 build/main.o
                0x080002f4                Error_Handler
 .text.SystemClock_Config
                0x080002f8       0x60 build/main.o
                0x080002f8                SystemClock_Config
 .text.main     0x08000358       0x5c build/main.o
                0x08000358                main
 .text.MX_GPIO_Init
                0x080003b4       0x64 build/gpio.o
                0x080003b4                MX_GPIO_Init
 .text.StartReadDistance
                0x08000418       0xb8 build/freertos.o
                0x08000418                StartReadDistance
 .text.StartUITask
                0x080004d0        0xa build/freertos.o
                0x080004d0                StartUITask
 *fill*         0x080004da        0x2 
 .text.canopen_task
                0x080004dc       0x3c build/freertos.o
                0x080004dc                canopen_task
 .text.MX_FREERTOS_Init
                0x08000518       0x54 build/freertos.o
                0x08000518                MX_FREERTOS_Init
 .text.MX_CAN_Init
                0x0800056c       0x48 build/can.o
                0x0800056c                MX_CAN_Init
 .text.HAL_CAN_MspInit
                0x080005b4       0xb4 build/can.o
                0x080005b4                HAL_CAN_MspInit
 .text.Flash_Read_Data
                0x08000668        0x6 build/flashROM.o
                0x08000668                Flash_Read_Data
 *fill*         0x0800066e        0x2 
 .text.MX_TIM2_Init
                0x08000670       0x68 build/tim.o
                0x08000670                MX_TIM2_Init
 .text.MX_TIM3_Init
                0x080006d8       0x78 build/tim.o
                0x080006d8                MX_TIM3_Init
 .text.MX_TIM6_Init
                0x08000750       0x50 build/tim.o
                0x08000750                MX_TIM6_Init
 .text.MX_TIM17_Init
                0x080007a0       0x34 build/tim.o
                0x080007a0                MX_TIM17_Init
 .text.HAL_TIM_Encoder_MspInit
                0x080007d4       0x5e build/tim.o
                0x080007d4                HAL_TIM_Encoder_MspInit
 *fill*         0x08000832        0x2 
 .text.HAL_TIM_Base_MspInit
                0x08000834       0x90 build/tim.o
                0x08000834                HAL_TIM_Base_MspInit
 .text.NMI_Handler
                0x080008c4        0x2 build/stm32f3xx_it.o
                0x080008c4                NMI_Handler
 .text.HardFault_Handler
                0x080008c6        0x2 build/stm32f3xx_it.o
                0x080008c6                HardFault_Handler
 .text.MemManage_Handler
                0x080008c8        0x2 build/stm32f3xx_it.o
                0x080008c8                MemManage_Handler
 .text.BusFault_Handler
                0x080008ca        0x2 build/stm32f3xx_it.o
                0x080008ca                BusFault_Handler
 .text.UsageFault_Handler
                0x080008cc        0x2 build/stm32f3xx_it.o
                0x080008cc                UsageFault_Handler
 .text.DebugMon_Handler
                0x080008ce        0x2 build/stm32f3xx_it.o
                0x080008ce                DebugMon_Handler
 .text.CAN_TX_IRQHandler
                0x080008d0       0x10 build/stm32f3xx_it.o
                0x080008d0                CAN_TX_IRQHandler
 .text.CAN_RX0_IRQHandler
                0x080008e0       0x10 build/stm32f3xx_it.o
                0x080008e0                CAN_RX0_IRQHandler
 .text.CAN_RX1_IRQHandler
                0x080008f0       0x10 build/stm32f3xx_it.o
                0x080008f0                CAN_RX1_IRQHandler
 .text.TIM1_UP_TIM16_IRQHandler
                0x08000900       0x10 build/stm32f3xx_it.o
                0x08000900                TIM1_UP_TIM16_IRQHandler
 .text.TIM1_TRG_COM_TIM17_IRQHandler
                0x08000910       0x10 build/stm32f3xx_it.o
                0x08000910                TIM1_TRG_COM_TIM17_IRQHandler
 .text.TIM6_DAC1_IRQHandler
                0x08000920       0x10 build/stm32f3xx_it.o
                0x08000920                TIM6_DAC1_IRQHandler
 .text.HAL_MspInit
                0x08000930       0x40 build/stm32f3xx_hal_msp.o
                0x08000930                HAL_MspInit
 .text.TimeBase_TIM_PeriodElapsedCallback
                0x08000970        0x8 build/stm32f3xx_hal_timebase_tim.o
                0x08000970                TimeBase_TIM_PeriodElapsedCallback
 .text.HAL_InitTick
                0x08000978       0xa4 build/stm32f3xx_hal_timebase_tim.o
                0x08000978                HAL_InitTick
 .text.HAL_CAN_TxMailbox0AbortCallback
                0x08000a1c        0x2 build/stm32f3xx_hal_can.o
                0x08000a1c                HAL_CAN_TxMailbox0AbortCallback
 .text.HAL_CAN_TxMailbox1AbortCallback
                0x08000a1e        0x2 build/stm32f3xx_hal_can.o
                0x08000a1e                HAL_CAN_TxMailbox1AbortCallback
 .text.HAL_CAN_TxMailbox2AbortCallback
                0x08000a20        0x2 build/stm32f3xx_hal_can.o
                0x08000a20                HAL_CAN_TxMailbox2AbortCallback
 .text.HAL_CAN_RxFifo0FullCallback
                0x08000a22        0x2 build/stm32f3xx_hal_can.o
                0x08000a22                HAL_CAN_RxFifo0FullCallback
 .text.HAL_CAN_RxFifo1FullCallback
                0x08000a24        0x2 build/stm32f3xx_hal_can.o
                0x08000a24                HAL_CAN_RxFifo1FullCallback
 .text.HAL_CAN_SleepCallback
                0x08000a26        0x2 build/stm32f3xx_hal_can.o
                0x08000a26                HAL_CAN_SleepCallback
 .text.HAL_CAN_WakeUpFromRxMsgCallback
                0x08000a28        0x2 build/stm32f3xx_hal_can.o
                0x08000a28                HAL_CAN_WakeUpFromRxMsgCallback
 .text.HAL_CAN_ErrorCallback
                0x08000a2a        0x2 build/stm32f3xx_hal_can.o
                0x08000a2a                HAL_CAN_ErrorCallback
 .text.HAL_CAN_Init
                0x08000a2c      0x1c4 build/stm32f3xx_hal_can.o
                0x08000a2c                HAL_CAN_Init
 .text.HAL_CAN_ConfigFilter
                0x08000bf0      0x106 build/stm32f3xx_hal_can.o
                0x08000bf0                HAL_CAN_ConfigFilter
 .text.HAL_CAN_Start
                0x08000cf6       0x5c build/stm32f3xx_hal_can.o
                0x08000cf6                HAL_CAN_Start
 .text.HAL_CAN_Stop
                0x08000d52       0x62 build/stm32f3xx_hal_can.o
                0x08000d52                HAL_CAN_Stop
 .text.HAL_CAN_AddTxMessage
                0x08000db4       0xea build/stm32f3xx_hal_can.o
                0x08000db4                HAL_CAN_AddTxMessage
 .text.HAL_CAN_GetTxMailboxesFreeLevel
                0x08000e9e       0x32 build/stm32f3xx_hal_can.o
                0x08000e9e                HAL_CAN_GetTxMailboxesFreeLevel
 .text.HAL_CAN_GetRxMessage
                0x08000ed0      0x16a build/stm32f3xx_hal_can.o
                0x08000ed0                HAL_CAN_GetRxMessage
 .text.HAL_CAN_ActivateNotification
                0x0800103a       0x24 build/stm32f3xx_hal_can.o
                0x0800103a                HAL_CAN_ActivateNotification
 .text.HAL_CAN_IRQHandler
                0x0800105e      0x23a build/stm32f3xx_hal_can.o
                0x0800105e                HAL_CAN_IRQHandler
 .text.HAL_Init
                0x08001298       0x24 build/stm32f3xx_hal.o
                0x08001298                HAL_Init
 .text.HAL_IncTick
                0x080012bc       0x18 build/stm32f3xx_hal.o
                0x080012bc                HAL_IncTick
 .text.HAL_GetTick
                0x080012d4        0xc build/stm32f3xx_hal.o
                0x080012d4                HAL_GetTick
 .text.HAL_RCC_OscConfig
                0x080012e0      0x634 build/stm32f3xx_hal_rcc.o
                0x080012e0                HAL_RCC_OscConfig
 .text.HAL_RCC_GetSysClockFreq
                0x08001914       0x70 build/stm32f3xx_hal_rcc.o
                0x08001914                HAL_RCC_GetSysClockFreq
 .text.HAL_RCC_ClockConfig
                0x08001984      0x1a8 build/stm32f3xx_hal_rcc.o
                0x08001984                HAL_RCC_ClockConfig
 .text.HAL_RCC_GetHCLKFreq
                0x08001b2c        0xc build/stm32f3xx_hal_rcc.o
                0x08001b2c                HAL_RCC_GetHCLKFreq
 .text.HAL_RCC_GetPCLK2Freq
                0x08001b38       0x2c build/stm32f3xx_hal_rcc.o
                0x08001b38                HAL_RCC_GetPCLK2Freq
 .text.HAL_RCC_GetClockConfig
                0x08001b64       0x3c build/stm32f3xx_hal_rcc.o
                0x08001b64                HAL_RCC_GetClockConfig
 .text.HAL_GPIO_Init
                0x08001ba0      0x1bc build/stm32f3xx_hal_gpio.o
                0x08001ba0                HAL_GPIO_Init
 .text.HAL_GPIO_WritePin
                0x08001d5c        0xa build/stm32f3xx_hal_gpio.o
                0x08001d5c                HAL_GPIO_WritePin
 *fill*         0x08001d66        0x2 
 .text.HAL_NVIC_SetPriorityGrouping
                0x08001d68       0x24 build/stm32f3xx_hal_cortex.o
                0x08001d68                HAL_NVIC_SetPriorityGrouping
 .text.HAL_NVIC_SetPriority
                0x08001d8c       0x70 build/stm32f3xx_hal_cortex.o
                0x08001d8c                HAL_NVIC_SetPriority
 .text.HAL_NVIC_EnableIRQ
                0x08001dfc       0x1c build/stm32f3xx_hal_cortex.o
                0x08001dfc                HAL_NVIC_EnableIRQ
 .text.HAL_NVIC_SystemReset
                0x08001e18       0x24 build/stm32f3xx_hal_cortex.o
                0x08001e18                HAL_NVIC_SystemReset
 .text.HAL_FLASH_Lock
                0x08001e3c       0x14 build/stm32f3xx_hal_flash.o
                0x08001e3c                HAL_FLASH_Lock
 .text.HAL_TIM_PeriodElapsedHalfCpltCallback
                0x08001e50        0x2 build/stm32f3xx_hal_tim.o
                0x08001e50                HAL_TIM_PeriodElapsedHalfCpltCallback
 .text.HAL_TIM_OC_DelayElapsedCallback
                0x08001e52        0x2 build/stm32f3xx_hal_tim.o
                0x08001e52                HAL_TIM_OC_DelayElapsedCallback
 .text.HAL_TIM_IC_CaptureCallback
                0x08001e54        0x2 build/stm32f3xx_hal_tim.o
                0x08001e54                HAL_TIM_IC_CaptureCallback
 .text.HAL_TIM_IC_CaptureHalfCpltCallback
                0x08001e56        0x2 build/stm32f3xx_hal_tim.o
                0x08001e56                HAL_TIM_IC_CaptureHalfCpltCallback
 .text.HAL_TIM_PWM_PulseFinishedCallback
                0x08001e58        0x2 build/stm32f3xx_hal_tim.o
                0x08001e58                HAL_TIM_PWM_PulseFinishedCallback
 .text.HAL_TIM_PWM_PulseFinishedHalfCpltCallback
                0x08001e5a        0x2 build/stm32f3xx_hal_tim.o
                0x08001e5a                HAL_TIM_PWM_PulseFinishedHalfCpltCallback
 .text.HAL_TIM_TriggerCallback
                0x08001e5c        0x2 build/stm32f3xx_hal_tim.o
                0x08001e5c                HAL_TIM_TriggerCallback
 .text.HAL_TIM_TriggerHalfCpltCallback
                0x08001e5e        0x2 build/stm32f3xx_hal_tim.o
                0x08001e5e                HAL_TIM_TriggerHalfCpltCallback
 .text.HAL_TIM_ErrorCallback
                0x08001e60        0x2 build/stm32f3xx_hal_tim.o
                0x08001e60                HAL_TIM_ErrorCallback
 .text.TIM_TI1_ConfigInputStage
                0x08001e62       0x26 build/stm32f3xx_hal_tim.o
 .text.TIM_TI2_ConfigInputStage
                0x08001e88       0x28 build/stm32f3xx_hal_tim.o
 .text.TIM_ITRx_SetConfig
                0x08001eb0       0x10 build/stm32f3xx_hal_tim.o
 .text.HAL_TIM_Base_Start
                0x08001ec0       0x6c build/stm32f3xx_hal_tim.o
                0x08001ec0                HAL_TIM_Base_Start
 .text.HAL_TIM_Base_Start_IT
                0x08001f2c       0x74 build/stm32f3xx_hal_tim.o
                0x08001f2c                HAL_TIM_Base_Start_IT
 .text.HAL_TIM_IRQHandler
                0x08001fa0      0x1b8 build/stm32f3xx_hal_tim.o
                0x08001fa0                HAL_TIM_IRQHandler
 .text.HAL_TIM_RegisterCallback
                0x08002158      0x1a6 build/stm32f3xx_hal_tim.o
                0x08002158                HAL_TIM_RegisterCallback
 *fill*         0x080022fe        0x2 
 .text.TIM_Base_SetConfig
                0x08002300       0x90 build/stm32f3xx_hal_tim.o
                0x08002300                TIM_Base_SetConfig
 .text.TIM_ETR_SetConfig
                0x08002390       0x1a build/stm32f3xx_hal_tim.o
                0x08002390                TIM_ETR_SetConfig
 *fill*         0x080023aa        0x2 
 .text.HAL_TIM_ConfigClockSource
                0x080023ac      0x100 build/stm32f3xx_hal_tim.o
                0x080023ac                HAL_TIM_ConfigClockSource
 .text.TIM_CCxChannelCmd
                0x080024ac       0x1e build/stm32f3xx_hal_tim.o
                0x080024ac                TIM_CCxChannelCmd
 .text.HAL_TIM_Encoder_Start
                0x080024ca       0xcc build/stm32f3xx_hal_tim.o
                0x080024ca                HAL_TIM_Encoder_Start
 *fill*         0x08002596        0x2 
 .text.TIM_ResetCallback
                0x08002598       0x90 build/stm32f3xx_hal_tim.o
                0x08002598                TIM_ResetCallback
 .text.HAL_TIM_Base_Init
                0x08002628       0x74 build/stm32f3xx_hal_tim.o
                0x08002628                HAL_TIM_Base_Init
 .text.HAL_TIM_Encoder_Init
                0x0800269c       0xcc build/stm32f3xx_hal_tim.o
                0x0800269c                HAL_TIM_Encoder_Init
 .text.HAL_TIMEx_MasterConfigSynchronization
                0x08002768       0x78 build/stm32f3xx_hal_tim_ex.o
                0x08002768                HAL_TIMEx_MasterConfigSynchronization
 .text.HAL_TIMEx_CommutCallback
                0x080027e0        0x2 build/stm32f3xx_hal_tim_ex.o
                0x080027e0                HAL_TIMEx_CommutCallback
 .text.HAL_TIMEx_CommutHalfCpltCallback
                0x080027e2        0x2 build/stm32f3xx_hal_tim_ex.o
                0x080027e2                HAL_TIMEx_CommutHalfCpltCallback
 .text.HAL_TIMEx_BreakCallback
                0x080027e4        0x2 build/stm32f3xx_hal_tim_ex.o
                0x080027e4                HAL_TIMEx_BreakCallback
 .text.HAL_TIMEx_Break2Callback
                0x080027e6        0x2 build/stm32f3xx_hal_tim_ex.o
                0x080027e6                HAL_TIMEx_Break2Callback
 .text.SystemInit
                0x080027e8       0x14 build/system_stm32f3xx.o
                0x080027e8                SystemInit
 .text.vListInitialise
                0x080027fc       0x16 build/list.o
                0x080027fc                vListInitialise
 .text.vListInitialiseItem
                0x08002812        0x6 build/list.o
                0x08002812                vListInitialiseItem
 .text.vListInsertEnd
                0x08002818       0x16 build/list.o
                0x08002818                vListInsertEnd
 .text.vListInsert
                0x0800282e       0x32 build/list.o
                0x0800282e                vListInsert
 .text.uxListRemove
                0x08002860       0x26 build/list.o
                0x08002860                uxListRemove
 .text.prvIsQueueFull
                0x08002886       0x1e build/queue.o
 .text.prvIsQueueEmpty
                0x080028a4       0x1a build/queue.o
 .text.prvCopyDataToQueue
                0x080028be       0x76 build/queue.o
 .text.prvCopyDataFromQueue
                0x08002934       0x24 build/queue.o
 .text.prvUnlockQueue
                0x08002958       0x6e build/queue.o
 .text.xQueueGenericReset
                0x080029c6       0x84 build/queue.o
                0x080029c6                xQueueGenericReset
 .text.prvInitialiseNewQueue
                0x08002a4a       0x22 build/queue.o
 .text.xQueueGenericCreateStatic
                0x08002a6c       0x92 build/queue.o
                0x08002a6c                xQueueGenericCreateStatic
 .text.xQueueGenericSend
                0x08002afe      0x188 build/queue.o
                0x08002afe                xQueueGenericSend
 .text.xQueueGenericSendFromISR
                0x08002c86       0xcc build/queue.o
                0x08002c86                xQueueGenericSendFromISR
 .text.xQueueReceive
                0x08002d52      0x15e build/queue.o
                0x08002d52                xQueueReceive
 .text.vQueueAddToRegistry
                0x08002eb0       0x28 build/queue.o
                0x08002eb0                vQueueAddToRegistry
 .text.vQueueWaitForMessageRestricted
                0x08002ed8       0x52 build/queue.o
                0x08002ed8                vQueueWaitForMessageRestricted
 *fill*         0x08002f2a        0x2 
 .text.prvResetNextTaskUnblockTime
                0x08002f2c       0x2c build/tasks.o
 .text.prvInitialiseNewTask
                0x08002f58       0x9c build/tasks.o
 .text.prvInitialiseTaskLists
                0x08002ff4       0x68 build/tasks.o
 .text.prvAddNewTaskToReadyList
                0x0800305c       0xac build/tasks.o
 .text.prvDeleteTCB
                0x08003108       0x38 build/tasks.o
 .text.prvCheckTasksWaitingTermination
                0x08003140       0x4c build/tasks.o
 .text.prvIdleTask
                0x0800318c       0x28 build/tasks.o
 .text.prvAddCurrentTaskToDelayedList
                0x080031b4       0x7c build/tasks.o
 .text.xTaskCreateStatic
                0x08003230       0x74 build/tasks.o
                0x08003230                xTaskCreateStatic
 .text.xTaskCreate
                0x080032a4       0x68 build/tasks.o
                0x080032a4                xTaskCreate
 .text.vTaskStartScheduler
                0x0800330c       0x9c build/tasks.o
                0x0800330c                vTaskStartScheduler
 .text.vTaskSuspendAll
                0x080033a8       0x10 build/tasks.o
                0x080033a8                vTaskSuspendAll
 .text.xTaskGetTickCount
                0x080033b8        0xc build/tasks.o
                0x080033b8                xTaskGetTickCount
 .text.xTaskIncrementTick
                0x080033c4      0x118 build/tasks.o
                0x080033c4                xTaskIncrementTick
 .text.xTaskResumeAll
                0x080034dc       0xf8 build/tasks.o
                0x080034dc                xTaskResumeAll
 .text.vTaskDelay
                0x080035d4       0x4c build/tasks.o
                0x080035d4                vTaskDelay
 .text.vTaskSwitchContext
                0x08003620       0x94 build/tasks.o
                0x08003620                vTaskSwitchContext
 .text.vTaskPlaceOnEventList
                0x080036b4       0x30 build/tasks.o
                0x080036b4                vTaskPlaceOnEventList
 .text.vTaskPlaceOnEventListRestricted
                0x080036e4       0x38 build/tasks.o
                0x080036e4                vTaskPlaceOnEventListRestricted
 .text.xTaskRemoveFromEventList
                0x0800371c       0x8c build/tasks.o
                0x0800371c                xTaskRemoveFromEventList
 .text.vTaskInternalSetTimeOutState
                0x080037a8       0x18 build/tasks.o
                0x080037a8                vTaskInternalSetTimeOutState
 .text.xTaskCheckForTimeOut
                0x080037c0       0x84 build/tasks.o
                0x080037c0                xTaskCheckForTimeOut
 .text.vTaskMissedYield
                0x08003844        0xc build/tasks.o
                0x08003844                vTaskMissedYield
 .text.xTaskGetSchedulerState
                0x08003850       0x20 build/tasks.o
                0x08003850                xTaskGetSchedulerState
 .text.xTaskPriorityDisinherit
                0x08003870       0x90 build/tasks.o
                0x08003870                xTaskPriorityDisinherit
 .text.prvGetNextExpireTime
                0x08003900       0x20 build/timers.o
 .text.prvInsertTimerInActiveList
                0x08003920       0x48 build/timers.o
 .text.prvCheckForValidListAndQueue
                0x08003968       0x70 build/timers.o
 .text.xTimerCreateTimerTask
                0x080039d8       0x64 build/timers.o
                0x080039d8                xTimerCreateTimerTask
 .text.xTimerGenericCommand
                0x08003a3c       0x6c build/timers.o
                0x08003a3c                xTimerGenericCommand
 .text.prvSwitchTimerLists
                0x08003aa8       0x78 build/timers.o
 .text.prvSampleTimeNow
                0x08003b20       0x2c build/timers.o
 .text.prvProcessExpiredTimer
                0x08003b4c       0x60 build/timers.o
 .text.prvProcessTimerOrBlockTask
                0x08003bac       0x74 build/timers.o
 .text.prvProcessReceivedCommands
                0x08003c20       0xf8 build/timers.o
 .text.prvTimerTask
                0x08003d18       0x16 build/timers.o
 *fill*         0x08003d2e        0x2 
 .text.osKernelInitialize
                0x08003d30       0x44 build/cmsis_os2.o
                0x08003d30                osKernelInitialize
 .text.osKernelStart
                0x08003d74       0x4c build/cmsis_os2.o
                0x08003d74                osKernelStart
 .text.osThreadNew
                0x08003dc0       0xec build/cmsis_os2.o
                0x08003dc0                osThreadNew
 .text.osDelay  0x08003eac       0x44 build/cmsis_os2.o
                0x08003eac                osDelay
 .text.vApplicationGetIdleTaskMemory
                0x08003ef0       0x18 build/cmsis_os2.o
                0x08003ef0                vApplicationGetIdleTaskMemory
 .text.vApplicationGetTimerTaskMemory
                0x08003f08       0x18 build/cmsis_os2.o
                0x08003f08                vApplicationGetTimerTaskMemory
 .text.prvHeapInit
                0x08003f20       0x64 build/heap_4.o
 .text.prvInsertBlockIntoFreeList
                0x08003f84       0x64 build/heap_4.o
 .text.pvPortMalloc
                0x08003fe8       0xf0 build/heap_4.o
                0x08003fe8                pvPortMalloc
 .text.vPortFree
                0x080040d8       0x70 build/heap_4.o
                0x080040d8                vPortFree
 .text.prvTaskExitError
                0x08004148       0x40 build/port.o
 .text.prvPortStartFirstTask
                0x08004188       0x28 build/port.o
 .text.vPortEnableVFP
                0x080041b0       0x14 build/port.o
 .text.pxPortInitialiseStack
                0x080041c4       0x2c build/port.o
                0x080041c4                pxPortInitialiseStack
 .text.SVC_Handler
                0x080041f0       0x24 build/port.o
                0x080041f0                SVC_Handler
 .text.vPortEnterCritical
                0x08004214       0x44 build/port.o
                0x08004214                vPortEnterCritical
 .text.vPortExitCritical
                0x08004258       0x2c build/port.o
                0x08004258                vPortExitCritical
 *fill*         0x08004284        0xc 
 .text.PendSV_Handler
                0x08004290       0x64 build/port.o
                0x08004290                PendSV_Handler
 .text.SysTick_Handler
                0x080042f4       0x2c build/port.o
                0x080042f4                SysTick_Handler
 .text.vPortSetupTimerInterrupt
                0x08004320       0x28 build/port.o
                0x08004320                vPortSetupTimerInterrupt
 .text.xPortStartScheduler
                0x08004348      0x118 build/port.o
                0x08004348                xPortStartScheduler
 .text.vPortValidateInterruptPriority
                0x08004460       0x5c build/port.o
                0x08004460                vPortValidateInterruptPriority
 .text.OD_readDisabled
                0x080044bc        0x4 build/CO_ODinterface.o
 .text.OD_writeDisabled
                0x080044c0        0x4 build/CO_ODinterface.o
 .text.OD_readOriginal
                0x080044c4       0x5e build/CO_ODinterface.o
                0x080044c4                OD_readOriginal
 .text.OD_writeOriginal
                0x08004522       0x62 build/CO_ODinterface.o
                0x08004522                OD_writeOriginal
 .text.OD_find  0x08004584       0x66 build/CO_ODinterface.o
                0x08004584                OD_find
 *fill*         0x080045ea        0x2 
 .text.OD_getSub
                0x080045ec      0x104 build/CO_ODinterface.o
                0x080045ec                OD_getSub
 .text.OD_getSDOabCode
                0x080046f0       0x1c build/CO_ODinterface.o
                0x080046f0                OD_getSDOabCode
 .text.OD_get_value
                0x0800470c       0x36 build/CO_ODinterface.o
                0x0800470c                OD_get_value
 .text.OD_set_value
                0x08004742       0x30 build/CO_ODinterface.o
                0x08004742                OD_set_value
 .text.OD_getPtr
                0x08004772       0x3c build/CO_ODinterface.o
                0x08004772                OD_getPtr
 .text.CO_NMT_receive
                0x080047ae       0x1c build/CO_NMT_Heartbeat.o
 .text.OD_write_1017
                0x080047ca       0x42 build/CO_NMT_Heartbeat.o
 .text.CO_NMT_init
                0x0800480c      0x114 build/CO_NMT_Heartbeat.o
                0x0800480c                CO_NMT_init
 .text.CO_NMT_process
                0x08004920      0x11c build/CO_NMT_Heartbeat.o
                0x08004920                CO_NMT_process
 .text.CO_HBcons_receive
                0x08004a3c       0x14 build/CO_HBconsumer.o
 .text.CO_HBconsumer_initEntry
                0x08004a50       0xd0 build/CO_HBconsumer.o
 .text.OD_write_1016
                0x08004b20       0x5c build/CO_HBconsumer.o
 .text.CO_HBconsumer_init
                0x08004b7c       0xf0 build/CO_HBconsumer.o
                0x08004b7c                CO_HBconsumer_init
 .text.CO_HBconsumer_process
                0x08004c6c      0x130 build/CO_HBconsumer.o
                0x08004c6c                CO_HBconsumer_process
 .text.OD_read_1014_default
                0x08004d9c       0x4a build/CO_Emergency.o
 .text.OD_read_1003
                0x08004de6       0x84 build/CO_Emergency.o
 .text.OD_write_1003
                0x08004e6a       0x3a build/CO_Emergency.o
 .text.CO_EM_init
                0x08004ea4      0x150 build/CO_Emergency.o
                0x08004ea4                CO_EM_init
 .text.CO_error
                0x08004ff4       0xc2 build/CO_Emergency.o
                0x08004ff4                CO_error
 .text.CO_EM_process
                0x080050b6      0x186 build/CO_Emergency.o
                0x080050b6                CO_EM_process
 .text.CO_SDOserver_init_canRxTx
                0x0800523c       0x90 build/CO_SDOserver.o
 .text.OD_write_1201_additional
                0x080052cc      0x1b0 build/CO_SDOserver.o
 .text.CO_SDO_receive
                0x0800547c       0x2e build/CO_SDOserver.o
 *fill*         0x080054aa        0x2 
 .text.validateAndWriteToOD
                0x080054ac      0x144 build/CO_SDOserver.o
 .text.readFromOd
                0x080055f0      0x114 build/CO_SDOserver.o
 .text.CO_SDOserver_init
                0x08005704      0x19c build/CO_SDOserver.o
                0x08005704                CO_SDOserver_init
 .text.CO_SDOserver_process
                0x080058a0      0x620 build/CO_SDOserver.o
                0x080058a0                CO_SDOserver_process
 .text.CO_TIME_receive
                0x08005ec0       0x1a build/CO_TIME.o
 *fill*         0x08005eda        0x2 
 .text.OD_write_1012
                0x08005edc       0xa8 build/CO_TIME.o
 .text.CO_TIME_init
                0x08005f84       0xa0 build/CO_TIME.o
                0x08005f84                CO_TIME_init
 .text.CO_TIME_process
                0x08006024       0x6c build/CO_TIME.o
                0x08006024                CO_TIME_process
 .text.CO_SYNC_receive
                0x08006090       0x30 build/CO_SYNC.o
 .text.OD_write_1019
                0x080060c0       0x9e build/CO_SYNC.o
 *fill*         0x0800615e        0x2 
 .text.OD_write_1005
                0x08006160      0x14c build/CO_SYNC.o
 .text.CO_SYNC_init
                0x080062ac      0x1d0 build/CO_SYNC.o
                0x080062ac                CO_SYNC_init
 .text.CO_SYNC_process
                0x0800647c      0x104 build/CO_SYNC.o
                0x0800647c                CO_SYNC_process
 .text.OD_write_dummy
                0x08006580        0x8 build/CO_PDO.o
 .text.OD_read_dummy
                0x08006588       0x30 build/CO_PDO.o
 .text.OD_read_PDO_commParam
                0x080065b8       0x46 build/CO_PDO.o
 *fill*         0x080065fe        0x2 
 .text.PDOconfigMap
                0x08006600      0x128 build/CO_PDO.o
 .text.OD_write_PDO_mapping
                0x08006728       0xbc build/CO_PDO.o
 .text.PDO_initMapping
                0x080067e4      0x118 build/CO_PDO.o
 .text.OD_write_18xx
                0x080068fc      0x1fc build/CO_PDO.o
 .text.CO_TPDOsend
                0x08006af8       0xd2 build/CO_PDO.o
 *fill*         0x08006bca        0x2 
 .text.CO_TPDO_init
                0x08006bcc      0x280 build/CO_PDO.o
                0x08006bcc                CO_TPDO_init
 .text.CO_TPDO_process
                0x08006e4c      0x124 build/CO_PDO.o
                0x08006e4c                CO_TPDO_process
 .text.CO_LEDs_init
                0x08006f70       0x14 build/CO_LEDs.o
                0x08006f70                CO_LEDs_init
 .text.CO_LEDs_process
                0x08006f84      0x1b8 build/CO_LEDs.o
                0x08006f84                CO_LEDs_process
 .text.CO_LSSslave_receive
                0x0800713c      0x160 build/CO_LSSslave.o
 .text.CO_LSSslave_init
                0x0800729c       0xd0 build/CO_LSSslave.o
                0x0800729c                CO_LSSslave_init
 .text.CO_LSSslave_process
                0x0800736c      0x1c8 build/CO_LSSslave.o
                0x0800736c                CO_LSSslave_process
 .text.CO_delete
                0x08007534       0x72 build/CANopen.o
                0x08007534                CO_delete
 .text.CO_new   0x080075a6      0x13a build/CANopen.o
                0x080075a6                CO_new
 .text.CO_CANinit
                0x080076e0       0x38 build/CANopen.o
                0x080076e0                CO_CANinit
 .text.CO_LSSinit
                0x08007718       0x3c build/CANopen.o
                0x08007718                CO_LSSinit
 .text.CO_CANopenInit
                0x08007754      0x1a0 build/CANopen.o
                0x08007754                CO_CANopenInit
 .text.CO_CANopenInitPDO
                0x080078f4       0xb0 build/CANopen.o
                0x080078f4                CO_CANopenInitPDO
 .text.CO_process
                0x080079a4      0x18a build/CANopen.o
                0x080079a4                CO_process
 .text.CO_process_SYNC
                0x08007b2e       0x4c build/CANopen.o
                0x08007b2e                CO_process_SYNC
 .text.CO_process_RPDO
                0x08007b7a        0x2 build/CANopen.o
                0x08007b7a                CO_process_RPDO
 .text.CO_process_TPDO
                0x08007b7c       0x56 build/CANopen.o
                0x08007b7c                CO_process_TPDO
 *fill*         0x08007bd2        0x2 
 .text.canopen_app_resetCommunication
                0x08007bd4      0x1a0 build/CO_app_STM32.o
                0x08007bd4                canopen_app_resetCommunication
 .text.canopen_app_init
                0x08007d74       0x50 build/CO_app_STM32.o
                0x08007d74                canopen_app_init
 .text.canopen_app_process
                0x08007dc4       0x88 build/CO_app_STM32.o
                0x08007dc4                canopen_app_process
 .text.canopen_app_interrupt
                0x08007e4c       0x5c build/CO_app_STM32.o
                0x08007e4c                canopen_app_interrupt
 .text.prv_send_can_message
                0x08007ea8       0x50 build/CO_driver_STM32.o
 .text.prv_read_can_received_msg
                0x08007ef8       0x78 build/CO_driver_STM32.o
 .text.CO_CANsetConfigurationMode
                0x08007f70        0xe build/CO_driver_STM32.o
                0x08007f70                CO_CANsetConfigurationMode
 .text.CO_CANsetNormalMode
                0x08007f7e       0x18 build/CO_driver_STM32.o
                0x08007f7e                CO_CANsetNormalMode
 *fill*         0x08007f96        0x2 
 .text.CO_CANmodule_init
                0x08007f98       0xd8 build/CO_driver_STM32.o
                0x08007f98                CO_CANmodule_init
 .text.CO_CANmodule_disable
                0x08008070       0x12 build/CO_driver_STM32.o
                0x08008070                CO_CANmodule_disable
 *fill*         0x08008082        0x2 
 .text.CO_CANrxBufferInit
                0x08008084       0x74 build/CO_driver_STM32.o
                0x08008084                CO_CANrxBufferInit
 .text.CO_CANtxBufferInit
                0x080080f8       0x46 build/CO_driver_STM32.o
                0x080080f8                CO_CANtxBufferInit
 .text.CO_CANsend
                0x0800813e       0x54 build/CO_driver_STM32.o
                0x0800813e                CO_CANsend
 .text.CO_CANclearPendingSyncPDOs
                0x08008192       0x62 build/CO_driver_STM32.o
                0x08008192                CO_CANclearPendingSyncPDOs
 .text.CO_CANmodule_process
                0x080081f4       0x4c build/CO_driver_STM32.o
                0x080081f4                CO_CANmodule_process
 .text.HAL_CAN_RxFifo0MsgPendingCallback
                0x08008240        0xc build/CO_driver_STM32.o
                0x08008240                HAL_CAN_RxFifo0MsgPendingCallback
 .text.HAL_CAN_RxFifo1MsgPendingCallback
                0x0800824c        0xc build/CO_driver_STM32.o
                0x0800824c                HAL_CAN_RxFifo1MsgPendingCallback
 .text.CO_CANinterrupt_TX
                0x08008258       0x5a build/CO_driver_STM32.o
                0x08008258                CO_CANinterrupt_TX
 *fill*         0x080082b2        0x2 
 .text.HAL_CAN_TxMailbox0CompleteCallback
                0x080082b4       0x14 build/CO_driver_STM32.o
                0x080082b4                HAL_CAN_TxMailbox0CompleteCallback
 .text.HAL_CAN_TxMailbox1CompleteCallback
                0x080082c8       0x14 build/CO_driver_STM32.o
                0x080082c8                HAL_CAN_TxMailbox1CompleteCallback
 .text.HAL_CAN_TxMailbox2CompleteCallback
                0x080082dc       0x14 build/CO_driver_STM32.o
                0x080082dc                HAL_CAN_TxMailbox2CompleteCallback
 .text.Reset_Handler
                0x080082f0       0x50 build/startup_stm32f303x8.o
                0x080082f0                Reset_Handler
 .text.Default_Handler
                0x08008340        0x2 build/startup_stm32f303x8.o
                0x08008340                RTC_Alarm_IRQHandler
                0x08008340                TIM1_CC_IRQHandler
                0x08008340                PVD_IRQHandler
                0x08008340                TAMP_STAMP_IRQHandler
                0x08008340                EXTI3_IRQHandler
                0x08008340                EXTI0_IRQHandler
                0x08008340                FPU_IRQHandler
                0x08008340                ADC1_2_IRQHandler
                0x08008340                SPI1_IRQHandler
                0x08008340                CAN_SCE_IRQHandler
                0x08008340                DMA1_Channel4_IRQHandler
                0x08008340                USART3_IRQHandler
                0x08008340                DMA1_Channel7_IRQHandler
                0x08008340                TIM7_DAC2_IRQHandler
                0x08008340                I2C1_EV_IRQHandler
                0x08008340                DMA1_Channel6_IRQHandler
                0x08008340                TIM3_IRQHandler
                0x08008340                RCC_IRQHandler
                0x08008340                DMA1_Channel1_IRQHandler
                0x08008340                Default_Handler
                0x08008340                EXTI15_10_IRQHandler
                0x08008340                COMP2_IRQHandler
                0x08008340                EXTI9_5_IRQHandler
                0x08008340                RTC_WKUP_IRQHandler
                0x08008340                DMA1_Channel5_IRQHandler
                0x08008340                EXTI4_IRQHandler
                0x08008340                DMA1_Channel3_IRQHandler
                0x08008340                WWDG_IRQHandler
                0x08008340                TIM2_IRQHandler
                0x08008340                EXTI1_IRQHandler
                0x08008340                COMP4_6_IRQHandler
                0x08008340                USART2_IRQHandler
                0x08008340                DMA1_Channel2_IRQHandler
                0x08008340                FLASH_IRQHandler
                0x08008340                USART1_IRQHandler
                0x08008340                I2C1_ER_IRQHandler
                0x08008340                EXTI2_TSC_IRQHandler
                0x08008340                TIM1_BRK_TIM15_IRQHandler
 *fill*         0x08008342        0x2 
 .text.calloc   0x08008344       0x10 c:/program files (x86)/gnu arm embedded toolchain/10 2021.10/bin/../lib/gcc/arm-none-eabi/10.3.1/../../../../arm-none-eabi/lib/thumb/v7e-m+fp/hard\libc_nano.a(lib_a-calloc.o)
                0x08008344                calloc
 .text.__sflush_r
                0x08008354      0x10c c:/program files (x86)/gnu arm embedded toolchain/10 2021.10/bin/../lib/gcc/arm-none-eabi/10.3.1/../../../../arm-none-eabi/lib/thumb/v7e-m+fp/hard\libc_nano.a(lib_a-fflush.o)
                0x08008354                __sflush_r
 .text._fflush_r
                0x08008460       0x78 c:/program files (x86)/gnu arm embedded toolchain/10 2021.10/bin/../lib/gcc/arm-none-eabi/10.3.1/../../../../arm-none-eabi/lib/thumb/v7e-m+fp/hard\libc_nano.a(lib_a-fflush.o)
                0x08008460                _fflush_r
 .text.fflush   0x080084d8       0x24 c:/program files (x86)/gnu arm embedded toolchain/10 2021.10/bin/../lib/gcc/arm-none-eabi/10.3.1/../../../../arm-none-eabi/lib/thumb/v7e-m+fp/hard\libc_nano.a(lib_a-fflush.o)
                0x080084d8                fflush
 .text.std      0x080084fc       0x48 c:/program files (x86)/gnu arm embedded toolchain/10 2021.10/bin/../lib/gcc/arm-none-eabi/10.3.1/../../../../arm-none-eabi/lib/thumb/v7e-m+fp/hard\libc_nano.a(lib_a-findfp.o)
 .text._cleanup_r
                0x08008544        0xc c:/program files (x86)/gnu arm embedded toolchain/10 2021.10/bin/../lib/gcc/arm-none-eabi/10.3.1/../../../../arm-none-eabi/lib/thumb/v7e-m+fp/hard\libc_nano.a(lib_a-findfp.o)
                0x08008544                _cleanup_r
 .text.__sfmoreglue
                0x08008550       0x2c c:/program files (x86)/gnu arm embedded toolchain/10 2021.10/bin/../lib/gcc/arm-none-eabi/10.3.1/../../../../arm-none-eabi/lib/thumb/v7e-m+fp/hard\libc_nano.a(lib_a-findfp.o)
                0x08008550                __sfmoreglue
 .text.__sfp_lock_acquire
                0x0800857c        0xc c:/program files (x86)/gnu arm embedded toolchain/10 2021.10/bin/../lib/gcc/arm-none-eabi/10.3.1/../../../../arm-none-eabi/lib/thumb/v7e-m+fp/hard\libc_nano.a(lib_a-findfp.o)
                0x0800857c                __sfp_lock_acquire
 .text.__sfp_lock_release
                0x08008588        0xc c:/program files (x86)/gnu arm embedded toolchain/10 2021.10/bin/../lib/gcc/arm-none-eabi/10.3.1/../../../../arm-none-eabi/lib/thumb/v7e-m+fp/hard\libc_nano.a(lib_a-findfp.o)
                0x08008588                __sfp_lock_release
 .text.__sinit_lock_acquire
                0x08008594        0xc c:/program files (x86)/gnu arm embedded toolchain/10 2021.10/bin/../lib/gcc/arm-none-eabi/10.3.1/../../../../arm-none-eabi/lib/thumb/v7e-m+fp/hard\libc_nano.a(lib_a-findfp.o)
                0x08008594                __sinit_lock_acquire
 .text.__sinit_lock_release
                0x080085a0        0xc c:/program files (x86)/gnu arm embedded toolchain/10 2021.10/bin/../lib/gcc/arm-none-eabi/10.3.1/../../../../arm-none-eabi/lib/thumb/v7e-m+fp/hard\libc_nano.a(lib_a-findfp.o)
                0x080085a0                __sinit_lock_release
 .text.__sinit  0x080085ac       0x70 c:/program files (x86)/gnu arm embedded toolchain/10 2021.10/bin/../lib/gcc/arm-none-eabi/10.3.1/../../../../arm-none-eabi/lib/thumb/v7e-m+fp/hard\libc_nano.a(lib_a-findfp.o)
                0x080085ac                __sinit
 .text.__sfp    0x0800861c       0x8c c:/program files (x86)/gnu arm embedded toolchain/10 2021.10/bin/../lib/gcc/arm-none-eabi/10.3.1/../../../../arm-none-eabi/lib/thumb/v7e-m+fp/hard\libc_nano.a(lib_a-findfp.o)
                0x0800861c                __sfp
 .text._fwalk_reent
                0x080086a8       0x3e c:/program files (x86)/gnu arm embedded toolchain/10 2021.10/bin/../lib/gcc/arm-none-eabi/10.3.1/../../../../arm-none-eabi/lib/thumb/v7e-m+fp/hard\libc_nano.a(lib_a-fwalk.o)
                0x080086a8                _fwalk_reent
 *fill*         0x080086e6        0x2 
 .text.__libc_init_array
                0x080086e8       0x48 c:/program files (x86)/gnu arm embedded toolchain/10 2021.10/bin/../lib/gcc/arm-none-eabi/10.3.1/../../../../arm-none-eabi/lib/thumb/v7e-m+fp/hard\libc_nano.a(lib_a-init.o)
                0x080086e8                __libc_init_array
 .text.__retarget_lock_init_recursive
                0x08008730        0x2 c:/program files (x86)/gnu arm embedded toolchain/10 2021.10/bin/../lib/gcc/arm-none-eabi/10.3.1/../../../../arm-none-eabi/lib/thumb/v7e-m+fp/hard\libc_nano.a(lib_a-lock.o)
                0x08008730                __retarget_lock_init_recursive
 .text.__retarget_lock_acquire_recursive
                0x08008732        0x2 c:/program files (x86)/gnu arm embedded toolchain/10 2021.10/bin/../lib/gcc/arm-none-eabi/10.3.1/../../../../arm-none-eabi/lib/thumb/v7e-m+fp/hard\libc_nano.a(lib_a-lock.o)
                0x08008732                __retarget_lock_acquire_recursive
 .text.__retarget_lock_release_recursive
                0x08008734        0x2 c:/program files (x86)/gnu arm embedded toolchain/10 2021.10/bin/../lib/gcc/arm-none-eabi/10.3.1/../../../../arm-none-eabi/lib/thumb/v7e-m+fp/hard\libc_nano.a(lib_a-lock.o)
                0x08008734                __retarget_lock_release_recursive
 *fill*         0x08008736        0x2 
 .text.free     0x08008738       0x10 c:/program files (x86)/gnu arm embedded toolchain/10 2021.10/bin/../lib/gcc/arm-none-eabi/10.3.1/../../../../arm-none-eabi/lib/thumb/v7e-m+fp/hard\libc_nano.a(lib_a-malloc.o)
                0x08008738                free
 .text.memcpy   0x08008748       0x1c c:/program files (x86)/gnu arm embedded toolchain/10 2021.10/bin/../lib/gcc/arm-none-eabi/10.3.1/../../../../arm-none-eabi/lib/thumb/v7e-m+fp/hard\libc_nano.a(lib_a-memcpy-stub.o)
                0x08008748                memcpy
 .text.memmove  0x08008764       0x34 c:/program files (x86)/gnu arm embedded toolchain/10 2021.10/bin/../lib/gcc/arm-none-eabi/10.3.1/../../../../arm-none-eabi/lib/thumb/v7e-m+fp/hard\libc_nano.a(lib_a-memmove.o)
                0x08008764                memmove
 .text.memset   0x08008798       0x10 c:/program files (x86)/gnu arm embedded toolchain/10 2021.10/bin/../lib/gcc/arm-none-eabi/10.3.1/../../../../arm-none-eabi/lib/thumb/v7e-m+fp/hard\libc_nano.a(lib_a-memset.o)
                0x08008798                memset
 .text._calloc_r
                0x080087a8       0x2c c:/program files (x86)/gnu arm embedded toolchain/10 2021.10/bin/../lib/gcc/arm-none-eabi/10.3.1/../../../../arm-none-eabi/lib/thumb/v7e-m+fp/hard\libc_nano.a(lib_a-nano-callocr.o)
                0x080087a8                _calloc_r
 .text._free_r  0x080087d4       0x98 c:/program files (x86)/gnu arm embedded toolchain/10 2021.10/bin/../lib/gcc/arm-none-eabi/10.3.1/../../../../arm-none-eabi/lib/thumb/v7e-m+fp/hard\libc_nano.a(lib_a-nano-freer.o)
                0x080087d4                _free_r
 .text.sbrk_aligned
                0x0800886c       0x40 c:/program files (x86)/gnu arm embedded toolchain/10 2021.10/bin/../lib/gcc/arm-none-eabi/10.3.1/../../../../arm-none-eabi/lib/thumb/v7e-m+fp/hard\libc_nano.a(lib_a-nano-mallocr.o)
 .text._malloc_r
                0x080088ac       0xe8 c:/program files (x86)/gnu arm embedded toolchain/10 2021.10/bin/../lib/gcc/arm-none-eabi/10.3.1/../../../../arm-none-eabi/lib/thumb/v7e-m+fp/hard\libc_nano.a(lib_a-nano-mallocr.o)
                0x080088ac                _malloc_r
 .text.printf   0x08008994       0x30 c:/program files (x86)/gnu arm embedded toolchain/10 2021.10/bin/../lib/gcc/arm-none-eabi/10.3.1/../../../../arm-none-eabi/lib/thumb/v7e-m+fp/hard\libc_nano.a(lib_a-printf.o)
                0x08008994                iprintf
                0x08008994                printf
 .text._puts_r  0x080089c4       0xdc c:/program files (x86)/gnu arm embedded toolchain/10 2021.10/bin/../lib/gcc/arm-none-eabi/10.3.1/../../../../arm-none-eabi/lib/thumb/v7e-m+fp/hard\libc_nano.a(lib_a-puts.o)
                0x080089c4                _puts_r
 .text.puts     0x08008aa0       0x10 c:/program files (x86)/gnu arm embedded toolchain/10 2021.10/bin/../lib/gcc/arm-none-eabi/10.3.1/../../../../arm-none-eabi/lib/thumb/v7e-m+fp/hard\libc_nano.a(lib_a-puts.o)
                0x08008aa0                puts
 .text._sbrk_r  0x08008ab0       0x20 c:/program files (x86)/gnu arm embedded toolchain/10 2021.10/bin/../lib/gcc/arm-none-eabi/10.3.1/../../../../arm-none-eabi/lib/thumb/v7e-m+fp/hard\libc_nano.a(lib_a-sbrkr.o)
                0x08008ab0                _sbrk_r
 .text.__sread  0x08008ad0       0x22 c:/program files (x86)/gnu arm embedded toolchain/10 2021.10/bin/../lib/gcc/arm-none-eabi/10.3.1/../../../../arm-none-eabi/lib/thumb/v7e-m+fp/hard\libc_nano.a(lib_a-stdio.o)
                0x08008ad0                __sread
 .text.__swrite
                0x08008af2       0x38 c:/program files (x86)/gnu arm embedded toolchain/10 2021.10/bin/../lib/gcc/arm-none-eabi/10.3.1/../../../../arm-none-eabi/lib/thumb/v7e-m+fp/hard\libc_nano.a(lib_a-stdio.o)
                0x08008af2                __swrite
 .text.__sseek  0x08008b2a       0x24 c:/program files (x86)/gnu arm embedded toolchain/10 2021.10/bin/../lib/gcc/arm-none-eabi/10.3.1/../../../../arm-none-eabi/lib/thumb/v7e-m+fp/hard\libc_nano.a(lib_a-stdio.o)
                0x08008b2a                __sseek
 .text.__sclose
                0x08008b4e        0x8 c:/program files (x86)/gnu arm embedded toolchain/10 2021.10/bin/../lib/gcc/arm-none-eabi/10.3.1/../../../../arm-none-eabi/lib/thumb/v7e-m+fp/hard\libc_nano.a(lib_a-stdio.o)
                0x08008b4e                __sclose
 *fill*         0x08008b56        0x2 
 .text.__swbuf_r
                0x08008b58       0xa4 c:/program files (x86)/gnu arm embedded toolchain/10 2021.10/bin/../lib/gcc/arm-none-eabi/10.3.1/../../../../arm-none-eabi/lib/thumb/v7e-m+fp/hard\libc_nano.a(lib_a-wbuf.o)
                0x08008b58                __swbuf_r
 .text._write_r
                0x08008bfc       0x24 c:/program files (x86)/gnu arm embedded toolchain/10 2021.10/bin/../lib/gcc/arm-none-eabi/10.3.1/../../../../arm-none-eabi/lib/thumb/v7e-m+fp/hard\libc_nano.a(lib_a-writer.o)
                0x08008bfc                _write_r
 .text.__swsetup_r
                0x08008c20       0xdc c:/program files (x86)/gnu arm embedded toolchain/10 2021.10/bin/../lib/gcc/arm-none-eabi/10.3.1/../../../../arm-none-eabi/lib/thumb/v7e-m+fp/hard\libc_nano.a(lib_a-wsetup.o)
                0x08008c20                __swsetup_r
 .text._close_r
                0x08008cfc       0x20 c:/program files (x86)/gnu arm embedded toolchain/10 2021.10/bin/../lib/gcc/arm-none-eabi/10.3.1/../../../../arm-none-eabi/lib/thumb/v7e-m+fp/hard\libc_nano.a(lib_a-closer.o)
                0x08008cfc                _close_r
 .text._lseek_r
                0x08008d1c       0x24 c:/program files (x86)/gnu arm embedded toolchain/10 2021.10/bin/../lib/gcc/arm-none-eabi/10.3.1/../../../../arm-none-eabi/lib/thumb/v7e-m+fp/hard\libc_nano.a(lib_a-lseekr.o)
                0x08008d1c                _lseek_r
 .text.__swhatbuf_r
                0x08008d40       0x4a c:/program files (x86)/gnu arm embedded toolchain/10 2021.10/bin/../lib/gcc/arm-none-eabi/10.3.1/../../../../arm-none-eabi/lib/thumb/v7e-m+fp/hard\libc_nano.a(lib_a-makebuf.o)
                0x08008d40                __swhatbuf_r
 *fill*         0x08008d8a        0x2 
 .text.__smakebuf_r
                0x08008d8c       0x80 c:/program files (x86)/gnu arm embedded toolchain/10 2021.10/bin/../lib/gcc/arm-none-eabi/10.3.1/../../../../arm-none-eabi/lib/thumb/v7e-m+fp/hard\libc_nano.a(lib_a-makebuf.o)
                0x08008d8c                __smakebuf_r
 .text.__malloc_lock
                0x08008e0c        0xc c:/program files (x86)/gnu arm embedded toolchain/10 2021.10/bin/../lib/gcc/arm-none-eabi/10.3.1/../../../../arm-none-eabi/lib/thumb/v7e-m+fp/hard\libc_nano.a(lib_a-mlock.o)
                0x08008e0c                __malloc_lock
 .text.__malloc_unlock
                0x08008e18        0xc c:/program files (x86)/gnu arm embedded toolchain/10 2021.10/bin/../lib/gcc/arm-none-eabi/10.3.1/../../../../arm-none-eabi/lib/thumb/v7e-m+fp/hard\libc_nano.a(lib_a-mlock.o)
                0x08008e18                __malloc_unlock
 .text.__sfputc_r
                0x08008e24       0x2e c:/program files (x86)/gnu arm embedded toolchain/10 2021.10/bin/../lib/gcc/arm-none-eabi/10.3.1/../../../../arm-none-eabi/lib/thumb/v7e-m+fp/hard\libc_nano.a(lib_a-nano-vfprintf.o)
 .text.__sfputs_r
                0x08008e52       0x24 c:/program files (x86)/gnu arm embedded toolchain/10 2021.10/bin/../lib/gcc/arm-none-eabi/10.3.1/../../../../arm-none-eabi/lib/thumb/v7e-m+fp/hard\libc_nano.a(lib_a-nano-vfprintf.o)
                0x08008e52                __sfputs_r
 *fill*         0x08008e76        0x2 
 .text._vfprintf_r
                0x08008e78      0x260 c:/program files (x86)/gnu arm embedded toolchain/10 2021.10/bin/../lib/gcc/arm-none-eabi/10.3.1/../../../../arm-none-eabi/lib/thumb/v7e-m+fp/hard\libc_nano.a(lib_a-nano-vfprintf.o)
                0x08008e78                _vfprintf_r
                0x08008e78                _vfiprintf_r
 .text._printf_common
                0x080090d8       0xda c:/program files (x86)/gnu arm embedded toolchain/10 2021.10/bin/../lib/gcc/arm-none-eabi/10.3.1/../../../../arm-none-eabi/lib/thumb/v7e-m+fp/hard\libc_nano.a(lib_a-nano-vfprintf_i.o)
                0x080090d8                _printf_common
 *fill*         0x080091b2        0x2 
 .text._printf_i
                0x080091b4      0x24c c:/program files (x86)/gnu arm embedded toolchain/10 2021.10/bin/../lib/gcc/arm-none-eabi/10.3.1/../../../../arm-none-eabi/lib/thumb/v7e-m+fp/hard\libc_nano.a(lib_a-nano-vfprintf_i.o)
                0x080091b4                _printf_i
 .text._read_r  0x08009400       0x24 c:/program files (x86)/gnu arm embedded toolchain/10 2021.10/bin/../lib/gcc/arm-none-eabi/10.3.1/../../../../arm-none-eabi/lib/thumb/v7e-m+fp/hard\libc_nano.a(lib_a-readr.o)
                0x08009400                _read_r
 .text._fstat_r
                0x08009424       0x24 c:/program files (x86)/gnu arm embedded toolchain/10 2021.10/bin/../lib/gcc/arm-none-eabi/10.3.1/../../../../arm-none-eabi/lib/thumb/v7e-m+fp/hard\libc_nano.a(lib_a-fstatr.o)
                0x08009424                _fstat_r
 .text._isatty_r
                0x08009448       0x20 c:/program files (x86)/gnu arm embedded toolchain/10 2021.10/bin/../lib/gcc/arm-none-eabi/10.3.1/../../../../arm-none-eabi/lib/thumb/v7e-m+fp/hard\libc_nano.a(lib_a-isattyr.o)
                0x08009448                _isatty_r
 .text._close   0x08009468       0x10 c:/program files (x86)/gnu arm embedded toolchain/10 2021.10/bin/../lib/gcc/arm-none-eabi/10.3.1/../../../../arm-none-eabi/lib/thumb/v7e-m+fp/hard\libnosys.a(close.o)
                0x08009468                _close
 .text._fstat   0x08009478       0x10 c:/program files (x86)/gnu arm embedded toolchain/10 2021.10/bin/../lib/gcc/arm-none-eabi/10.3.1/../../../../arm-none-eabi/lib/thumb/v7e-m+fp/hard\libnosys.a(fstat.o)
                0x08009478                _fstat
 .text._isatty  0x08009488       0x10 c:/program files (x86)/gnu arm embedded toolchain/10 2021.10/bin/../lib/gcc/arm-none-eabi/10.3.1/../../../../arm-none-eabi/lib/thumb/v7e-m+fp/hard\libnosys.a(isatty.o)
                0x08009488                _isatty
 .text._lseek   0x08009498       0x10 c:/program files (x86)/gnu arm embedded toolchain/10 2021.10/bin/../lib/gcc/arm-none-eabi/10.3.1/../../../../arm-none-eabi/lib/thumb/v7e-m+fp/hard\libnosys.a(lseek.o)
                0x08009498                _lseek
 .text._read    0x080094a8       0x10 c:/program files (x86)/gnu arm embedded toolchain/10 2021.10/bin/../lib/gcc/arm-none-eabi/10.3.1/../../../../arm-none-eabi/lib/thumb/v7e-m+fp/hard\libnosys.a(read.o)
                0x080094a8                _read
 .text._sbrk    0x080094b8       0x1c c:/program files (x86)/gnu arm embedded toolchain/10 2021.10/bin/../lib/gcc/arm-none-eabi/10.3.1/../../../../arm-none-eabi/lib/thumb/v7e-m+fp/hard\libnosys.a(sbrk.o)
                0x080094b8                _sbrk
 .text._write   0x080094d4       0x10 c:/program files (x86)/gnu arm embedded toolchain/10 2021.10/bin/../lib/gcc/arm-none-eabi/10.3.1/../../../../arm-none-eabi/lib/thumb/v7e-m+fp/hard\libnosys.a(write.o)
                0x080094d4                _write
 *(.glue_7)
 .glue_7        0x080094e4        0x0 linker stubs
 *(.glue_7t)
 .glue_7t       0x080094e4        0x0 linker stubs
 *(.eh_frame)
 .eh_frame      0x080094e4        0x0 c:/program files (x86)/gnu arm embedded toolchain/10 2021.10/bin/../lib/gcc/arm-none-eabi/10.3.1/thumb/v7e-m+fp/hard/crtbegin.o
 *(.init)
 .init          0x080094e4        0x4 c:/program files (x86)/gnu arm embedded toolchain/10 2021.10/bin/../lib/gcc/arm-none-eabi/10.3.1/thumb/v7e-m+fp/hard/crti.o
                0x080094e4                _init
 .init          0x080094e8        0x8 c:/program files (x86)/gnu arm embedded toolchain/10 2021.10/bin/../lib/gcc/arm-none-eabi/10.3.1/thumb/v7e-m+fp/hard/crtn.o
 *(.fini)
 .fini          0x080094f0        0x4 c:/program files (x86)/gnu arm embedded toolchain/10 2021.10/bin/../lib/gcc/arm-none-eabi/10.3.1/thumb/v7e-m+fp/hard/crti.o
                0x080094f0                _fini
 .fini          0x080094f4        0x8 c:/program files (x86)/gnu arm embedded toolchain/10 2021.10/bin/../lib/gcc/arm-none-eabi/10.3.1/thumb/v7e-m+fp/hard/crtn.o
                0x080094fc                . = ALIGN (0x4)
                0x080094fc                _etext = .

.vfp11_veneer   0x080094fc        0x0
 .vfp11_veneer  0x080094fc        0x0 linker stubs

.v4_bx          0x080094fc        0x0
 .v4_bx         0x080094fc        0x0 linker stubs

.iplt           0x080094fc        0x0
 .iplt          0x080094fc        0x0 c:/program files (x86)/gnu arm embedded toolchain/10 2021.10/bin/../lib/gcc/arm-none-eabi/10.3.1/thumb/v7e-m+fp/hard/crtbegin.o

.rodata         0x080094fc      0x5d4
                0x080094fc                . = ALIGN (0x4)
 *(.rodata)
 *(.rodata*)
 .rodata.str1.4
                0x080094fc       0x21 build/freertos.o
 *fill*         0x0800951d        0x3 
 .rodata.ReadDistance_attributes
                0x08009520       0x24 build/freertos.o
                0x08009520                ReadDistance_attributes
 .rodata.UITask_attributes
                0x08009544       0x24 build/freertos.o
                0x08009544                UITask_attributes
 .rodata.canopenTask_attributes
                0x08009568       0x24 build/freertos.o
                0x08009568                canopenTask_attributes
 .rodata.aPLLMULFactorTable
                0x0800958c       0x10 build/stm32f3xx_hal_rcc.o
 .rodata.aPredivFactorTable
                0x0800959c       0x10 build/stm32f3xx_hal_rcc.o
 .rodata.AHBPrescTable
                0x080095ac       0x10 build/system_stm32f3xx.o
                0x080095ac                AHBPrescTable
 .rodata.APBPrescTable
                0x080095bc        0x8 build/system_stm32f3xx.o
                0x080095bc                APBPrescTable
 .rodata.vTaskStartScheduler.str1.4
                0x080095c4        0x5 build/tasks.o
 *fill*         0x080095c9        0x3 
 .rodata.prvCheckForValidListAndQueue.str1.4
                0x080095cc        0x5 build/timers.o
 *fill*         0x080095d1        0x3 
 .rodata.xTimerCreateTimerTask.str1.4
                0x080095d4        0x8 build/timers.o
 .rodata.abortCodes.0
                0x080095dc       0x68 build/CO_ODinterface.o
 .rodata.CO_LSS_bitTimingTableLookup
                0x08009644       0x14 build/CO_LSSslave.o
 .rodata.canopen_app_resetCommunication.str1.4
                0x08009658      0x139 build/CO_app_STM32.o
 *fill*         0x08009791        0x3 
 .rodata.canopen_app_init.str1.4
                0x08009794       0x48 build/CO_app_STM32.o
 .rodata.canopen_app_process.str1.4
                0x080097dc       0x41 build/CO_app_STM32.o
 *fill*         0x0800981d        0x3 
 .rodata.ODObjs
                0x08009820      0x218 build/OD.o
 .rodata.__sf_fake_stderr
                0x08009a38       0x20 c:/program files (x86)/gnu arm embedded toolchain/10 2021.10/bin/../lib/gcc/arm-none-eabi/10.3.1/../../../../arm-none-eabi/lib/thumb/v7e-m+fp/hard\libc_nano.a(lib_a-findfp.o)
                0x08009a38                __sf_fake_stderr
 .rodata.__sf_fake_stdin
                0x08009a58       0x20 c:/program files (x86)/gnu arm embedded toolchain/10 2021.10/bin/../lib/gcc/arm-none-eabi/10.3.1/../../../../arm-none-eabi/lib/thumb/v7e-m+fp/hard\libc_nano.a(lib_a-findfp.o)
                0x08009a58                __sf_fake_stdin
 .rodata.__sf_fake_stdout
                0x08009a78       0x20 c:/program files (x86)/gnu arm embedded toolchain/10 2021.10/bin/../lib/gcc/arm-none-eabi/10.3.1/../../../../arm-none-eabi/lib/thumb/v7e-m+fp/hard\libc_nano.a(lib_a-findfp.o)
                0x08009a78                __sf_fake_stdout
 .rodata._global_impure_ptr
                0x08009a98        0x4 c:/program files (x86)/gnu arm embedded toolchain/10 2021.10/bin/../lib/gcc/arm-none-eabi/10.3.1/../../../../arm-none-eabi/lib/thumb/v7e-m+fp/hard\libc_nano.a(lib_a-impure.o)
                0x08009a98                _global_impure_ptr
 .rodata._vfprintf_r.str1.1
                0x08009a9c       0x11 c:/program files (x86)/gnu arm embedded toolchain/10 2021.10/bin/../lib/gcc/arm-none-eabi/10.3.1/../../../../arm-none-eabi/lib/thumb/v7e-m+fp/hard\libc_nano.a(lib_a-nano-vfprintf.o)
 .rodata._printf_i.str1.1
                0x08009aad       0x22 c:/program files (x86)/gnu arm embedded toolchain/10 2021.10/bin/../lib/gcc/arm-none-eabi/10.3.1/../../../../arm-none-eabi/lib/thumb/v7e-m+fp/hard\libc_nano.a(lib_a-nano-vfprintf_i.o)
                0x08009ad0                . = ALIGN (0x4)
 *fill*         0x08009acf        0x1 

.rel.dyn        0x08009ad0        0x0
 .rel.iplt      0x08009ad0        0x0 c:/program files (x86)/gnu arm embedded toolchain/10 2021.10/bin/../lib/gcc/arm-none-eabi/10.3.1/thumb/v7e-m+fp/hard/crtbegin.o

.ARM.extab
 *(.ARM.extab* .gnu.linkonce.armextab.*)

.ARM            0x08009ad0        0x0
                0x08009ad0                __exidx_start = .
 *(.ARM.exidx*)
                0x08009ad0                __exidx_end = .

.preinit_array  0x08009ad0        0x0
                0x08009ad0                PROVIDE (__preinit_array_start = .)
 *(.preinit_array*)
                0x08009ad0                PROVIDE (__preinit_array_end = .)

.init_array     0x08009ad0        0x4
                0x08009ad0                PROVIDE (__init_array_start = .)
 *(SORT_BY_NAME(.init_array.*))
 *(.init_array*)
 .init_array    0x08009ad0        0x4 c:/program files (x86)/gnu arm embedded toolchain/10 2021.10/bin/../lib/gcc/arm-none-eabi/10.3.1/thumb/v7e-m+fp/hard/crtbegin.o
                0x08009ad4                PROVIDE (__init_array_end = .)

.fini_array     0x08009ad4        0x4
                [!provide]                PROVIDE (__fini_array_start = .)
 *(SORT_BY_NAME(.fini_array.*))
 *(.fini_array*)
 .fini_array    0x08009ad4        0x4 c:/program files (x86)/gnu arm embedded toolchain/10 2021.10/bin/../lib/gcc/arm-none-eabi/10.3.1/thumb/v7e-m+fp/hard/crtbegin.o
                [!provide]                PROVIDE (__fini_array_end = .)
                0x08009ad8                _sidata = LOADADDR (.data)

.data           0x20000000      0x250 load address 0x08009ad8
                0x20000000                . = ALIGN (0x4)
                0x20000000                _sdata = .
 *(.data)
 *(.data*)
 .data.uwTickFreq
                0x20000000        0x1 build/stm32f3xx_hal.o
                0x20000000                uwTickFreq
 *fill*         0x20000001        0x3 
 .data.uwTickPrio
                0x20000004        0x4 build/stm32f3xx_hal.o
                0x20000004                uwTickPrio
 .data.SystemCoreClock
                0x20000008        0x4 build/system_stm32f3xx.o
                0x20000008                SystemCoreClock
 .data.uxCriticalNesting
                0x2000000c        0x4 build/port.o
 .data.OD       0x20000010        0x4 build/OD.o
                0x20000010                OD
 .data.ODList   0x20000014       0xfc build/OD.o
 .data.OD_PERSIST_COMM
                0x20000110       0xa0 build/OD.o
                0x20000110                OD_PERSIST_COMM
 .data.OD_RAM   0x200001b0       0x34 build/OD.o
                0x200001b0                OD_RAM
 .data._OD      0x200001e4        0x8 build/OD.o
 .data._impure_ptr
                0x200001ec        0x4 c:/program files (x86)/gnu arm embedded toolchain/10 2021.10/bin/../lib/gcc/arm-none-eabi/10.3.1/../../../../arm-none-eabi/lib/thumb/v7e-m+fp/hard\libc_nano.a(lib_a-impure.o)
                0x200001ec                _impure_ptr
 .data.impure_data
                0x200001f0       0x60 c:/program files (x86)/gnu arm embedded toolchain/10 2021.10/bin/../lib/gcc/arm-none-eabi/10.3.1/../../../../arm-none-eabi/lib/thumb/v7e-m+fp/hard\libc_nano.a(lib_a-impure.o)
                0x20000250                . = ALIGN (0x4)
                0x20000250                _edata = .
                0x08009d28                _siccmram = LOADADDR (.ccmram)

.igot.plt       0x20000250        0x0 load address 0x08009d28
 .igot.plt      0x20000250        0x0 c:/program files (x86)/gnu arm embedded toolchain/10 2021.10/bin/../lib/gcc/arm-none-eabi/10.3.1/thumb/v7e-m+fp/hard/crtbegin.o

.ccmram         0x10000000        0x0 load address 0x08009d28
                0x10000000                . = ALIGN (0x4)
                0x10000000                _sccmram = .
 *(.ccmram)
 *(.ccmram*)
                0x10000000                . = ALIGN (0x4)
                0x10000000                _eccmram = .
                0x10000000                . = ALIGN (0x4)

.bss            0x20000250     0x1df0
                0x20000250                _sbss = .
                0x20000250                __bss_start__ = _sbss
 *(.bss)
 .bss           0x20000250       0x1c c:/program files (x86)/gnu arm embedded toolchain/10 2021.10/bin/../lib/gcc/arm-none-eabi/10.3.1/thumb/v7e-m+fp/hard/crtbegin.o
 *(.bss*)
 .bss.NodeID    0x2000026c        0x4 build/main.o
                0x2000026c                NodeID
 .bss.counter   0x20000270        0x2 build/main.o
                0x20000270                counter
 *fill*         0x20000272        0x2 
 .bss.timer_counter
                0x20000274        0x4 build/main.o
                0x20000274                timer_counter
 .bss.ReadDistanceHandle
                0x20000278        0x4 build/freertos.o
                0x20000278                ReadDistanceHandle
 .bss.UITaskHandle
                0x2000027c        0x4 build/freertos.o
                0x2000027c                UITaskHandle
 .bss.canopenTaskHandle
                0x20000280        0x4 build/freertos.o
                0x20000280                canopenTaskHandle
 .bss.hcan      0x20000284       0x64 build/can.o
                0x20000284                hcan
 .bss.htim17    0x200002e8       0xbc build/tim.o
                0x200002e8                htim17
 .bss.htim2     0x200003a4       0xbc build/tim.o
                0x200003a4                htim2
 .bss.htim3     0x20000460       0xbc build/tim.o
                0x20000460                htim3
 .bss.htim6     0x2000051c       0xbc build/tim.o
                0x2000051c                htim6
 .bss.htim1     0x200005d8       0xbc build/stm32f3xx_hal_timebase_tim.o
                0x200005d8                htim1
 .bss.uwTick    0x20000694        0x4 build/stm32f3xx_hal.o
                0x20000694                uwTick
 .bss.xQueueRegistry
                0x20000698       0x40 build/queue.o
                0x20000698                xQueueRegistry
 .bss.pxCurrentTCB
                0x200006d8        0x4 build/tasks.o
                0x200006d8                pxCurrentTCB
 .bss.pxDelayedTaskList
                0x200006dc        0x4 build/tasks.o
 .bss.pxOverflowDelayedTaskList
                0x200006e0        0x4 build/tasks.o
 .bss.pxReadyTasksLists
                0x200006e4      0x460 build/tasks.o
 .bss.uxCurrentNumberOfTasks
                0x20000b44        0x4 build/tasks.o
 .bss.uxDeletedTasksWaitingCleanUp
                0x20000b48        0x4 build/tasks.o
 .bss.uxPendedTicks
                0x20000b4c        0x4 build/tasks.o
 .bss.uxSchedulerSuspended
                0x20000b50        0x4 build/tasks.o
 .bss.uxTaskNumber
                0x20000b54        0x4 build/tasks.o
 .bss.uxTopReadyPriority
                0x20000b58        0x4 build/tasks.o
 .bss.xDelayedTaskList1
                0x20000b5c       0x14 build/tasks.o
 .bss.xDelayedTaskList2
                0x20000b70       0x14 build/tasks.o
 .bss.xIdleTaskHandle
                0x20000b84        0x4 build/tasks.o
 .bss.xNextTaskUnblockTime
                0x20000b88        0x4 build/tasks.o
 .bss.xNumOfOverflows
                0x20000b8c        0x4 build/tasks.o
 .bss.xPendingReadyList
                0x20000b90       0x14 build/tasks.o
 .bss.xSchedulerRunning
                0x20000ba4        0x4 build/tasks.o
 .bss.xSuspendedTaskList
                0x20000ba8       0x14 build/tasks.o
 .bss.xTasksWaitingTermination
                0x20000bbc       0x14 build/tasks.o
 .bss.xTickCount
                0x20000bd0        0x4 build/tasks.o
 .bss.xYieldPending
                0x20000bd4        0x4 build/tasks.o
 .bss.pxCurrentTimerList
                0x20000bd8        0x4 build/timers.o
 .bss.pxOverflowTimerList
                0x20000bdc        0x4 build/timers.o
 .bss.ucStaticTimerQueueStorage.1
                0x20000be0       0xa0 build/timers.o
 .bss.xActiveTimerList1
                0x20000c80       0x14 build/timers.o
 .bss.xActiveTimerList2
                0x20000c94       0x14 build/timers.o
 .bss.xLastTime.2
                0x20000ca8        0x4 build/timers.o
 .bss.xStaticTimerQueue.0
                0x20000cac       0x50 build/timers.o
 .bss.xTimerQueue
                0x20000cfc        0x4 build/timers.o
 .bss.xTimerTaskHandle
                0x20000d00        0x4 build/timers.o
 .bss.Idle_Stack
                0x20000d04      0x200 build/cmsis_os2.o
 .bss.Idle_TCB  0x20000f04       0x5c build/cmsis_os2.o
 .bss.KernelState
                0x20000f60        0x4 build/cmsis_os2.o
 .bss.Timer_Stack
                0x20000f64      0x400 build/cmsis_os2.o
 .bss.Timer_TCB
                0x20001364       0x5c build/cmsis_os2.o
 .bss.pxEnd     0x200013c0        0x4 build/heap_4.o
 .bss.ucHeap    0x200013c4      0xc00 build/heap_4.o
 .bss.xBlockAllocatedBit
                0x20001fc4        0x4 build/heap_4.o
 .bss.xFreeBytesRemaining
                0x20001fc8        0x4 build/heap_4.o
 .bss.xMinimumEverFreeBytesRemaining
                0x20001fcc        0x4 build/heap_4.o
 .bss.xStart    0x20001fd0        0x8 build/heap_4.o
 .bss.ucMaxSysCallPriority
                0x20001fd8        0x1 build/port.o
 *fill*         0x20001fd9        0x3 
 .bss.ulMaxPRIGROUPValue
                0x20001fdc        0x4 build/port.o
 .bss.CO        0x20001fe0        0x4 build/CO_app_STM32.o
                0x20001fe0                CO
 .bss.canopenNodeSTM32
                0x20001fe4        0x4 build/CO_app_STM32.o
                0x20001fe4                canopenNodeSTM32
 .bss.err       0x20001fe8        0x1 build/CO_app_STM32.o
                0x20001fe8                err
 *fill*         0x20001fe9        0x3 
 .bss.time_current
                0x20001fec        0x4 build/CO_app_STM32.o
                0x20001fec                time_current
 .bss.time_old  0x20001ff0        0x4 build/CO_app_STM32.o
                0x20001ff0                time_old
 .bss.CANModule_local
                0x20001ff4        0x4 build/CO_driver_STM32.o
 .bss.rx_hdr.0  0x20001ff8       0x1c build/CO_driver_STM32.o
 .bss.tx_hdr.1  0x20002014       0x18 build/CO_driver_STM32.o
 .bss.__lock___malloc_recursive_mutex
                0x2000202c        0x1 c:/program files (x86)/gnu arm embedded toolchain/10 2021.10/bin/../lib/gcc/arm-none-eabi/10.3.1/../../../../arm-none-eabi/lib/thumb/v7e-m+fp/hard\libc_nano.a(lib_a-lock.o)
                0x2000202c                __lock___malloc_recursive_mutex
 .bss.__lock___sfp_recursive_mutex
                0x2000202d        0x1 c:/program files (x86)/gnu arm embedded toolchain/10 2021.10/bin/../lib/gcc/arm-none-eabi/10.3.1/../../../../arm-none-eabi/lib/thumb/v7e-m+fp/hard\libc_nano.a(lib_a-lock.o)
                0x2000202d                __lock___sfp_recursive_mutex
 .bss.__lock___sinit_recursive_mutex
                0x2000202e        0x1 c:/program files (x86)/gnu arm embedded toolchain/10 2021.10/bin/../lib/gcc/arm-none-eabi/10.3.1/../../../../arm-none-eabi/lib/thumb/v7e-m+fp/hard\libc_nano.a(lib_a-lock.o)
                0x2000202e                __lock___sinit_recursive_mutex
 *fill*         0x2000202f        0x1 
 .bss.__malloc_free_list
                0x20002030        0x4 c:/program files (x86)/gnu arm embedded toolchain/10 2021.10/bin/../lib/gcc/arm-none-eabi/10.3.1/../../../../arm-none-eabi/lib/thumb/v7e-m+fp/hard\libc_nano.a(lib_a-nano-mallocr.o)
                0x20002030                __malloc_free_list
 .bss.__malloc_sbrk_start
                0x20002034        0x4 c:/program files (x86)/gnu arm embedded toolchain/10 2021.10/bin/../lib/gcc/arm-none-eabi/10.3.1/../../../../arm-none-eabi/lib/thumb/v7e-m+fp/hard\libc_nano.a(lib_a-nano-mallocr.o)
                0x20002034                __malloc_sbrk_start
 .bss.errno     0x20002038        0x4 c:/program files (x86)/gnu arm embedded toolchain/10 2021.10/bin/../lib/gcc/arm-none-eabi/10.3.1/../../../../arm-none-eabi/lib/thumb/v7e-m+fp/hard\libc_nano.a(lib_a-reent.o)
                0x20002038                errno
 .bss.heap_end.0
                0x2000203c        0x4 c:/program files (x86)/gnu arm embedded toolchain/10 2021.10/bin/../lib/gcc/arm-none-eabi/10.3.1/../../../../arm-none-eabi/lib/thumb/v7e-m+fp/hard\libnosys.a(sbrk.o)
 *(COMMON)
                0x20002040                . = ALIGN (0x4)
                0x20002040                _ebss = .
                0x20002040                __bss_end__ = _ebss

._user_heap_stack
                0x20002040      0x600
                0x20002040                . = ALIGN (0x8)
                0x20002040                PROVIDE (end = .)
                [!provide]                PROVIDE (_end = .)
                0x20002240                . = (. + _Min_Heap_Size)
 *fill*         0x20002040      0x200 
                0x20002640                . = (. + _Min_Stack_Size)
 *fill*         0x20002240      0x400 
                0x20002640                . = ALIGN (0x8)

/DISCARD/
 libc.a(*)
 libm.a(*)
 libgcc.a(*)

.ARM.attributes
                0x00000000       0x30
 *(.ARM.attributes)
 .ARM.attributes
                0x00000000       0x1e c:/program files (x86)/gnu arm embedded toolchain/10 2021.10/bin/../lib/gcc/arm-none-eabi/10.3.1/thumb/v7e-m+fp/hard/crti.o
 .ARM.attributes
                0x0000001e       0x34 c:/program files (x86)/gnu arm embedded toolchain/10 2021.10/bin/../lib/gcc/arm-none-eabi/10.3.1/thumb/v7e-m+fp/hard/crtbegin.o
 .ARM.attributes
                0x00000052       0x34 build/main.o
 .ARM.attributes
                0x00000086       0x34 build/gpio.o
 .ARM.attributes
                0x000000ba       0x34 build/freertos.o
 .ARM.attributes
                0x000000ee       0x34 build/can.o
 .ARM.attributes
                0x00000122       0x34 build/flashROM.o
 .ARM.attributes
                0x00000156       0x34 build/tim.o
 .ARM.attributes
                0x0000018a       0x34 build/stm32f3xx_it.o
 .ARM.attributes
                0x000001be       0x34 build/stm32f3xx_hal_msp.o
 .ARM.attributes
                0x000001f2       0x34 build/stm32f3xx_hal_timebase_tim.o
 .ARM.attributes
                0x00000226       0x34 build/stm32f3xx_hal_can.o
 .ARM.attributes
                0x0000025a       0x34 build/stm32f3xx_hal.o
 .ARM.attributes
                0x0000028e       0x34 build/stm32f3xx_hal_rcc.o
 .ARM.attributes
                0x000002c2       0x34 build/stm32f3xx_hal_gpio.o
 .ARM.attributes
                0x000002f6       0x34 build/stm32f3xx_hal_cortex.o
 .ARM.attributes
                0x0000032a       0x34 build/stm32f3xx_hal_flash.o
 .ARM.attributes
                0x0000035e       0x34 build/stm32f3xx_hal_tim.o
 .ARM.attributes
                0x00000392       0x34 build/stm32f3xx_hal_tim_ex.o
 .ARM.attributes
                0x000003c6       0x34 build/system_stm32f3xx.o
 .ARM.attributes
                0x000003fa       0x34 build/list.o
 .ARM.attributes
                0x0000042e       0x34 build/queue.o
 .ARM.attributes
                0x00000462       0x34 build/tasks.o
 .ARM.attributes
                0x00000496       0x34 build/timers.o
 .ARM.attributes
                0x000004ca       0x34 build/cmsis_os2.o
 .ARM.attributes
                0x000004fe       0x34 build/heap_4.o
 .ARM.attributes
                0x00000532       0x34 build/port.o
 .ARM.attributes
                0x00000566       0x34 build/CO_ODinterface.o
 .ARM.attributes
                0x0000059a       0x34 build/CO_NMT_Heartbeat.o
 .ARM.attributes
                0x000005ce       0x34 build/CO_HBconsumer.o
 .ARM.attributes
                0x00000602       0x34 build/CO_Emergency.o
 .ARM.attributes
                0x00000636       0x34 build/CO_SDOserver.o
 .ARM.attributes
                0x0000066a       0x34 build/CO_TIME.o
 .ARM.attributes
                0x0000069e       0x34 build/CO_SYNC.o
 .ARM.attributes
                0x000006d2       0x34 build/CO_PDO.o
 .ARM.attributes
                0x00000706       0x34 build/CO_LEDs.o
 .ARM.attributes
                0x0000073a       0x34 build/CO_LSSslave.o
 .ARM.attributes
                0x0000076e       0x34 build/CANopen.o
 .ARM.attributes
                0x000007a2       0x34 build/CO_app_STM32.o
 .ARM.attributes
                0x000007d6       0x34 build/CO_driver_STM32.o
 .ARM.attributes
                0x0000080a       0x34 build/OD.o
 .ARM.attributes
                0x0000083e       0x21 build/startup_stm32f303x8.o
 .ARM.attributes
                0x0000085f       0x34 c:/program files (x86)/gnu arm embedded toolchain/10 2021.10/bin/../lib/gcc/arm-none-eabi/10.3.1/../../../../arm-none-eabi/lib/thumb/v7e-m+fp/hard\libc_nano.a(lib_a-calloc.o)
 .ARM.attributes
                0x00000893       0x34 c:/program files (x86)/gnu arm embedded toolchain/10 2021.10/bin/../lib/gcc/arm-none-eabi/10.3.1/../../../../arm-none-eabi/lib/thumb/v7e-m+fp/hard\libc_nano.a(lib_a-fflush.o)
 .ARM.attributes
                0x000008c7       0x34 c:/program files (x86)/gnu arm embedded toolchain/10 2021.10/bin/../lib/gcc/arm-none-eabi/10.3.1/../../../../arm-none-eabi/lib/thumb/v7e-m+fp/hard\libc_nano.a(lib_a-findfp.o)
 .ARM.attributes
                0x000008fb       0x34 c:/program files (x86)/gnu arm embedded toolchain/10 2021.10/bin/../lib/gcc/arm-none-eabi/10.3.1/../../../../arm-none-eabi/lib/thumb/v7e-m+fp/hard\libc_nano.a(lib_a-fwalk.o)
 .ARM.attributes
                0x0000092f       0x34 c:/program files (x86)/gnu arm embedded toolchain/10 2021.10/bin/../lib/gcc/arm-none-eabi/10.3.1/../../../../arm-none-eabi/lib/thumb/v7e-m+fp/hard\libc_nano.a(lib_a-impure.o)
 .ARM.attributes
                0x00000963       0x34 c:/program files (x86)/gnu arm embedded toolchain/10 2021.10/bin/../lib/gcc/arm-none-eabi/10.3.1/../../../../arm-none-eabi/lib/thumb/v7e-m+fp/hard\libc_nano.a(lib_a-init.o)
 .ARM.attributes
                0x00000997       0x34 c:/program files (x86)/gnu arm embedded toolchain/10 2021.10/bin/../lib/gcc/arm-none-eabi/10.3.1/../../../../arm-none-eabi/lib/thumb/v7e-m+fp/hard\libc_nano.a(lib_a-lock.o)
 .ARM.attributes
                0x000009cb       0x34 c:/program files (x86)/gnu arm embedded toolchain/10 2021.10/bin/../lib/gcc/arm-none-eabi/10.3.1/../../../../arm-none-eabi/lib/thumb/v7e-m+fp/hard\libc_nano.a(lib_a-malloc.o)
 .ARM.attributes
                0x000009ff       0x34 c:/program files (x86)/gnu arm embedded toolchain/10 2021.10/bin/../lib/gcc/arm-none-eabi/10.3.1/../../../../arm-none-eabi/lib/thumb/v7e-m+fp/hard\libc_nano.a(lib_a-memcpy-stub.o)
 .ARM.attributes
                0x00000a33       0x34 c:/program files (x86)/gnu arm embedded toolchain/10 2021.10/bin/../lib/gcc/arm-none-eabi/10.3.1/../../../../arm-none-eabi/lib/thumb/v7e-m+fp/hard\libc_nano.a(lib_a-memmove.o)
 .ARM.attributes
                0x00000a67       0x34 c:/program files (x86)/gnu arm embedded toolchain/10 2021.10/bin/../lib/gcc/arm-none-eabi/10.3.1/../../../../arm-none-eabi/lib/thumb/v7e-m+fp/hard\libc_nano.a(lib_a-memset.o)
 .ARM.attributes
                0x00000a9b       0x34 c:/program files (x86)/gnu arm embedded toolchain/10 2021.10/bin/../lib/gcc/arm-none-eabi/10.3.1/../../../../arm-none-eabi/lib/thumb/v7e-m+fp/hard\libc_nano.a(lib_a-nano-callocr.o)
 .ARM.attributes
                0x00000acf       0x34 c:/program files (x86)/gnu arm embedded toolchain/10 2021.10/bin/../lib/gcc/arm-none-eabi/10.3.1/../../../../arm-none-eabi/lib/thumb/v7e-m+fp/hard\libc_nano.a(lib_a-nano-freer.o)
 .ARM.attributes
                0x00000b03       0x34 c:/program files (x86)/gnu arm embedded toolchain/10 2021.10/bin/../lib/gcc/arm-none-eabi/10.3.1/../../../../arm-none-eabi/lib/thumb/v7e-m+fp/hard\libc_nano.a(lib_a-nano-mallocr.o)
 .ARM.attributes
                0x00000b37       0x34 c:/program files (x86)/gnu arm embedded toolchain/10 2021.10/bin/../lib/gcc/arm-none-eabi/10.3.1/../../../../arm-none-eabi/lib/thumb/v7e-m+fp/hard\libc_nano.a(lib_a-printf.o)
 .ARM.attributes
                0x00000b6b       0x34 c:/program files (x86)/gnu arm embedded toolchain/10 2021.10/bin/../lib/gcc/arm-none-eabi/10.3.1/../../../../arm-none-eabi/lib/thumb/v7e-m+fp/hard\libc_nano.a(lib_a-puts.o)
 .ARM.attributes
                0x00000b9f       0x34 c:/program files (x86)/gnu arm embedded toolchain/10 2021.10/bin/../lib/gcc/arm-none-eabi/10.3.1/../../../../arm-none-eabi/lib/thumb/v7e-m+fp/hard\libc_nano.a(lib_a-sbrkr.o)
 .ARM.attributes
                0x00000bd3       0x34 c:/program files (x86)/gnu arm embedded toolchain/10 2021.10/bin/../lib/gcc/arm-none-eabi/10.3.1/../../../../arm-none-eabi/lib/thumb/v7e-m+fp/hard\libc_nano.a(lib_a-stdio.o)
 .ARM.attributes
                0x00000c07       0x17 c:/program files (x86)/gnu arm embedded toolchain/10 2021.10/bin/../lib/gcc/arm-none-eabi/10.3.1/../../../../arm-none-eabi/lib/thumb/v7e-m+fp/hard\libc_nano.a(lib_a-strlen.o)
 .ARM.attributes
                0x00000c1e       0x34 c:/program files (x86)/gnu arm embedded toolchain/10 2021.10/bin/../lib/gcc/arm-none-eabi/10.3.1/../../../../arm-none-eabi/lib/thumb/v7e-m+fp/hard\libc_nano.a(lib_a-wbuf.o)
 .ARM.attributes
                0x00000c52       0x34 c:/program files (x86)/gnu arm embedded toolchain/10 2021.10/bin/../lib/gcc/arm-none-eabi/10.3.1/../../../../arm-none-eabi/lib/thumb/v7e-m+fp/hard\libc_nano.a(lib_a-writer.o)
 .ARM.attributes
                0x00000c86       0x34 c:/program files (x86)/gnu arm embedded toolchain/10 2021.10/bin/../lib/gcc/arm-none-eabi/10.3.1/../../../../arm-none-eabi/lib/thumb/v7e-m+fp/hard\libc_nano.a(lib_a-wsetup.o)
 .ARM.attributes
                0x00000cba       0x34 c:/program files (x86)/gnu arm embedded toolchain/10 2021.10/bin/../lib/gcc/arm-none-eabi/10.3.1/../../../../arm-none-eabi/lib/thumb/v7e-m+fp/hard\libc_nano.a(lib_a-closer.o)
 .ARM.attributes
                0x00000cee       0x34 c:/program files (x86)/gnu arm embedded toolchain/10 2021.10/bin/../lib/gcc/arm-none-eabi/10.3.1/../../../../arm-none-eabi/lib/thumb/v7e-m+fp/hard\libc_nano.a(lib_a-lseekr.o)
 .ARM.attributes
                0x00000d22       0x34 c:/program files (x86)/gnu arm embedded toolchain/10 2021.10/bin/../lib/gcc/arm-none-eabi/10.3.1/../../../../arm-none-eabi/lib/thumb/v7e-m+fp/hard\libc_nano.a(lib_a-makebuf.o)
 .ARM.attributes
                0x00000d56       0x34 c:/program files (x86)/gnu arm embedded toolchain/10 2021.10/bin/../lib/gcc/arm-none-eabi/10.3.1/../../../../arm-none-eabi/lib/thumb/v7e-m+fp/hard\libc_nano.a(lib_a-mlock.o)
 .ARM.attributes
                0x00000d8a       0x34 c:/program files (x86)/gnu arm embedded toolchain/10 2021.10/bin/../lib/gcc/arm-none-eabi/10.3.1/../../../../arm-none-eabi/lib/thumb/v7e-m+fp/hard\libc_nano.a(lib_a-nano-vfprintf.o)
 .ARM.attributes
                0x00000dbe       0x34 c:/program files (x86)/gnu arm embedded toolchain/10 2021.10/bin/../lib/gcc/arm-none-eabi/10.3.1/../../../../arm-none-eabi/lib/thumb/v7e-m+fp/hard\libc_nano.a(lib_a-nano-vfprintf_i.o)
 .ARM.attributes
                0x00000df2       0x34 c:/program files (x86)/gnu arm embedded toolchain/10 2021.10/bin/../lib/gcc/arm-none-eabi/10.3.1/../../../../arm-none-eabi/lib/thumb/v7e-m+fp/hard\libc_nano.a(lib_a-readr.o)
 .ARM.attributes
                0x00000e26       0x34 c:/program files (x86)/gnu arm embedded toolchain/10 2021.10/bin/../lib/gcc/arm-none-eabi/10.3.1/../../../../arm-none-eabi/lib/thumb/v7e-m+fp/hard\libc_nano.a(lib_a-reent.o)
 .ARM.attributes
                0x00000e5a       0x34 c:/program files (x86)/gnu arm embedded toolchain/10 2021.10/bin/../lib/gcc/arm-none-eabi/10.3.1/../../../../arm-none-eabi/lib/thumb/v7e-m+fp/hard\libc_nano.a(lib_a-fstatr.o)
 .ARM.attributes
                0x00000e8e       0x34 c:/program files (x86)/gnu arm embedded toolchain/10 2021.10/bin/../lib/gcc/arm-none-eabi/10.3.1/../../../../arm-none-eabi/lib/thumb/v7e-m+fp/hard\libc_nano.a(lib_a-isattyr.o)
 .ARM.attributes
                0x00000ec2       0x1c c:/program files (x86)/gnu arm embedded toolchain/10 2021.10/bin/../lib/gcc/arm-none-eabi/10.3.1/../../../../arm-none-eabi/lib/thumb/v7e-m+fp/hard\libc_nano.a(lib_a-memchr.o)
 .ARM.attributes
                0x00000ede       0x34 c:/program files (x86)/gnu arm embedded toolchain/10 2021.10/bin/../lib/gcc/arm-none-eabi/10.3.1/../../../../arm-none-eabi/lib/thumb/v7e-m+fp/hard\libnosys.a(close.o)
 .ARM.attributes
                0x00000f12       0x34 c:/program files (x86)/gnu arm embedded toolchain/10 2021.10/bin/../lib/gcc/arm-none-eabi/10.3.1/../../../../arm-none-eabi/lib/thumb/v7e-m+fp/hard\libnosys.a(fstat.o)
 .ARM.attributes
                0x00000f46       0x34 c:/program files (x86)/gnu arm embedded toolchain/10 2021.10/bin/../lib/gcc/arm-none-eabi/10.3.1/../../../../arm-none-eabi/lib/thumb/v7e-m+fp/hard\libnosys.a(isatty.o)
 .ARM.attributes
                0x00000f7a       0x34 c:/program files (x86)/gnu arm embedded toolchain/10 2021.10/bin/../lib/gcc/arm-none-eabi/10.3.1/../../../../arm-none-eabi/lib/thumb/v7e-m+fp/hard\libnosys.a(lseek.o)
 .ARM.attributes
                0x00000fae       0x34 c:/program files (x86)/gnu arm embedded toolchain/10 2021.10/bin/../lib/gcc/arm-none-eabi/10.3.1/../../../../arm-none-eabi/lib/thumb/v7e-m+fp/hard\libnosys.a(read.o)
 .ARM.attributes
                0x00000fe2       0x34 c:/program files (x86)/gnu arm embedded toolchain/10 2021.10/bin/../lib/gcc/arm-none-eabi/10.3.1/../../../../arm-none-eabi/lib/thumb/v7e-m+fp/hard\libnosys.a(sbrk.o)
 .ARM.attributes
                0x00001016       0x34 c:/program files (x86)/gnu arm embedded toolchain/10 2021.10/bin/../lib/gcc/arm-none-eabi/10.3.1/../../../../arm-none-eabi/lib/thumb/v7e-m+fp/hard\libnosys.a(write.o)
 .ARM.attributes
                0x0000104a       0x1e c:/program files (x86)/gnu arm embedded toolchain/10 2021.10/bin/../lib/gcc/arm-none-eabi/10.3.1/thumb/v7e-m+fp/hard/crtn.o
OUTPUT(build/cityscope_proximity_controller.elf elf32-littlearm)
LOAD linker stubs
LOAD c:/program files (x86)/gnu arm embedded toolchain/10 2021.10/bin/../lib/gcc/arm-none-eabi/10.3.1/../../../../arm-none-eabi/lib/thumb/v7e-m+fp/hard\libc.a
LOAD c:/program files (x86)/gnu arm embedded toolchain/10 2021.10/bin/../lib/gcc/arm-none-eabi/10.3.1/../../../../arm-none-eabi/lib/thumb/v7e-m+fp/hard\libm.a
LOAD c:/program files (x86)/gnu arm embedded toolchain/10 2021.10/bin/../lib/gcc/arm-none-eabi/10.3.1/thumb/v7e-m+fp/hard\libgcc.a

.debug_info     0x00000000    0x3927e
 .debug_info    0x00000000     0x2985 build/main.o
 .debug_info    0x00002985      0x394 build/gpio.o
 .debug_info    0x00002d19     0x2d29 build/freertos.o
 .debug_info    0x00005a42      0xbed build/can.o
 .debug_info    0x0000662f      0x694 build/flashROM.o
 .debug_info    0x00006cc3     0x12ea build/tim.o
 .debug_info    0x00007fad      0xf98 build/stm32f3xx_it.o
 .debug_info    0x00008f45      0x341 build/stm32f3xx_hal_msp.o
 .debug_info    0x00009286      0xe93 build/stm32f3xx_hal_timebase_tim.o
 .debug_info    0x0000a119     0x15d2 build/stm32f3xx_hal_can.o
 .debug_info    0x0000b6eb      0x8a8 build/stm32f3xx_hal.o
 .debug_info    0x0000bf93     0x16db build/stm32f3xx_hal_rcc.o
 .debug_info    0x0000d66e      0x824 build/stm32f3xx_hal_gpio.o
 .debug_info    0x0000de92      0xe2e build/stm32f3xx_hal_cortex.o
 .debug_info    0x0000ecc0      0x6f4 build/stm32f3xx_hal_flash.o
 .debug_info    0x0000f3b4     0x453a build/stm32f3xx_hal_tim.o
 .debug_info    0x000138ee     0x1f0f build/stm32f3xx_hal_tim_ex.o
 .debug_info    0x000157fd      0x47d build/system_stm32f3xx.o
 .debug_info    0x00015c7a      0x309 build/list.o
 .debug_info    0x00015f83     0x286e build/queue.o
 .debug_info    0x000187f1     0x31b8 build/tasks.o
 .debug_info    0x0001b9a9     0x1a78 build/timers.o
 .debug_info    0x0001d421     0x4d85 build/cmsis_os2.o
 .debug_info    0x000221a6      0x49b build/heap_4.o
 .debug_info    0x00022641      0x5c8 build/port.o
 .debug_info    0x00022c09      0xce8 build/CO_ODinterface.o
 .debug_info    0x000238f1     0x122f build/CO_NMT_Heartbeat.o
 .debug_info    0x00024b20     0x1410 build/CO_HBconsumer.o
 .debug_info    0x00025f30     0x15ec build/CO_Emergency.o
 .debug_info    0x0002751c     0x1fcf build/CO_SDOserver.o
 .debug_info    0x000294eb      0xc2e build/CO_TIME.o
 .debug_info    0x0002a119     0x1566 build/CO_SYNC.o
 .debug_info    0x0002b67f     0x2ceb build/CO_PDO.o
 .debug_info    0x0002e36a      0x437 build/CO_LEDs.o
 .debug_info    0x0002e7a1      0xda6 build/CO_LSSslave.o
 .debug_info    0x0002f547     0x29c2 build/CANopen.o
 .debug_info    0x00031f09     0x3762 build/CO_app_STM32.o
 .debug_info    0x0003566b     0x3131 build/CO_driver_STM32.o
 .debug_info    0x0003879c      0xac0 build/OD.o
 .debug_info    0x0003925c       0x22 build/startup_stm32f303x8.o

.debug_abbrev   0x00000000     0x6c85
 .debug_abbrev  0x00000000      0x325 build/main.o
 .debug_abbrev  0x00000325      0x151 build/gpio.o
 .debug_abbrev  0x00000476      0x312 build/freertos.o
 .debug_abbrev  0x00000788      0x1e8 build/can.o
 .debug_abbrev  0x00000970      0x221 build/flashROM.o
 .debug_abbrev  0x00000b91      0x246 build/tim.o
 .debug_abbrev  0x00000dd7      0x1ad build/stm32f3xx_it.o
 .debug_abbrev  0x00000f84      0x10a build/stm32f3xx_hal_msp.o
 .debug_abbrev  0x0000108e      0x22f build/stm32f3xx_hal_timebase_tim.o
 .debug_abbrev  0x000012bd      0x280 build/stm32f3xx_hal_can.o
 .debug_abbrev  0x0000153d      0x20a build/stm32f3xx_hal.o
 .debug_abbrev  0x00001747      0x321 build/stm32f3xx_hal_rcc.o
 .debug_abbrev  0x00001a68      0x222 build/stm32f3xx_hal_gpio.o
 .debug_abbrev  0x00001c8a      0x359 build/stm32f3xx_hal_cortex.o
 .debug_abbrev  0x00001fe3      0x26b build/stm32f3xx_hal_flash.o
 .debug_abbrev  0x0000224e      0x2c8 build/stm32f3xx_hal_tim.o
 .debug_abbrev  0x00002516      0x2b9 build/stm32f3xx_hal_tim_ex.o
 .debug_abbrev  0x000027cf      0x11b build/system_stm32f3xx.o
 .debug_abbrev  0x000028ea      0x124 build/list.o
 .debug_abbrev  0x00002a0e      0x3e7 build/queue.o
 .debug_abbrev  0x00002df5      0x387 build/tasks.o
 .debug_abbrev  0x0000317c      0x35d build/timers.o
 .debug_abbrev  0x000034d9      0x459 build/cmsis_os2.o
 .debug_abbrev  0x00003932      0x255 build/heap_4.o
 .debug_abbrev  0x00003b87      0x28a build/port.o
 .debug_abbrev  0x00003e11      0x2c6 build/CO_ODinterface.o
 .debug_abbrev  0x000040d7      0x31d build/CO_NMT_Heartbeat.o
 .debug_abbrev  0x000043f4      0x358 build/CO_HBconsumer.o
 .debug_abbrev  0x0000474c      0x3a8 build/CO_Emergency.o
 .debug_abbrev  0x00004af4      0x3e7 build/CO_SDOserver.o
 .debug_abbrev  0x00004edb      0x2dd build/CO_TIME.o